Window	Seq	theory_m/z	theory_m/z	Peak	ion	deletions	Score
5	UCUCUGGUUAGACCA	1891.2165	314.1949	314.1948	d6_6-	ladder
2	GUCUCUCUGGUUAGA	1891.2165	314.1949	314.1948	d6_6-	ladder
15	GACCAGAUCUGAGCC	2836.4458	256.8509	256.8508	b9_11-	ladder
18	CAGAUCUGAGCCUGG	3549.4743	442.6765	442.6764	c11_8-	ladder
14	AGACCAGAUCUGAGC	3533.4794	270.7983	270.798	c11_13-	ladder
16	ACCAGAUCUGAGCCU	3533.4794	270.7983	270.798	c11_13-	ladder
17	CCAGAUCUGAGCCUG	3549.4743	442.6765	442.6764	c11_8-	ladder
13	UAGACCAGAUCUGAG	3533.4794	270.7983	270.798	c11_13-	ladder
15	GACCAGAUCUGAGCC	3549.4743	442.6765	442.6764	c11_8-	ladder
18	CAGAUCUGAGCCUGG	4098.5851	272.2312	272.2313	b13_15-	ladder
9	UGGUUAGACCAGAUC	4468.6278	342.7328	342.7331	b14_13-	ladder
18	CAGAUCUGAGCCUGG	4563.6059	303.2326	303.2328	w14_15-	ladder
8	CUGGUUAGACCAGAU	4468.6287	342.7329	342.7331	y14_13-	ladder
16	ACCAGAUCUGAGCCU	4098.5859	272.2313	272.2313	y13_15-	ladder
10	GGUUAGACCAGAUCU	3533.4801	270.7984	270.798	x11_13-	ladder
11	GUUAGACCAGAUCUG	3549.475	442.6766	442.6764	x11_8-	ladder
9	UGGUUAGACCAGAUC	3533.4801	270.7984	270.798	x11_13-	ladder
14	AGACCAGAUCUGAGC	3549.475	442.6766	442.6764	x11_8-	ladder
15	GACCAGAUCUGAGCC	3549.475	442.6766	442.6764	x11_8-	ladder
13	UAGACCAGAUCUGAG	3549.475	442.6766	442.6764	x11_8-	ladder
9	UGGUUAGACCAGAUC	2836.4463	256.851	256.8508	y9_11-	ladder
12	UUAGACCAGAUCUGA	3533.4801	270.7984	270.798	x11_13-	ladder
60	CUGCUUAAGCCUCAA	1891.2165	314.1949	314.1948	d6_6-	ladder
48	CUAGGGAACCCACUG	2322.3245	330.7528	330.7534	d7_7-	ladder
69	CCUCAAAAAAGCUUG	1550.2017	154.0124	154.0121	c5_10-	ladder
30	UGGGAGCUCUCUGGC	2338.3194	388.7121	388.7119	d7_6-	ladder
57	CCACUGCUUAAGCCU	1550.2017	154.0124	154.0121	c5_10-	ladder
60	CUGCUUAAGCCUCAA	2990.3901	270.8458	270.8454	a-B10_11-	ladder
51	GGGAACCCACUGCUU	2303.3299	286.9084	286.9081	c7_8-	ladder
39	UCUGGCUAACUAGGG	2990.3901	270.8458	270.8454	a-B10_11-	ladder
48	CUAGGGAACCCACUG	3662.522	243.1603	243.1602	a-B12_15-	ladder
30	UGGGAGCUCUCUGGC	3255.4113	294.9387	294.9387	d10_11-	ladder
21	AUCUGAGCCUGGGAG	4563.605	303.2325	303.2328	d14_15-	ladder
39	UCUGGCUAACUAGGG	4563.6059	303.2326	303.2328	w14_15-	ladder
69	CCUCAAAAAAGCUUG	4377.6372	290.8347	290.835	a14_15-	ladder
60	CUGCUUAAGCCUCAA	3737.5435	372.7466	372.7459	y12_10-	ladder
60	CUGCUUAAGCCUCAA	3719.5329	337.1316	337.1311	z12_11-	ladder
21	AUCUGAGCCUGGGAG	3299.4507	298.9423	298.9427	x10_11-	ladder
63	CUUAAGCCUCAAAAA	3719.5322	337.1315	337.1311	a12_11-	ladder
51	GGGAACCCACUGCUU	3662.522	243.1603	243.1602	a-B12_15-	ladder
63	CUUAAGCCUCAAAAA	3737.5428	372.7465	372.7459	b12_10-	ladder
39	UCUGGCUAACUAGGG	2322.3249	330.7529	330.7534	w7_7-	ladder
21	AUCUGAGCCUGGGAG	2338.3198	388.7122	388.7119	w7_6-	ladder
63	CUUAAGCCUCAAAAA	4377.6372	290.8347	290.835	a14_15-	ladder
72	CAAAAAAGCUUGCCU	1891.2168	314.195	314.1948	w6_6-	ladder
51	GGGAACCCACUGCUU	1891.2168	314.195	314.1948	w6_6-	ladder
47	ACUAGGGAACCCACU	2322.3245	330.7528	330.7534	d7_7-	ladder
29	CUGGGAGCUCUCUGG	2338.3194	388.7121	388.7119	d7_6-	ladder
41	UGGCUAACUAGGGAA	2990.3901	270.8458	270.8454	a-B10_11-	ladder
20	GAUCUGAGCCUGGGA	4563.6059	303.2326	303.2328	w14_15-	ladder
29	CUGGGAGCUCUCUGG	4152.5713	275.8303	275.8299	z13_15-	ladder
68	GCCUCAAAAAAGCUU	4377.6381	290.8347	290.835	z14_15-	ladder
68	GCCUCAAAAAAGCUU	4152.5631	275.8297	275.8299	x13_15-	ladder
71	UCAAAAAAGCUUGCC	3533.4801	270.7984	270.798	x11_13-	ladder
26	AGCCUGGGAGCUCUC	3299.4501	298.9422	298.9427	c10_11-	ladder
20	GAUCUGAGCCUGGGA	3299.4507	298.9423	298.9427	x10_11-	ladder
23	CUGAGCCUGGGAGCU	2338.3198	388.7122	388.7119	w7_6-	ladder
47	ACUAGGGAACCCACU	1550.2019	154.0124	154.0121	x5_10-	ladder
62	GCUUAAGCCUCAAAA	4393.6322	312.8231	312.8225	a14_14-	ladder
59	ACUGCUUAAGCCUCA	1550.2019	154.0124	154.0121	x5_10-	ladder
62	GCUUAAGCCUCAAAA	4377.6381	290.8347	290.835	z14_15-	ladder
62	GCUUAAGCCUCAAAA	4152.5631	275.8297	275.8299	x13_15-	ladder
26	AGCCUGGGAGCUCUC	4170.5359	296.8876	296.8881	w13_14-	ladder
64	UUAAGCCUCAAAAAA	1384.1873	275.8297	275.8299	a-B5_5-	ladder
31	GGGAGCUCUCUGGCU	2338.3194	388.7121	388.7119	d7_6-	ladder
37	UCUCUGGCUAACUAG	1891.2165	314.1949	314.1948	d6_6-	ladder
31	GGGAGCUCUCUGGCU	4152.5705	275.8302	275.8299	a13_15-	ladder
19	AGAUCUGAGCCUGGG	3549.4743	442.6765	442.6764	c11_8-	ladder
64	UUAAGCCUCAAAAAA	4152.5623	275.8297	275.8299	c13_15-	ladder
52	GGAACCCACUGCUUA	3662.522	243.1603	243.1602	a-B12_15-	ladder
28	CCUGGGAGCUCUCUG	4170.5351	296.8876	296.8881	d13_14-	ladder
70	CUCAAAAAAGCUUGC	4152.5623	275.8297	275.8299	c13_15-	ladder
19	AGAUCUGAGCCUGGG	4563.605	303.2325	303.2328	d14_15-	ladder
40	CUGGCUAACUAGGGA	4563.605	303.2325	303.2328	d14_15-	ladder
61	UGCUUAAGCCUCAAA	2990.3901	270.8458	270.8454	a-B10_11-	ladder
25	GAGCCUGGGAGCUCU	3299.4501	298.9422	298.9427	c10_11-	ladder
22	UCUGAGCCUGGGAGC	2338.3198	388.7122	388.7119	w7_6-	ladder
43	GCUAACUAGGGAACC	2303.3303	286.9085	286.9081	x7_8-	ladder
28	CCUGGGAGCUCUCUG	1891.2168	314.195	314.1948	w6_6-	ladder
40	CUGGCUAACUAGGGA	2322.3249	330.7529	330.7534	w7_7-	ladder
25	GAGCCUGGGAGCUCU	3255.4119	294.9387	294.9387	w10_11-	ladder
82	UGCCUUGAGUGCUUC	4704.9461	426.7146	426.7151	M-11H	ladder
108	GCCCGUCUGUUGUGU	1374.203	273.8328	273.833	a-B5_5-	ladder
80	CUUGCCUUGAGUGCU	4704.9461	426.7146	426.7151	M-11H	ladder
92	GCUUCAAGUAGUGUG	2990.3901	270.8458	270.8454	a-B10_11-	ladder
82	UGCCUUGAGUGCUUC	1891.2165	314.1949	314.1948	d6_6-	ladder
100	UAGUGUGUGCCCGUC	2871.3877	219.8682	219.8684	b9_13-	ladder
94	UUCAAGUAGUGUGUG	2573.3327	196.9409	196.9411	d8_13-	ladder
90	GUGCUUCAAGUAGUG	2990.3901	270.8458	270.8454	a-B10_11-	ladder
98	AGUAGUGUGUGCCCG	4137.5596	688.5855	688.5843	a13_6-	ladder
84	CCUUGAGUGCUUCAA	4467.5511	296.8289	296.8286	x14_15-	ladder
94	UUCAAGUAGUGUGUG	4202.5151	279.1599	279.1601	c13_15-	ladder
88	GAGUGCUUCAAGUAG	4468.6278	342.7328	342.7331	b14_13-	ladder
96	CAAGUAGUGUGUGCC	4137.5604	688.5856	688.5843	z13_6-	ladder
92	GCUUCAAGUAGUGUG	4202.5159	279.1599	279.1601	x13_15-	ladder
88	GAGUGCUUCAAGUAG	4468.6287	342.7329	342.7331	y14_13-	ladder
96	CAAGUAGUGUGUGCC	3255.4119	294.9387	294.9387	w10_11-	ladder
96	CAAGUAGUGUGUGCC	2581.3118	429.2108	429.2112	w8_6-	ladder
94	UUCAAGUAGUGUGUG	2871.3882	219.8682	219.8684	y9_13-	ladder
78	AGCUUGCCUUGAGUG	4483.5451	447.3467	447.3459	c14_10-	ladder
82	UGCCUUGAGUGCUUC	1891.2168	314.195	314.1948	w6_6-	ladder
78	AGCUUGCCUUGAGUG	3255.4119	294.9387	294.9387	w10_11-	ladder
91	UGCUUCAAGUAGUGU	1891.2165	314.1949	314.1948	d6_6-	ladder
83	GCCUUGAGUGCUUCA	3255.4113	294.9387	294.9387	d10_11-	ladder
75	AAAAGCUUGCCUUGA	3533.4794	270.7983	270.798	c11_13-	ladder
99	GUAGUGUGUGCCCGU	2871.3877	219.8682	219.8684	b9_13-	ladder
81	UUGCCUUGAGUGCUU	1891.2165	314.1949	314.1948	d6_6-	ladder
91	UGCUUCAAGUAGUGU	2990.3901	270.8458	270.8454	a-B10_11-	ladder
89	AGUGCUUCAAGUAGU	2990.3901	270.8458	270.8454	a-B10_11-	ladder
95	UCAAGUAGUGUGUGC	4202.5151	279.1599	279.1601	c13_15-	ladder
85	CUUGAGUGCUUCAAG	4467.5502	296.8289	296.8286	c14_15-	ladder
89	AGUGCUUCAAGUAGU	4468.6278	342.7328	342.7331	b14_13-	ladder
101	AGUGUGUGCCCGUCU	3255.4113	294.9387	294.9387	d10_11-	ladder
87	UGAGUGCUUCAAGUA	4468.6287	342.7329	342.7331	y14_13-	ladder
93	CUUCAAGUAGUGUGU	4202.5159	279.1599	279.1601	x13_15-	ladder
73	AAAAAAGCUUGCCUU	1891.2168	314.195	314.1948	w6_6-	ladder
103	UGUGUGCCCGUCUGU	2581.3113	429.2108	429.2112	d8_6-	ladder
103	UGUGUGCCCGUCUGU	2677.3325	534.4587	534.4584	a-B9_5-	ladder
93	CUUCAAGUAGUGUGU	2871.3882	219.8682	219.8684	y9_13-	ladder
87	UGAGUGCUUCAAGUA	2573.3332	196.9409	196.9411	w8_13-	ladder
109	CCCGUCUGUUGUGUG	1374.203	273.8328	273.833	a-B5_5-	ladder
116	GUUGUGUGACUCUGG	2871.3877	219.8682	219.8684	b9_13-	ladder
110	CCGUCUGUUGUGUGA	4396.5465	337.1881	337.1878	a14_13-	ladder
121	GUGACUCUGGAAAAA	3255.4113	294.9387	294.9387	d10_11-	ladder
119	GUGUGACUCUGGAAA	4137.5596	688.5855	688.5843	a13_6-	ladder
109	CCCGUCUGUUGUGUG	4396.5474	337.1882	337.1878	z14_13-	ladder
110	CCGUCUGUUGUGUGA	2871.3882	219.8682	219.8684	y9_13-	ladder
117	UUGUGUGACUCUGGA	4137.5604	688.5856	688.5843	z13_6-	ladder
119	GUGUGACUCUGGAAA	4468.6287	342.7329	342.7331	y14_13-	ladder
116	GUUGUGUGACUCUGG	3255.4119	294.9387	294.9387	w10_11-	ladder
120	UGUGACUCUGGAAAA	4468.6278	342.7328	342.7331	b14_13-	ladder
126	UCUGGAAAAAAAAAA	4177.6511	416.7573	416.7574	b13_10-	ladder
124	ACUCUGGAAAAAAAA	4177.6519	416.7574	416.7574	y13_10-	ladder
124	ACUCUGGAAAAAAAA	3933.5823	490.69	490.6896	x12_8-	ladder
125	CUCUGGAAAAAAAAA	3957.5936	281.6775	281.6774	x12_14-	ladder
124	ACUCUGGAAAAAAAA	3548.5746	393.2783	393.2779	z11_9-	ladder
