Window	Seq	theory_m/z	theory_m/z	Peak	ion	deletions	Score
5	UCUCUGGUU	1891.2165	314.1949	314.1948	d6_6-	ladder
2	GUCUCUCUG	1891.2165	314.1949	314.1948	d6_6-	ladder
2	GUCUCUCUG	1891.2168	314.195	314.1948	w6_6-	ladder
30	UGGGAGCUC	2338.3194	388.7121	388.7119	d7_6-	ladder
57	CCACUGCUU	1891.2168	314.195	314.1948	w6_6-	ladder
27	GCCUGGGAG	2338.3198	388.7122	388.7119	w7_6-	ladder
60	CUGCUUAAG	1891.2165	314.1949	314.1948	d6_6-	ladder
48	CUAGGGAAC	2322.3245	330.7528	330.7534	d7_7-	ladder
29	CUGGGAGCU	2338.3194	388.7121	388.7119	d7_6-	ladder
29	CUGGGAGCU	2338.3198	388.7122	388.7119	w7_6-	ladder
51	GGGAACCCA	2303.3299	286.9084	286.9081	c7_8-	ladder
47	ACUAGGGAA	2322.3245	330.7528	330.7534	d7_7-	ladder
37	UCUCUGGCU	1891.2165	314.1949	314.1948	d6_6-	ladder
45	UAACUAGGG	2322.3249	330.7529	330.7534	w7_7-	ladder
28	CCUGGGAGC	2338.3198	388.7122	388.7119	w7_6-	ladder
31	GGGAGCUCU	2338.3194	388.7121	388.7119	d7_6-	ladder
64	UUAAGCCUC	1384.1873	275.8297	275.8299	a-B5_5-	ladder
34	AGCUCUCUG	1891.2168	314.195	314.1948	w6_6-	ladder
46	AACUAGGGA	2322.3249	330.7529	330.7534	w7_7-	ladder
82	UGCCUUGAG	1891.2165	314.1949	314.1948	d6_6-	ladder
49	UAGGGAACC	2303.3303	286.9085	286.9081	x7_8-	ladder
102	GUGUGUGCC	2581.3118	429.2108	429.2112	w8_6-	ladder
88	GAGUGCUUC	1891.2168	314.195	314.1948	w6_6-	ladder
81	UUGCCUUGA	1891.2165	314.1949	314.1948	d6_6-	ladder
108	GCCCGUCUG	1374.203	273.8328	273.833	a-B5_5-	ladder
91	UGCUUCAAG	1891.2165	314.1949	314.1948	d6_6-	ladder
79	GCUUGCCUU	1891.2168	314.195	314.1948	w6_6-	ladder
103	UGUGUGCCC	2581.3113	429.2108	429.2112	d8_6-	ladder
109	CCCGUCUGU	1374.203	273.8328	273.833	a-B5_5-	ladder
78	AGCUUGCCU	1891.2168	314.195	314.1948	w6_6-	ladder
