Window	Seq	theory_m/z	theory_m/z	Peak	ion	deletions	Score
2	GUCUCUCUGG	1891.2165	314.1949	314.1948	d6_6-	ladder
5	UCUCUGGUUA	1891.2165	314.1949	314.1948	d6_6-	ladder
1	GGUCUCUCUG	1891.2168	314.195	314.1948	w6_6-	ladder
57	CCACUGCUUA	1550.2017	154.0124	154.0121	c5_10-	ladder
48	CUAGGGAACC	2322.3245	330.7528	330.7534	d7_7-	ladder
69	CCUCAAAAAA	1550.2017	154.0124	154.0121	c5_10-	ladder
60	CUGCUUAAGC	1891.2165	314.1949	314.1948	d6_6-	ladder
30	UGGGAGCUCU	2338.3194	388.7121	388.7119	d7_6-	ladder
48	CUAGGGAACC	2303.3303	286.9085	286.9081	x7_8-	ladder
27	GCCUGGGAGC	2338.3198	388.7122	388.7119	w7_6-	ladder
33	GAGCUCUCUG	1891.2168	314.195	314.1948	w6_6-	ladder
45	UAACUAGGGA	2322.3249	330.7529	330.7534	w7_7-	ladder
51	GGGAACCCAC	2303.3299	286.9084	286.9081	c7_8-	ladder
47	ACUAGGGAAC	2322.3245	330.7528	330.7534	d7_7-	ladder
29	CUGGGAGCUC	2338.3194	388.7121	388.7119	d7_6-	ladder
56	CCCACUGCUU	1891.2168	314.195	314.1948	w6_6-	ladder
26	AGCCUGGGAG	2338.3198	388.7122	388.7119	w7_6-	ladder
44	CUAACUAGGG	2322.3249	330.7529	330.7534	w7_7-	ladder
37	UCUCUGGCUA	1891.2165	314.1949	314.1948	d6_6-	ladder
64	UUAAGCCUCA	1384.1873	275.8297	275.8299	a-B5_5-	ladder
31	GGGAGCUCUC	2338.3194	388.7121	388.7119	d7_6-	ladder
28	CCUGGGAGCU	2338.3198	388.7122	388.7119	w7_6-	ladder
64	UUAAGCCUCA	1550.2019	154.0124	154.0121	x5_10-	ladder
102	GUGUGUGCCC	3152.0206	314.1943	314.1948	M-10H	ladder
52	GGAACCCACU	1550.2019	154.0124	154.0121	x5_10-	ladder
78	AGCUUGCCUU	1891.2168	314.195	314.1948	w6_6-	ladder
82	UGCCUUGAGU	1891.2165	314.1949	314.1948	d6_6-	ladder
108	GCCCGUCUGU	1374.203	273.8328	273.833	a-B5_5-	ladder
104	GUGUGCCCGU	3152.0206	314.1943	314.1948	M-10H	ladder
77	AAGCUUGCCU	1891.2168	314.195	314.1948	w6_6-	ladder
87	UGAGUGCUUC	1891.2168	314.195	314.1948	w6_6-	ladder
81	UUGCCUUGAG	1891.2165	314.1949	314.1948	d6_6-	ladder
101	AGUGUGUGCC	2581.3118	429.2108	429.2112	w8_6-	ladder
91	UGCUUCAAGU	1891.2165	314.1949	314.1948	d6_6-	ladder
103	UGUGUGCCCG	3152.0206	314.1943	314.1948	M-10H	ladder
109	CCCGUCUGUU	1374.203	273.8328	273.833	a-B5_5-	ladder
103	UGUGUGCCCG	2581.3113	429.2108	429.2112	d8_6-	ladder
103	UGUGUGCCCG	2677.3325	534.4587	534.4584	a-B9_5-	ladder
