Window	Seq	theory_m/z	theory_m/z	Peak	ion	deletions	Score
1	GGUCUCUCUGGUUAGACCAGAUCUGAGCCUGGGAGCUCUCUGGCUAACUAGGGAACCCACUGCUUAAGCCUCAAAAAAGCUUGCCUUGAGUGCUUCAAGUAGUGUGUGCCCGUCUGUUGUGUGACUCUGGAAAAAAAAAAA	5377.7034	447.1341	447.134	b17_12-	ladder
1	GGUCUCUCUGGUUAGACCAGAUCUGAGCCUGGGAGCUCUCUGGCUAACUAGGGAACCCACUGCUUAAGCCUCAAAAAAGCUUGCCUUGAGUGCUUCAAGUAGUGUGUGCCCGUCUGUUGUGUGACUCUGGAAAAAAAAAAA	11920.5088	176.9102	176.9101	c37_67-	ladder
1	GGUCUCUCUGGUUAGACCAGAUCUGAGCCUGGGAGCUCUCUGGCUAACUAGGGAACCCACUGCUUAAGCCUCAAAAAAGCUUGCCUUGAGUGCUUCAAGUAGUGUGUGCCCGUCUGUUGUGUGACUCUGGAAAAAAAAAAA	12950.6483	214.8363	214.8364	a-B41_60-	ladder
1	GGUCUCUCUGGUUAGACCAGAUCUGAGCCUGGGAGCUCUCUGGCUAACUAGGGAACCCACUGCUUAAGCCUCAAAAAAGCUUGCCUUGAGUGCUUCAAGUAGUGUGUGCCCGUCUGUUGUGUGACUCUGGAAAAAAAAAAA	13487.6894	292.2028	292.2034	c42_46-	ladder
1	GGUCUCUCUGGUUAGACCAGAUCUGAGCCUGGGAGCUCUCUGGCUAACUAGGGAACCCACUGCUUAAGCCUCAAAAAAGCUUGCCUUGAGUGCUUCAAGUAGUGUGUGCCCGUCUGUUGUGUGACUCUGGAAAAAAAAAAA	13487.6894	344.8304	344.8298	c42_39-	ladder
1	GGUCUCUCUGGUUAGACCAGAUCUGAGCCUGGGAGCUCUCUGGCUAACUAGGGAACCCACUGCUUAAGCCUCAAAAAAGCUUGCCUUGAGUGCUUCAAGUAGUGUGUGCCCGUCUGUUGUGUGACUCUGGAAAAAAAAAAA	13752.7705	228.205	228.2049	a43_60-	ladder
1	GGUCUCUCUGGUUAGACCAGAUCUGAGCCUGGGAGCUCUCUGGCUAACUAGGGAACCCACUGCUUAAGCCUCAAAAAAGCUUGCCUUGAGUGCUUCAAGUAGUGUGUGCCCGUCUGUUGUGUGACUCUGGAAAAAAAAAAA	13850.7474	281.6605	281.66	d43_49-	ladder
1	GGUCUCUCUGGUUAGACCAGAUCUGAGCCUGGGAGCUCUCUGGCUAACUAGGGAACCCACUGCUUAAGCCUCAAAAAAGCUUGCCUUGAGUGCUUCAAGUAGUGUGUGCCCGUCUGUUGUGUGACUCUGGAAAAAAAAAAA	14057.8118	188.9626	188.9629	a44_74-	ladder
1	GGUCUCUCUGGUUAGACCAGAUCUGAGCCUGGGAGCUCUCUGGCUAACUAGGGAACCCACUGCUUAAGCCUCAAAAAAGCUUGCCUUGAGUGCUUCAAGUAGUGUGUGCCCGUCUGUUGUGUGACUCUGGAAAAAAAAAAA	14461.8139	266.8036	266.8039	d45_54-	ladder
1	GGUCUCUCUGGUUAGACCAGAUCUGAGCCUGGGAGCUCUCUGGCUAACUAGGGAACCCACUGCUUAAGCCUCAAAAAAGCUUGCCUUGAGUGCUUCAAGUAGUGUGUGCCCGUCUGUUGUGUGACUCUGGAAAAAAAAAAA	15101.9084	301.0304	301.0305	c47_50-	ladder
1	GGUCUCUCUGGUUAGACCAGAUCUGAGCCUGGGAGCUCUCUGGCUAACUAGGGAACCCACUGCUUAAGCCUCAAAAAAGCUUGCCUUGAGUGCUUCAAGUAGUGUGUGCCCGUCUGUUGUGUGACUCUGGAAAAAAAAAAA	15101.9084	307.1944	307.1946	c47_49-	ladder
1	GGUCUCUCUGGUUAGACCAGAUCUGAGCCUGGGAGCUCUCUGGCUAACUAGGGAACCCACUGCUUAAGCCUCAAAAAAGCUUGCCUUGAGUGCUUCAAGUAGUGUGUGCCCGUCUGUUGUGUGACUCUGGAAAAAAAAAAA	15730.9856	270.2161	270.2156	d49_58-	ladder
1	GGUCUCUCUGGUUAGACCAGAUCUGAGCCUGGGAGCUCUCUGGCUAACUAGGGAACCCACUGCUUAAGCCUCAAAAAAGCUUGCCUUGAGUGCUUCAAGUAGUGUGUGCCCGUCUGUUGUGUGACUCUGGAAAAAAAAAAA	16060.0381	168.0452	168.0452	d50_95-	ladder
1	GGUCUCUCUGGUUAGACCAGAUCUGAGCCUGGGAGCUCUCUGGCUAACUAGGGAACCCACUGCUUAAGCCUCAAAAAAGCUUGCCUUGAGUGCUUCAAGUAGUGUGUGCCCGUCUGUUGUGUGACUCUGGAAAAAAAAAAA	17077.1698	315.2361	315.2359	c53_54-	ladder
1	GGUCUCUCUGGUUAGACCAGAUCUGAGCCUGGGAGCUCUCUGGCUAACUAGGGAACCCACUGCUUAAGCCUCAAAAAAGCUUGCCUUGAGUGCUUCAAGUAGUGUGUGCCCGUCUGUUGUGUGACUCUGGAAAAAAAAAAA	17753.2854	212.8872	212.8868	d55_83-	ladder
1	GGUCUCUCUGGUUAGACCAGAUCUGAGCCUGGGAGCUCUCUGGCUAACUAGGGAACCCACUGCUUAAGCCUCAAAAAAGCUUGCCUUGAGUGCUUCAAGUAGUGUGUGCCCGUCUGUUGUGUGACUCUGGAAAAAAAAAAA	17978.3603	344.7299	344.7301	b56_52-	ladder
1	GGUCUCUCUGGUUAGACCAGAUCUGAGCCUGGGAGCUCUCUGGCUAACUAGGGAACCCACUGCUUAAGCCUCAAAAAAGCUUGCCUUGAGUGCUUCAAGUAGUGUGUGCCCGUCUGUUGUGUGACUCUGGAAAAAAAAAAA	18899.4848	276.9258	276.9259	a59_68-	ladder
1	GGUCUCUCUGGUUAGACCAGAUCUGAGCCUGGGAGCUCUCUGGCUAACUAGGGAACCCACUGCUUAAGCCUCAAAAAAGCUUGCCUUGAGUGCUUCAAGUAGUGUGUGCCCGUCUGUUGUGUGACUCUGGAAAAAAAAAAA	19302.503	215.8743	215.8742	d60_89-	ladder
1	GGUCUCUCUGGUUAGACCAGAUCUGAGCCUGGGAGCUCUCUGGCUAACUAGGGAACCCACUGCUUAAGCCUCAAAAAAGCUUGCCUUGAGUGCUUCAAGUAGUGUGUGCCCGUCUGUUGUGUGACUCUGGAAAAAAAAAAA	19608.5283	241.0728	241.0731	d61_81-	ladder
1	GGUCUCUCUGGUUAGACCAGAUCUGAGCCUGGGAGCUCUCUGGCUAACUAGGGAACCCACUGCUUAAGCCUCAAAAAAGCUUGCCUUGAGUGCUUCAAGUAGUGUGUGCCCGUCUGUUGUGUGACUCUGGAAAAAAAAAAA	19873.6094	450.6651	450.6647	b62_44-	ladder
1	GGUCUCUCUGGUUAGACCAGAUCUGAGCCUGGGAGCUCUCUGGCUAACUAGGGAACCCACUGCUUAAGCCUCAAAAAAGCUUGCCUUGAGUGCUUCAAGUAGUGUGUGCCCGUCUGUUGUGUGACUCUGGAAAAAAAAAAA	19953.5758	337.1884	337.1878	d62_59-	ladder
1	GGUCUCUCUGGUUAGACCAGAUCUGAGCCUGGGAGCUCUCUGGCUAACUAGGGAACCCACUGCUUAAGCCUCAAAAAAGCUUGCCUUGAGUGCUUCAAGUAGUGUGUGCCCGUCUGUUGUGUGACUCUGGAAAAAAAAAAA	20160.6401	275.1654	275.1652	a63_73-	ladder
1	GGUCUCUCUGGUUAGACCAGAUCUGAGCCUGGGAGCUCUCUGGCUAACUAGGGAACCCACUGCUUAAGCCUCAAAAAAGCUUGCCUUGAGUGCUUCAAGUAGUGUGUGCCCGUCUGUUGUGUGACUCUGGAAAAAAAAAAA	20772.6907	154.0123	154.0121	a65_134-	ladder
1	GGUCUCUCUGGUUAGACCAGAUCUGAGCCUGGGAGCUCUCUGGCUAACUAGGGAACCCACUGCUUAAGCCUCAAAAAAGCUUGCCUUGAGUGCUUCAAGUAGUGUGUGCCCGUCUGUUGUGUGACUCUGGAAAAAAAAAAA	21873.8201	606.5983	606.5994	d68_36-	ladder
1	GGUCUCUCUGGUUAGACCAGAUCUGAGCCUGGGAGCUCUCUGGCUAACUAGGGAACCCACUGCUUAAGCCUCAAAAAAGCUUGCCUUGAGUGCUUCAAGUAGUGUGUGCCCGUCUGUUGUGUGACUCUGGAAAAAAAAAAA	22098.895	226.8159	226.8162	b69_97-	ladder
1	GGUCUCUCUGGUUAGACCAGAUCUGAGCCUGGGAGCUCUCUGGCUAACUAGGGAACCCACUGCUUAAGCCUCAAAAAAGCUUGCCUUGAGUGCUUCAAGUAGUGUGUGCCCGUCUGUUGUGUGACUCUGGAAAAAAAAAAA	22465.8921	183.1389	183.1389	c70_122-	ladder
1	GGUCUCUCUGGUUAGACCAGAUCUGAGCCUGGGAGCUCUCUGGCUAACUAGGGAACCCACUGCUUAAGCCUCAAAAAAGCUUGCCUUGAGUGCUUCAAGUAGUGUGUGCCCGUCUGUUGUGUGACUCUGGAAAAAAAAAAA	22465.8921	367.2855	367.2851	c70_61-	ladder
1	GGUCUCUCUGGUUAGACCAGAUCUGAGCCUGGGAGCUCUCUGGCUAACUAGGGAACCCACUGCUUAAGCCUCAAAAAAGCUUGCCUUGAGUGCUUCAAGUAGUGUGUGCCCGUCUGUUGUGUGACUCUGGAAAAAAAAAAA	22709.9616	318.8508	318.8506	b71_71-	ladder
1	GGUCUCUCUGGUUAGACCAGAUCUGAGCCUGGGAGCUCUCUGGCUAACUAGGGAACCCACUGCUUAAGCCUCAAAAAAGCUUGCCUUGAGUGCUUCAAGUAGUGUGUGCCCGUCUGUUGUGUGACUCUGGAAAAAAAAAAA	23344.0554	337.3118	337.3112	b73_69-	ladder
1	GGUCUCUCUGGUUAGACCAGAUCUGAGCCUGGGAGCUCUCUGGCUAACUAGGGAACCCACUGCUUAAGCCUCAAAAAAGCUUGCCUUGAGUGCUUCAAGUAGUGUGUGCCCGUCUGUUGUGUGACUCUGGAAAAAAAAAAA	23424.0217	303.2003	303.1998	d73_77-	ladder
1	GGUCUCUCUGGUUAGACCAGAUCUGAGCCUGGGAGCUCUCUGGCUAACUAGGGAACCCACUGCUUAAGCCUCAAAAAAGCUUGCCUUGAGUGCUUCAAGUAGUGUGUGCCCGUCUGUUGUGUGACUCUGGAAAAAAAAAAA	23735.0637	311.2957	311.2953	c74_76-	ladder
1	GGUCUCUCUGGUUAGACCAGAUCUGAGCCUGGGAGCUCUCUGGCUAACUAGGGAACCCACUGCUUAAGCCUCAAAAAAGCUUGCCUUGAGUGCUUCAAGUAGUGUGUGCCCGUCUGUUGUGUGACUCUGGAAAAAAAAAAA	24178.1479	276.9019	276.9019	a-B76_87-	ladder
1	GGUCUCUCUGGUUAGACCAGAUCUGAGCCUGGGAGCUCUCUGGCUAACUAGGGAACCCACUGCUUAAGCCUCAAAAAAGCUUGCCUUGAGUGCUUCAAGUAGUGUGUGCCCGUCUGUUGUGUGACUCUGGAAAAAAAAAAA	24642.2549	272.795	272.7951	a77_90-	ladder
1	GGUCUCUCUGGUUAGACCAGAUCUGAGCCUGGGAGCUCUCUGGCUAACUAGGGAACCCACUGCUUAAGCCUCAAAAAAGCUUGCCUUGAGUGCUUCAAGUAGUGUGUGCCCGUCUGUUGUGUGACUCUGGAAAAAAAAAAA	24971.3074	323.2949	323.2953	a78_77-	ladder
1	GGUCUCUCUGGUUAGACCAGAUCUGAGCCUGGGAGCUCUCUGGCUAACUAGGGAACCCACUGCUUAAGCCUCAAAAAAGCUUGCCUUGAGUGCUUCAAGUAGUGUGUGCCCGUCUGUUGUGUGACUCUGGAAAAAAAAAAA	25945.432	234.8598	234.8593	b81_110-	ladder
1	GGUCUCUCUGGUUAGACCAGAUCUGAGCCUGGGAGCUCUCUGGCUAACUAGGGAACCCACUGCUUAAGCCUCAAAAAAGCUUGCCUUGAGUGCUUCAAGUAGUGUGUGCCCGUCUGUUGUGUGACUCUGGAAAAAAAAAAA	26025.3983	242.2202	242.2207	d81_107-	ladder
1	GGUCUCUCUGGUUAGACCAGAUCUGAGCCUGGGAGCUCUCUGGCUAACUAGGGAACCCACUGCUUAAGCCUCAAAAAAGCUUGCCUUGAGUGCUUCAAGUAGUGUGUGCCCGUCUGUUGUGUGACUCUGGAAAAAAAAAAA	26233.4467	311.2951	311.2953	a82_84-	ladder
1	GGUCUCUCUGGUUAGACCAGAUCUGAGCCUGGGAGCUCUCUGGCUAACUAGGGAACCCACUGCUUAAGCCUCAAAAAAGCUUGCCUUGAGUGCUUCAAGUAGUGUGUGCCCGUCUGUUGUGUGACUCUGGAAAAAAAAAAA	26676.4711	215.8741	215.8742	d83_123-	ladder
1	GGUCUCUCUGGUUAGACCAGAUCUGAGCCUGGGAGCUCUCUGGCUAACUAGGGAACCCACUGCUUAAGCCUCAAAAAAGCUUGCCUUGAGUGCUUCAAGUAGUGUGUGCCCGUCUGUUGUGUGACUCUGGAAAAAAAAAAA	26772.4922	293.1954	293.1958	a-B84_91-	ladder
1	GGUCUCUCUGGUUAGACCAGAUCUGAGCCUGGGAGCUCUCUGGCUAACUAGGGAACCCACUGCUUAAGCCUCAAAAAAGCUUGCCUUGAGUGCUUCAAGUAGUGUGUGCCCGUCUGUUGUGUGACUCUGGAAAAAAAAAAA	27286.5536	219.0451	219.0454	d85_124-	ladder
1	GGUCUCUCUGGUUAGACCAGAUCUGAGCCUGGGAGCUCUCUGGCUAACUAGGGAACCCACUGCUUAAGCCUCAAAAAAGCUUGCCUUGAGUGCUUCAAGUAGUGUGUGCCCGUCUGUUGUGUGACUCUGGAAAAAAAAAAA	27382.5747	229.0979	229.0979	a-B86_119-	ladder
1	GGUCUCUCUGGUUAGACCAGAUCUGAGCCUGGGAGCUCUCUGGCUAACUAGGGAACCCACUGCUUAAGCCUCAAAAAAGCUUGCCUUGAGUGCUUCAAGUAGUGUGUGCCCGUCUGUUGUGUGACUCUGGAAAAAAAAAAA	27382.5747	546.6437	546.6435	a-B86_50-	ladder
1	GGUCUCUCUGGUUAGACCAGAUCUGAGCCUGGGAGCUCUCUGGCUAACUAGGGAACCCACUGCUUAAGCCUCAAAAAAGCUUGCCUUGAGUGCUUCAAGUAGUGUGUGCCCGUCUGUUGUGUGACUCUGGAAAAAAAAAAA	28145.6747	315.2357	315.2359	a88_89-	ladder
1	GGUCUCUCUGGUUAGACCAGAUCUGAGCCUGGGAGCUCUCUGGCUAACUAGGGAACCCACUGCUUAAGCCUCAAAAAAGCUUGCCUUGAGUGCUUCAAGUAGUGUGUGCCCGUCUGUUGUGUGACUCUGGAAAAAAAAAAA	28339.6728	276.8321	276.8323	a-B89_102-	ladder
1	GGUCUCUCUGGUUAGACCAGAUCUGAGCCUGGGAGCUCUCUGGCUAACUAGGGAACCCACUGCUUAAGCCUCAAAAAAGCUUGCCUUGAGUGCUUCAAGUAGUGUGUGCCCGUCUGUUGUGUGACUCUGGAAAAAAAAAAA	28899.741	303.2	303.1998	c90_95-	ladder
1	GGUCUCUCUGGUUAGACCAGAUCUGAGCCUGGGAGCUCUCUGGCUAACUAGGGAACCCACUGCUUAAGCCUCAAAAAAGCUUGCCUUGAGUGCUUCAAGUAGUGUGUGCCCGUCUGUUGUGUGACUCUGGAAAAAAAAAAA	29793.8993	274.8616	274.8613	b93_108-	ladder
1	GGUCUCUCUGGUUAGACCAGAUCUGAGCCUGGGAGCUCUCUGGCUAACUAGGGAACCCACUGCUUAAGCCUCAAAAAAGCUUGCCUUGAGUGCUUCAAGUAGUGUGUGCCCGUCUGUUGUGUGACUCUGGAAAAAAAAAAA	29873.8656	278.1872	278.1876	d93_107-	ladder
1	GGUCUCUCUGGUUAGACCAGAUCUGAGCCUGGGAGCUCUCUGGCUAACUAGGGAACCCACUGCUUAAGCCUCAAAAAAGCUUGCCUUGAGUGCUUCAAGUAGUGUGUGCCCGUCUGUUGUGUGACUCUGGAAAAAAAAAAA	31351.0856	590.5221	590.5211	a98_53-	ladder
1	GGUCUCUCUGGUUAGACCAGAUCUGAGCCUGGGAGCUCUCUGGCUAACUAGGGAACCCACUGCUUAAGCCUCAAAAAAGCUUGCCUUGAGUGCUUCAAGUAGUGUGUGCCCGUCUGUUGUGUGACUCUGGAAAAAAAAAAA	31449.0625	274.8612	274.8613	d98_114-	ladder
1	GGUCUCUCUGGUUAGACCAGAUCUGAGCCUGGGAGCUCUCUGGCUAACUAGGGAACCCACUGCUUAAGCCUCAAAAAAGCUUGCCUUGAGUGCUUCAAGUAGUGUGUGCCCGUCUGUUGUGUGACUCUGGAAAAAAAAAAA	32020.1689	249.1498	249.1496	b100_128-	ladder
1	GGUCUCUCUGGUUAGACCAGAUCUGAGCCUGGGAGCUCUCUGGCUAACUAGGGAACCCACUGCUUAAGCCUCAAAAAAGCUUGCCUUGAGUGCUUCAAGUAGUGUGUGCCCGUCUGUUGUGUGACUCUGGAAAAAAAAAAA	32020.1689	298.2461	298.2466	b100_107-	ladder
1	GGUCUCUCUGGUUAGACCAGAUCUGAGCCUGGGAGCUCUCUGGCUAACUAGGGAACCCACUGCUUAAGCCUCAAAAAAGCUUGCCUUGAGUGCUUCAAGUAGUGUGUGCCCGUCUGUUGUGUGACUCUGGAAAAAAAAAAA	32525.2089	249.1861	249.186	a-B102_130-	ladder
1	GGUCUCUCUGGUUAGACCAGAUCUGAGCCUGGGAGCUCUCUGGCUAACUAGGGAACCCACUGCUUAAGCCUCAAAAAAGCUUGCCUUGAGUGCUUCAAGUAGUGUGUGCCCGUCUGUUGUGUGACUCUGGAAAAAAAAAAA	32694.2688	343.1424	343.143	b102_95-	ladder
1	GGUCUCUCUGGUUAGACCAGAUCUGAGCCUGGGAGCUCUCUGGCUAACUAGGGAACCCACUGCUUAAGCCUCAAAAAAGCUUGCCUUGAGUGCUUCAAGUAGUGUGUGCCCGUCUGUUGUGUGACUCUGGAAAAAAAAAAA	33080.2605	492.7274	492.7265	d103_67-	ladder
1	GGUCUCUCUGGUUAGACCAGAUCUGAGCCUGGGAGCUCUCUGGCUAACUAGGGAACCCACUGCUUAAGCCUCAAAAAAGCUUGCCUUGAGUGCUUCAAGUAGUGUGUGCCCGUCUGUUGUGUGACUCUGGAAAAAAAAAAA	33521.329	258.8475	258.8477	a-B105_129-	ladder
1	GGUCUCUCUGGUUAGACCAGAUCUGAGCCUGGGAGCUCUCUGGCUAACUAGGGAACCCACUGCUUAAGCCUCAAAAAAGCUUGCCUUGAGUGCUUCAAGUAGUGUGUGCCCGUCUGUUGUGUGACUCUGGAAAAAAAAAAA	33731.3332	332.9658	332.9657	d105_101-	ladder
1	GGUCUCUCUGGUUAGACCAGAUCUGAGCCUGGGAGCUCUCUGGCUAACUAGGGAACCCACUGCUUAAGCCUCAAAAAAGCUUGCCUUGAGUGCUUCAAGUAGUGUGUGCCCGUCUGUUGUGUGACUCUGGAAAAAAAAAAA	34823.4745	258.8689	258.8687	a-B109_134-	ladder
1	GGUCUCUCUGGUUAGACCAGAUCUGAGCCUGGGAGCUCUCUGGCUAACUAGGGAACCCACUGCUUAAGCCUCAAAAAAGCUUGCCUUGAGUGCUUCAAGUAGUGUGUGCCCGUCUGUUGUGUGACUCUGGAAAAAAAAAAA	35642.5772	288.7693	288.769	d111_123-	ladder
1	GGUCUCUCUGGUUAGACCAGAUCUGAGCCUGGGAGCUCUCUGGCUAACUAGGGAACCCACUGCUUAAGCCUCAAAAAAGCUUGCCUUGAGUGCUUCAAGUAGUGUGUGCCCGUCUGUUGUGUGACUCUGGAAAAAAAAAAA	37151.787	284.7752	284.7747	a116_130-	ladder
1	GGUCUCUCUGGUUAGACCAGAUCUGAGCCUGGGAGCUCUCUGGCUAACUAGGGAACCCACUGCUUAAGCCUCAAAAAAGCUUGCCUUGAGUGCUUCAAGUAGUGUGUGCCCGUCUGUUGUGUGACUCUGGAAAAAAAAAAA	37345.7851	312.8223	312.8225	a-B117_119-	ladder
1	GGUCUCUCUGGUUAGACCAGAUCUGAGCCUGGGAGCUCUCUGGCUAACUAGGGAACCCACUGCUUAAGCCUCAAAAAAGCUUGCCUUGAGUGCUUCAAGUAGUGUGUGCCCGUCUGUUGUGUGACUCUGGAAAAAAAAAAA	37345.7851	368.7524	368.7518	a-B117_101-	ladder
1	GGUCUCUCUGGUUAGACCAGAUCUGAGCCUGGGAGCUCUCUGGCUAACUAGGGAACCCACUGCUUAAGCCUCAAAAAAGCUUGCCUUGAGUGCUUCAAGUAGUGUGUGCCCGUCUGUUGUGUGACUCUGGAAAAAAAAAAA	37537.7787	265.2176	265.2173	c117_141-	ladder
1	GGUCUCUCUGGUUAGACCAGAUCUGAGCCUGGGAGCUCUCUGGCUAACUAGGGAACCCACUGCUUAAGCCUCAAAAAAGCUUGCCUUGAGUGCUUCAAGUAGUGUGUGCCCGUCUGUUGUGUGACUCUGGAAAAAAAAAAA	37843.804	309.1873	309.1869	c118_122-	ladder
1	GGUCUCUCUGGUUAGACCAGAUCUGAGCCUGGGAGCUCUCUGGCUAACUAGGGAACCCACUGCUUAAGCCUCAAAAAAGCUUGCCUUGAGUGCUUCAAGUAGUGUGUGCCCGUCUGUUGUGUGACUCUGGAAAAAAAAAAA	39429.0411	324.852	324.8514	b123_121-	ladder
1	GGUCUCUCUGGUUAGACCAGAUCUGAGCCUGGGAGCUCUCUGGCUAACUAGGGAACCCACUGCUUAAGCCUCAAAAAAGCUUGCCUUGAGUGCUUCAAGUAGUGUGUGCCCGUCUGUUGUGUGACUCUGGAAAAAAAAAAA	39758.0936	307.1945	307.1946	b124_129-	ladder
1	GGUCUCUCUGGUUAGACCAGAUCUGAGCCUGGGAGCUCUCUGGCUAACUAGGGAACCCACUGCUUAAGCCUCAAAAAAGCUUGCCUUGAGUGCUUCAAGUAGUGUGUGCCCGUCUGUUGUGUGACUCUGGAAAAAAAAAAA	39934.081	368.7522	368.7518	a-B125_108-	ladder
1	GGUCUCUCUGGUUAGACCAGAUCUGAGCCUGGGAGCUCUCUGGCUAACUAGGGAACCCACUGCUUAAGCCUCAAAAAAGCUUGCCUUGAGUGCUUCAAGUAGUGUGUGCCCGUCUGUUGUGUGACUCUGGAAAAAAAAAAA	40143.1012	330.7534	330.7534	d125_121-	ladder
1	GGUCUCUCUGGUUAGACCAGAUCUGAGCCUGGGAGCUCUCUGGCUAACUAGGGAACCCACUGCUUAAGCCUCAAAAAAGCUUGCCUUGAGUGCUUCAAGUAGUGUGUGCCCGUCUGUUGUGUGACUCUGGAAAAAAAAAAA	40431.1159	302.9856	302.9858	c126_133-	ladder
1	GGUCUCUCUGGUUAGACCAGAUCUGAGCCUGGGAGCUCUCUGGCUAACUAGGGAACCCACUGCUUAAGCCUCAAAAAAGCUUGCCUUGAGUGCUUCAAGUAGUGUGUGCCCGUCUGUUGUGUGACUCUGGAAAAAAAAAAA	41156.2142	330.8972	330.8976	a-B129_124-	ladder
1	GGUCUCUCUGGUUAGACCAGAUCUGAGCCUGGGAGCUCUCUGGCUAACUAGGGAACCCACUGCUUAAGCCUCAAAAAAGCUUGCCUUGAGUGCUUCAAGUAGUGUGUGCCCGUCUGUUGUGUGACUCUGGAAAAAAAAAAA	41307.2636	343.2194	343.2196	a129_120-	ladder
1	GGUCUCUCUGGUUAGACCAGAUCUGAGCCUGGGAGCUCUCUGGCUAACUAGGGAACCCACUGCUUAAGCCUCAAAAAAGCUUGCCUUGAGUGCUUCAAGUAGUGUGUGCCCGUCUGUUGUGUGACUCUGGAAAAAAAAAAA	41846.3091	344.8295	344.8298	a-B131_121-	ladder
1	GGUCUCUCUGGUUAGACCAGAUCUGAGCCUGGGAGCUCUCUGGCUAACUAGGGAACCCACUGCUUAAGCCUCAAAAAAGCUUGCCUUGAGUGCUUCAAGUAGUGUGUGCCCGUCUGUUGUGUGACUCUGGAAAAAAAAAAA	42504.4141	309.2434	309.2434	a-B133_137-	ladder
1	GGUCUCUCUGGUUAGACCAGAUCUGAGCCUGGGAGCUCUCUGGCUAACUAGGGAACCCACUGCUUAAGCCUCAAAAAAGCUUGCCUUGAGUGCUUCAAGUAGUGUGUGCCCGUCUGUUGUGUGACUCUGGAAAAAAAAAAA	42657.4791	734.466	734.4668	b133_58-	ladder
1	GGUCUCUCUGGUUAGACCAGAUCUGAGCCUGGGAGCUCUCUGGCUAACUAGGGAACCCACUGCUUAAGCCUCAAAAAAGCUUGCCUUGAGUGCUUCAAGUAGUGUGUGCCCGUCUGUUGUGUGACUCUGGAAAAAAAAAAA	43162.5191	352.7833	352.7828	a-B135_122-	ladder
1	GGUCUCUCUGGUUAGACCAGAUCUGAGCCUGGGAGCUCUCUGGCUAACUAGGGAACCCACUGCUUAAGCCUCAAAAAAGCUUGCCUUGAGUGCUUCAAGUAGUGUGUGCCCGUCUGUUGUGUGACUCUGGAAAAAAAAAAA	43395.5505	325.2745	325.2746	d135_133-	ladder
1	GGUCUCUCUGGUUAGACCAGAUCUGAGCCUGGGAGCUCUCUGGCUAACUAGGGAACCCACUGCUUAAGCCUCAAAAAAGCUUGCCUUGAGUGCUUCAAGUAGUGUGUGCCCGUCUGUUGUGUGACUCUGGAAAAAAAAAAA	43395.5505	460.647	460.6476	d135_94-	ladder
1	GGUCUCUCUGGUUAGACCAGAUCUGAGCCUGGGAGCUCUCUGGCUAACUAGGGAACCCACUGCUUAAGCCUCAAAAAAGCUUGCCUUGAGUGCUUCAAGUAGUGUGUGCCCGUCUGUUGUGUGACUCUGGAAAAAAAAAAA	43820.6241	318.8508	318.8506	a-B137_137-	ladder
1	GGUCUCUCUGGUUAGACCAGAUCUGAGCCUGGGAGCUCUCUGGCUAACUAGGGAACCCACUGCUUAAGCCUCAAAAAAGCUUGCCUUGAGUGCUUCAAGUAGUGUGUGCCCGUCUGUUGUGUGACUCUGGAAAAAAAAAAA	44364.6975	590.5215	590.5211	c138_75-	ladder
1	GGUCUCUCUGGUUAGACCAGAUCUGAGCCUGGGAGCUCUCUGGCUAACUAGGGAACCCACUGCUUAAGCCUCAAAAAAGCUUGCCUUGAGUGCUUCAAGUAGUGUGUGCCCGUCUGUUGUGUGACUCUGGAAAAAAAAAAA	45006.8172	554.6319	554.6316	x140_81-	ladder
1	GGUCUCUCUGGUUAGACCAGAUCUGAGCCUGGGAGCUCUCUGGCUAACUAGGGAACCCACUGCUUAAGCCUCAAAAAAGCUUGCCUUGAGUGCUUCAAGUAGUGUGUGCCCGUCUGUUGUGUGACUCUGGAAAAAAAAAAA	44926.8509	336.7881	336.788	z140_133-	ladder
1	GGUCUCUCUGGUUAGACCAGAUCUGAGCCUGGGAGCUCUCUGGCUAACUAGGGAACCCACUGCUUAAGCCUCAAAAAAGCUUGCCUUGAGUGCUUCAAGUAGUGUGUGCCCGUCUGUUGUGUGACUCUGGAAAAAAAAAAA	44661.7697	334.795	334.7952	x139_133-	ladder
1	GGUCUCUCUGGUUAGACCAGAUCUGAGCCUGGGAGCUCUCUGGCUAACUAGGGAACCCACUGCUUAAGCCUCAAAAAAGCUUGCCUUGAGUGCUUCAAGUAGUGUGUGCCCGUCUGUUGUGUGACUCUGGAAAAAAAAAAA	44068.7136	414.7348	414.7355	w137_106-	ladder
1	GGUCUCUCUGGUUAGACCAGAUCUGAGCCUGGGAGCUCUCUGGCUAACUAGGGAACCCACUGCUUAAGCCUCAAAAAAGCUUGCCUUGAGUGCUUCAAGUAGUGUGUGCCCGUCUGUUGUGUGACUCUGGAAAAAAAAAAA	44050.703	556.596	556.5965	x137_79-	ladder
1	GGUCUCUCUGGUUAGACCAGAUCUGAGCCUGGGAGCUCUCUGGCUAACUAGGGAACCCACUGCUUAAGCCUCAAAAAAGCUUGCCUUGAGUGCUUCAAGUAGUGUGUGCCCGUCUGUUGUGUGACUCUGGAAAAAAAAAAA	43988.7473	585.5088	585.5097	y137_75-	ladder
1	GGUCUCUCUGGUUAGACCAGAUCUGAGCCUGGGAGCUCUCUGGCUAACUAGGGAACCCACUGCUUAAGCCUCAAAAAAGCUUGCCUUGAGUGCUUCAAGUAGUGUGUGCCCGUCUGUUGUGUGACUCUGGAAAAAAAAAAA	43762.6882	450.1539	450.1534	w136_97-	ladder
1	GGUCUCUCUGGUUAGACCAGAUCUGAGCCUGGGAGCUCUCUGGCUAACUAGGGAACCCACUGCUUAAGCCUCAAAAAAGCUUGCCUUGAGUGCUUCAAGUAGUGUGUGCCCGUCUGUUGUGUGACUCUGGAAAAAAAAAAA	43682.7219	468.6989	468.6998	y136_93-	ladder
1	GGUCUCUCUGGUUAGACCAGAUCUGAGCCUGGGAGCUCUCUGGCUAACUAGGGAACCCACUGCUUAAGCCUCAAAAAAGCUUGCCUUGAGUGCUUCAAGUAGUGUGUGCCCGUCUGUUGUGUGACUCUGGAAAAAAAAAAA	42748.6033	332.9657	332.9657	z133_128-	ladder
1	GGUCUCUCUGGUUAGACCAGAUCUGAGCCUGGGAGCUCUCUGGCUAACUAGGGAACCCACUGCUUAAGCCUCAAAAAAGCUUGCCUUGAGUGCUUCAAGUAGUGUGUGCCCGUCUGUUGUGUGACUCUGGAAAAAAAAAAA	41446.4575	430.7261	430.7262	z129_96-	ladder
1	GGUCUCUCUGGUUAGACCAGAUCUGAGCCUGGGAGCUCUCUGGCUAACUAGGGAACCCACUGCUUAAGCCUCAAAAAAGCUUGCCUUGAGUGCUUCAAGUAGUGUGUGCCCGUCUGUUGUGUGACUCUGGAAAAAAAAAAA	39216.1548	434.7273	434.7279	y122_90-	ladder
1	GGUCUCUCUGGUUAGACCAGAUCUGAGCCUGGGAGCUCUCUGGCUAACUAGGGAACCCACUGCUUAAGCCUCAAAAAAGCUUGCCUUGAGUGCUUCAAGUAGUGUGUGCCCGUCUGUUGUGUGACUCUGGAAAAAAAAAAA	38524.0441	436.7654	436.7649	z120_88-	ladder
1	GGUCUCUCUGGUUAGACCAGAUCUGAGCCUGGGAGCUCUCUGGCUAACUAGGGAACCCACUGCUUAAGCCUCAAAAAAGCUUGCCUUGAGUGCUUCAAGUAGUGUGUGCCCGUCUGUUGUGUGACUCUGGAAAAAAAAAAA	37624.9626	334.9294	334.9289	y117_112-	ladder
1	GGUCUCUCUGGUUAGACCAGAUCUGAGCCUGGGAGCUCUCUGGCUAACUAGGGAACCCACUGCUUAAGCCUCAAAAAAGCUUGCCUUGAGUGCUUCAAGUAGUGUGUGCCCGUCUGUUGUGUGACUCUGGAAAAAAAAAAA	36685.7813	274.8251	274.8251	w114_133-	ladder
1	GGUCUCUCUGGUUAGACCAGAUCUGAGCCUGGGAGCUCUCUGGCUAACUAGGGAACCCACUGCUUAAGCCUCAAAAAAGCUUGCCUUGAGUGCUUCAAGUAGUGUGUGCCCGUCUGUUGUGUGACUCUGGAAAAAAAAAAA	36300.7737	323.1063	323.1062	y113_112-	ladder
1	GGUCUCUCUGGUUAGACCAGAUCUGAGCCUGGGAGCUCUCUGGCUAACUAGGGAACCCACUGCUUAAGCCUCAAAAAAGCUUGCCUUGAGUGCUUCAAGUAGUGUGUGCCCGUCUGUUGUGUGACUCUGGAAAAAAAAAAA	35326.6489	256.851	256.8508	z110_137-	ladder
1	GGUCUCUCUGGUUAGACCAGAUCUGAGCCUGGGAGCUCUCUGGCUAACUAGGGAACCCACUGCUUAAGCCUCAAAAAAGCUUGCCUUGAGUGCUUCAAGUAGUGUGUGCCCGUCUGUUGUGUGACUCUGGAAAAAAAAAAA	35326.6489	272.8422	272.8425	z110_129-	ladder
1	GGUCUCUCUGGUUAGACCAGAUCUGAGCCUGGGAGCUCUCUGGCUAACUAGGGAACCCACUGCUUAAGCCUCAAAAAAGCUUGCCUUGAGUGCUUCAAGUAGUGUGUGCCCGUCUGUUGUGUGACUCUGGAAAAAAAAAAA	35061.5677	272.9107	272.9104	x109_128-	ladder
1	GGUCUCUCUGGUUAGACCAGAUCUGAGCCUGGGAGCUCUCUGGCUAACUAGGGAACCCACUGCUUAAGCCUCAAAAAAGCUUGCCUUGAGUGCUUCAAGUAGUGUGUGCCCGUCUGUUGUGUGACUCUGGAAAAAAAAAAA	35061.5677	342.7331	342.7331	x109_102-	ladder
1	GGUCUCUCUGGUUAGACCAGAUCUGAGCCUGGGAGCUCUCUGGCUAACUAGGGAACCCACUGCUUAAGCCUCAAAAAAGCUUGCCUUGAGUGCUUCAAGUAGUGUGUGCCCGUCUGUUGUGUGACUCUGGAAAAAAAAAAA	33755.3893	249.0321	249.0318	w105_135-	ladder
1	GGUCUCUCUGGUUAGACCAGAUCUGAGCCUGGGAGCUCUCUGGCUAACUAGGGAACCCACUGCUUAAGCCUCAAAAAAGCUUGCCUUGAGUGCUUCAAGUAGUGUGUGCCCGUCUGUUGUGUGACUCUGGAAAAAAAAAAA	31537.1355	283.1105	283.1106	w98_111-	ladder
1	GGUCUCUCUGGUUAGACCAGAUCUGAGCCUGGGAGCUCUCUGGCUAACUAGGGAACCCACUGCUUAAGCCUCAAAAAAGCUUGCCUUGAGUGCUUCAAGUAGUGUGUGCCCGUCUGUUGUGUGACUCUGGAAAAAAAAAAA	29882.956	300.8402	300.8402	y93_99-	ladder
1	GGUCUCUCUGGUUAGACCAGAUCUGAGCCUGGGAGCUCUCUGGCUAACUAGGGAACCCACUGCUUAAGCCUCAAAAAAGCUUGCCUUGAGUGCUUCAAGUAGUGUGUGCCCGUCUGUUGUGUGACUCUGGAAAAAAAAAAA	29229.8675	282.7773	282.7777	z91_103-	ladder
1	GGUCUCUCUGGUUAGACCAGAUCUGAGCCUGGGAGCUCUCUGGCUAACUAGGGAACCCACUGCUUAAGCCUCAAAAAAGCUUGCCUUGAGUGCUUCAAGUAGUGUGUGCCCGUCUGUUGUGUGACUCUGGAAAAAAAAAAA	28902.8305	303.2325	303.2328	y90_95-	ladder
1	GGUCUCUCUGGUUAGACCAGAUCUGAGCCUGGGAGCUCUCUGGCUAACUAGGGAACCCACUGCUUAAGCCUCAAAAAAGCUUGCCUUGAGUGCUUCAAGUAGUGUGUGCCCGUCUGUUGUGUGACUCUGGAAAAAAAAAAA	28884.82	338.8136	338.8137	z90_85-	ladder
1	GGUCUCUCUGGUUAGACCAGAUCUGAGCCUGGGAGCUCUCUGGCUAACUAGGGAACCCACUGCUUAAGCCUCAAAAAAGCUUGCCUUGAGUGCUUCAAGUAGUGUGUGCCCGUCUGUUGUGUGACUCUGGAAAAAAAAAAA	28619.7388	285.1896	285.1893	x89_100-	ladder
1	GGUCUCUCUGGUUAGACCAGAUCUGAGCCUGGGAGCUCUCUGGCUAACUAGGGAACCCACUGCUUAAGCCUCAAAAAAGCUUGCCUUGAGUGCUUCAAGUAGUGUGUGCCCGUCUGUUGUGUGACUCUGGAAAAAAAAAAA	28194.725	255.3079	255.3074	z88_110-	ladder
1	GGUCUCUCUGGUUAGACCAGAUCUGAGCCUGGGAGCUCUCUGGCUAACUAGGGAACCCACUGCUUAAGCCUCAAAAAAGCUUGCCUUGAGUGCUUCAAGUAGUGUGUGCCCGUCUGUUGUGUGACUCUGGAAAAAAAAAAA	26390.4201	262.8964	262.8966	w82_100-	ladder
1	GGUCUCUCUGGUUAGACCAGAUCUGAGCCUGGGAGCUCUCUGGCUAACUAGGGAACCCACUGCUUAAGCCUCAAAAAAGCUUGCCUUGAGUGCUUCAAGUAGUGUGUGCCCGUCUGUUGUGUGACUCUGGAAAAAAAAAAA	26005.4124	281.6597	281.66	y81_92-	ladder
1	GGUCUCUCUGGUUAGACCAGAUCUGAGCCUGGGAGCUCUCUGGCUAACUAGGGAACCCACUGCUUAAGCCUCAAAAAAGCUUGCCUUGAGUGCUUCAAGUAGUGUGUGCCCGUCUGUUGUGUGACUCUGGAAAAAAAAAAA	25699.387	332.7505	332.7504	y80_77-	ladder
1	GGUCUCUCUGGUUAGACCAGAUCUGAGCCUGGGAGCUCUCUGGCUAACUAGGGAACCCACUGCUUAAGCCUCAAAAAAGCUUGCCUUGAGUGCUUCAAGUAGUGUGUGCCCGUCUGUUGUGUGACUCUGGAAAAAAAAAAA	25434.3058	210.9447	210.9449	w79_120-	ladder
1	GGUCUCUCUGGUUAGACCAGAUCUGAGCCUGGGAGCUCUCUGGCUAACUAGGGAACCCACUGCUUAAGCCUCAAAAAAGCUUGCCUUGAGUGCUUCAAGUAGUGUGUGCCCGUCUGUUGUGUGACUCUGGAAAAAAAAAAA	24517.2138	219.868	219.8684	w76_111-	ladder
1	GGUCUCUCUGGUUAGACCAGAUCUGAGCCUGGGAGCUCUCUGGCUAACUAGGGAACCCACUGCUUAAGCCUCAAAAAAGCUUGCCUUGAGUGCUUCAAGUAGUGUGUGCCCGUCUGUUGUGUGACUCUGGAAAAAAAAAAA	24108.1948	261.0378	261.038	y75_92-	ladder
1	GGUCUCUCUGGUUAGACCAGAUCUGAGCCUGGGAGCUCUCUGGCUAACUAGGGAACCCACUGCUUAAGCCUCAAAAAAGCUUGCCUUGAGUGCUUCAAGUAGUGUGUGCCCGUCUGUUGUGUGACUCUGGAAAAAAAAAAA	24090.1843	235.1705	235.1705	z75_102-	ladder
1	GGUCUCUCUGGUUAGACCAGAUCUGAGCCUGGGAGCUCUCUGGCUAACUAGGGAACCCACUGCUUAAGCCUCAAAAAAGCUUGCCUUGAGUGCUUCAAGUAGUGUGUGCCCGUCUGUUGUGUGACUCUGGAAAAAAAAAAA	23761.1317	285.2709	285.2708	z74_83-	ladder
1	GGUCUCUCUGGUUAGACCAGAUCUGAGCCUGGGAGCUCUCUGGCUAACUAGGGAACCCACUGCUUAAGCCUCAAAAAAGCUUGCCUUGAGUGCUUCAAGUAGUGUGUGCCCGUCUGUUGUGUGACUCUGGAAAAAAAAAAA	23209.0197	178.9071	178.9071	w72_129-	ladder
1	GGUCUCUCUGGUUAGACCAGAUCUGAGCCUGGGAGCUCUCUGGCUAACUAGGGAACCCACUGCUUAAGCCUCAAAAAAGCUUGCCUUGAGUGCUUCAAGUAGUGUGUGCCCGUCUGUUGUGUGACUCUGGAAAAAAAAAAA	23129.0534	258.8692	258.8687	y72_89-	ladder
1	GGUCUCUCUGGUUAGACCAGAUCUGAGCCUGGGAGCUCUCUGGCUAACUAGGGAACCCACUGCUUAAGCCUCAAAAAAGCUUGCCUUGAGUGCUUCAAGUAGUGUGUGCCCGUCUGUUGUGUGACUCUGGAAAAAAAAAAA	22597.953	236.8654	236.8658	w70_95-	ladder
1	GGUCUCUCUGGUUAGACCAGAUCUGAGCCUGGGAGCUCUCUGGCUAACUAGGGAACCCACUGCUUAAGCCUCAAAAAAGCUUGCCUUGAGUGCUUCAAGUAGUGUGUGCCCGUCUGUUGUGUGACUCUGGAAAAAAAAAAA	22499.9761	291.1997	291.2	z70_77-	ladder
1	GGUCUCUCUGGUUAGACCAGAUCUGAGCCUGGGAGCUCUCUGGCUAACUAGGGAACCCACUGCUUAAGCCUCAAAAAAGCUUGCCUUGAGUGCUUCAAGUAGUGUGUGCCCGUCUGUUGUGUGACUCUGGAAAAAAAAAAA	21883.8928	176.91	176.9101	y68_123-	ladder
1	GGUCUCUCUGGUUAGACCAGAUCUGAGCCUGGGAGCUCUCUGGCUAACUAGGGAACCCACUGCUUAAGCCUCAAAAAAGCUUGCCUUGAGUGCUUCAAGUAGUGUGUGCCCGUCUGUUGUGUGACUCUGGAAAAAAAAAAA	21536.8296	176.9825	176.9826	z67_121-	ladder
1	GGUCUCUCUGGUUAGACCAGAUCUGAGCCUGGGAGCUCUCUGGCUAACUAGGGAACCCACUGCUUAAGCCUCAAAAAAGCUUGCCUUGAGUGCUUCAAGUAGUGUGUGCCCGUCUGUUGUGUGACUCUGGAAAAAAAAAAA	21305.7539	286.9078	286.9081	w66_74-	ladder
1	GGUCUCUCUGGUUAGACCAGAUCUGAGCCUGGGAGCUCUCUGGCUAACUAGGGAACCCACUGCUUAAGCCUCAAAAAAGCUUGCCUUGAGUGCUUCAAGUAGUGUGUGCCCGUCUGUUGUGUGACUCUGGAAAAAAAAAAA	19893.5823	156.8778	156.8776	y62_126-	ladder
1	GGUCUCUCUGGUUAGACCAGAUCUGAGCCUGGGAGCUCUCUGGCUAACUAGGGAACCCACUGCUUAAGCCUCAAAAAAGCUUGCCUUGAGUGCUUCAAGUAGUGUGUGCCCGUCUGUUGUGUGACUCUGGAAAAAAAAAAA	19344.4714	154.996	154.9961	x60_124-	ladder
1	GGUCUCUCUGGUUAGACCAGAUCUGAGCCUGGGAGCUCUCUGGCUAACUAGGGAACCCACUGCUUAAGCCUCAAAAAAGCUUGCCUUGAGUGCUUCAAGUAGUGUGUGCCCGUCUGUUGUGUGACUCUGGAAAAAAAAAAA	19264.505	278.1879	278.1876	z60_69-	ladder
1	GGUCUCUCUGGUUAGACCAGAUCUGAGCCUGGGAGCUCUCUGGCUAACUAGGGAACCCACUGCUUAAGCCUCAAAAAAGCUUGCCUUGAGUGCUUCAAGUAGUGUGUGCCCGUCUGUUGUGUGACUCUGGAAAAAAAAAAA	19038.446	168.9783	168.9786	x59_112-	ladder
1	GGUCUCUCUGGUUAGACCAGAUCUGAGCCUGGGAGCUCUCUGGCUAACUAGGGAACCCACUGCUUAAGCCUCAAAAAAGCUUGCCUUGAGUGCUUCAAGUAGUGUGUGCCCGUCUGUUGUGUGACUCUGGAAAAAAAAAAA	18388.3572	366.7593	366.7597	x57_50-	ladder
1	GGUCUCUCUGGUUAGACCAGAUCUGAGCCUGGGAGCUCUCUGGCUAACUAGGGAACCCACUGCUUAAGCCUCAAAAAAGCUUGCCUUGAGUGCUUCAAGUAGUGUGUGCCCGUCUGUUGUGUGACUCUGGAAAAAAAAAAA	17697.3241	504.63	504.6292	z55_35-	ladder
1	GGUCUCUCUGGUUAGACCAGAUCUGAGCCUGGGAGCUCUCUGGCUAACUAGGGAACCCACUGCUUAAGCCUCAAAAAAGCUUGCCUUGAGUGCUUCAAGUAGUGUGUGCCCGUCUGUUGUGUGACUCUGGAAAAAAAAAAA	17126.2176	236.8563	236.8564	x53_72-	ladder
1	GGUCUCUCUGGUUAGACCAGAUCUGAGCCUGGGAGCUCUCUGGCUAACUAGGGAACCCACUGCUUAAGCCUCAAAAAAGCUUGCCUUGAGUGCUUCAAGUAGUGUGUGCCCGUCUGUUGUGUGACUCUGGAAAAAAAAAAA	16452.1175	390.7093	390.7091	x51_42-	ladder
1	GGUCUCUCUGGUUAGACCAGAUCUGAGCCUGGGAGCUCUCUGGCUAACUAGGGAACCCACUGCUUAAGCCUCAAAAAAGCUUGCCUUGAGUGCUUCAAGUAGUGUGUGCCCGUCUGUUGUGUGACUCUGGAAAAAAAAAAA	15819.0552	384.8228	384.8223	w49_41-	ladder
1	GGUCUCUCUGGUUAGACCAGAUCUGAGCCUGGGAGCUCUCUGGCUAACUAGGGAACCCACUGCUUAAGCCUCAAAAAAGCUUGCCUUGAGUGCUUCAAGUAGUGUGUGCCCGUCUGUUGUGUGACUCUGGAAAAAAAAAAA	15128.0221	228.2047	228.2049	y47_66-	ladder
1	GGUCUCUCUGGUUAGACCAGAUCUGAGCCUGGGAGCUCUCUGGCUAACUAGGGAACCCACUGCUUAAGCCUCAAAAAAGCUUGCCUUGAGUGCUUCAAGUAGUGUGUGCCCGUCUGUUGUGUGACUCUGGAAAAAAAAAAA	14596.9218	296.8886	296.8881	w45_49-	ladder
1	GGUCUCUCUGGUUAGACCAGAUCUGAGCCUGGGAGCUCUCUGGCUAACUAGGGAACCCACUGCUUAAGCCUCAAAAAAGCUUGCCUUGAGUGCUUCAAGUAGUGUGUGCCCGUCUGUUGUGUGACUCUGGAAAAAAAAAAA	13207.7774	160.0627	160.0628	y41_82-	ladder
1	GGUCUCUCUGGUUAGACCAGAUCUGAGCCUGGGAGCUCUCUGGCUAACUAGGGAACCCACUGCUUAAGCCUCAAAAAAGCUUGCCUUGAGUGCUUCAAGUAGUGUGUGCCCGUCUGUUGUGUGACUCUGGAAAAAAAAAAA	12209.6414	183.9868	183.9869	z38_66-	ladder
1	GGUCUCUCUGGUUAGACCAGAUCUGAGCCUGGGAGCUCUCUGGCUAACUAGGGAACCCACUGCUUAAGCCUCAAAAAAGCUUGCCUUGAGUGCUUCAAGUAGUGUGUGCCCGUCUGUUGUGUGACUCUGGAAAAAAAAAAA	11311.4979	225.2222	225.2224	w35_50-	ladder
1	GGUCUCUCUGGUUAGACCAGAUCUGAGCCUGGGAGCUCUCUGGCUAACUAGGGAACCCACUGCUUAAGCCUCAAAAAAGCUUGCCUUGAGUGCUUCAAGUAGUGUGUGCCCGUCUGUUGUGUGACUCUGGAAAAAAAAAAA	11293.4873	341.2191	341.2192	x35_33-	ladder
1	GGUCUCUCUGGUUAGACCAGAUCUGAGCCUGGGAGCUCUCUGGCUAACUAGGGAACCCACUGCUUAAGCCUCAAAAAAGCUUGCCUUGAGUGCUUCAAGUAGUGUGUGCCCGUCUGUUGUGUGACUCUGGAAAAAAAAAAA	5531.8068	344.7301	344.7301	x17_16-	ladder
1	GGUCUCUCUGGUUAGACCAGAUCUGAGCCUGGGAGCUCUCUGGCUAACUAGGGAACCCACUGCUUAAGCCUCAAAAAAGCUUGCCUUGAGUGCUUCAAGUAGUGUGUGCCCGUCUGUUGUGUGACUCUGGAAAAAAAAAAA	3637.5889	726.51	726.5106	w11_5-	ladder
