Window	Seq	theory_m/z	theory_m/z	Peak	ion	deletions	Score
2	GUCUCUCUGGUUAGACCAGA	1891.2165	314.1949	314.1948	d6_6-	ladder
5	UCUCUGGUUAGACCAGAUCU	1891.2165	314.1949	314.1948	d6_6-	ladder
15	GACCAGAUCUGAGCCUGGGA	2836.4458	256.8509	256.8508	b9_11-	ladder
8	CUGGUUAGACCAGAUCUGAG	3221.4058	160.0625	160.0628	c10_20-	ladder
9	UGGUUAGACCAGAUCUGAGC	3221.4058	160.0625	160.0628	c10_20-	ladder
13	UAGACCAGAUCUGAGCCUGG	3453.5131	214.8368	214.8364	a11_16-	ladder
14	AGACCAGAUCUGAGCCUGGG	3453.5131	214.8368	214.8364	a11_16-	ladder
13	UAGACCAGAUCUGAGCCUGG	3533.4794	270.7983	270.798	c11_13-	ladder
15	GACCAGAUCUGAGCCUGGGA	3549.4743	442.6765	442.6764	c11_8-	ladder
17	CCAGAUCUGAGCCUGGGAGC	3549.4743	442.6765	442.6764	c11_8-	ladder
14	AGACCAGAUCUGAGCCUGGG	3533.4794	270.7983	270.798	c11_13-	ladder
18	CAGAUCUGAGCCUGGGAGCU	3549.4743	442.6765	442.6764	c11_8-	ladder
16	ACCAGAUCUGAGCCUGGGAG	3453.5131	214.8368	214.8364	a11_16-	ladder
6	CUCUGGUUAGACCAGAUCUG	3946.5041	231.1395	231.1391	a-B13_17-	ladder
16	ACCAGAUCUGAGCCUGGGAG	3533.4794	270.7983	270.798	c11_13-	ladder
7	UCUGGUUAGACCAGAUCUGA	3946.5041	231.1395	231.1391	a-B13_17-	ladder
18	CAGAUCUGAGCCUGGGAGCU	4098.5851	272.2312	272.2313	b13_15-	ladder
9	UGGUUAGACCAGAUCUGAGC	4468.6278	342.7328	342.7331	b14_13-	ladder
15	GACCAGAUCUGAGCCUGGGA	4753.6905	249.1864	249.186	a15_19-	ladder
5	UCUCUGGUUAGACCAGAUCU	4772.5915	297.2792	297.2796	c15_16-	ladder
17	CCAGAUCUGAGCCUGGGAGC	5438.7687	285.2432	285.2435	b17_19-	ladder
1	GGUCUCUCUGGUUAGACCAG	5377.7034	447.1341	447.134	b17_12-	ladder
8	CUGGUUAGACCAGAUCUGAG	6178.8093	474.2852	474.2861	w19_13-	ladder
14	AGACCAGAUCUGAGCCUGGG	5438.7698	285.2432	285.2435	y17_19-	ladder
13	UAGACCAGAUCUGAGCCUGG	4563.6059	303.2326	303.2328	w14_15-	ladder
15	GACCAGAUCUGAGCCUGGGA	4563.6059	303.2326	303.2328	w14_15-	ladder
3	UCUCUCUGGUUAGACCAGAU	4468.6287	342.7329	342.7331	y14_13-	ladder
10	GGUUAGACCAGAUCUGAGCC	4753.6914	249.1865	249.186	z15_19-	ladder
11	GUUAGACCAGAUCUGAGCCU	4098.5859	272.2313	272.2313	y13_15-	ladder
4	CUCUCUGGUUAGACCAGAUC	3533.4801	270.7984	270.798	x11_13-	ladder
8	CUGGUUAGACCAGAUCUGAG	3549.475	442.6766	442.6764	x11_8-	ladder
6	CUCUGGUUAGACCAGAUCUG	3549.475	442.6766	442.6764	x11_8-	ladder
4	CUCUCUGGUUAGACCAGAUC	3453.5137	214.8368	214.8364	z11_16-	ladder
5	UCUCUGGUUAGACCAGAUCU	3533.4801	270.7984	270.798	x11_13-	ladder
9	UGGUUAGACCAGAUCUGAGC	3549.475	442.6766	442.6764	x11_8-	ladder
5	UCUCUGGUUAGACCAGAUCU	3453.5137	214.8368	214.8364	z11_16-	ladder
7	UCUGGUUAGACCAGAUCUGA	3533.4801	270.7984	270.798	x11_13-	ladder
15	GACCAGAUCUGAGCCUGGGA	3299.4507	298.9423	298.9427	x10_11-	ladder
10	GGUUAGACCAGAUCUGAGCC	3549.475	442.6766	442.6764	x11_8-	ladder
4	CUCUCUGGUUAGACCAGAUC	2836.4463	256.851	256.8508	y9_11-	ladder
7	UCUGGUUAGACCAGAUCUGA	3453.5137	214.8368	214.8364	z11_16-	ladder
16	ACCAGAUCUGAGCCUGGGAG	3299.4507	298.9423	298.9427	x10_11-	ladder
18	CAGAUCUGAGCCUGGGAGCU	2338.3198	388.7122	388.7119	w7_6-	ladder
17	CCAGAUCUGAGCCUGGGAGC	2338.3198	388.7122	388.7119	w7_6-	ladder
16	ACCAGAUCUGAGCCUGGGAG	2338.3198	388.7122	388.7119	w7_6-	ladder
57	CCACUGCUUAAGCCUCAAAA	1550.2017	154.0124	154.0121	c5_10-	ladder
30	UGGGAGCUCUCUGGCUAACU	2338.3194	388.7121	388.7119	d7_6-	ladder
69	CCUCAAAAAAGCUUGCCUUG	1550.2017	154.0124	154.0121	c5_10-	ladder
51	GGGAACCCACUGCUUAAGCC	2303.3299	286.9084	286.9081	c7_8-	ladder
48	CUAGGGAACCCACUGCUUAA	2322.3245	330.7528	330.7534	d7_7-	ladder
30	UGGGAGCUCUCUGGCUAACU	3255.4113	294.9387	294.9387	d10_11-	ladder
60	CUGCUUAAGCCUCAAAAAAG	1891.2165	314.1949	314.1948	d6_6-	ladder
39	UCUGGCUAACUAGGGAACCC	2990.3901	270.8458	270.8454	a-B10_11-	ladder
51	GGGAACCCACUGCUUAAGCC	3662.522	243.1603	243.1602	a-B12_15-	ladder
39	UCUGGCUAACUAGGGAACCC	3601.4566	210.8426	210.8423	a-B12_17-	ladder
48	CUAGGGAACCCACUGCUUAA	3662.522	243.1603	243.1602	a-B12_15-	ladder
60	CUGCUUAAGCCUCAAAAAAG	2990.3901	270.8458	270.8454	a-B10_11-	ladder
63	CUUAAGCCUCAAAAAAGCUU	3719.5322	337.1315	337.1311	a12_11-	ladder
24	UGAGCCUGGGAGCUCUCUGG	4675.6211	332.9651	332.9657	a-B15_14-	ladder
63	CUUAAGCCUCAAAAAAGCUU	3737.5428	372.7465	372.7459	b12_10-	ladder
24	UGAGCCUGGGAGCUCUCUGG	4980.6623	310.2836	310.2833	a-B16_16-	ladder
69	CCUCAAAAAAGCUUGCCUUG	4377.6372	290.8347	290.835	a14_15-	ladder
48	CUAGGGAACCCACUGCUUAA	4753.6905	249.1864	249.186	a15_19-	ladder
63	CUUAAGCCUCAAAAAAGCUU	4377.6372	290.8347	290.835	a14_15-	ladder
39	UCUGGCUAACUAGGGAACCC	4965.6514	274.8617	274.8613	a-B16_18-	ladder
21	AUCUGAGCCUGGGAGCUCUC	4563.605	303.2325	303.2328	d14_15-	ladder
45	UAACUAGGGAACCCACUGCU	5372.7734	334.7905	334.791	a17_16-	ladder
72	CAAAAAAGCUUGCCUUGAGU	6128.8089	436.7643	436.7649	x19_14-	ladder
57	CCACUGCUUAAGCCUCAAAA	6047.8126	502.9766	502.976	x19_12-	ladder
63	CUUAAGCCUCAAAAAAGCUU	5685.831	298.2465	298.2466	a18_19-	ladder
42	GGCUAACUAGGGAACCCACU	5372.7745	334.7906	334.791	z17_16-	ladder
51	GGGAACCCACUGCUUAAGCC	5671.8151	514.6118	514.6122	y18_11-	ladder
51	GGGAACCCACUGCUUAAGCC	5326.7676	408.7436	408.7443	y17_13-	ladder
21	AUCUGAGCCUGGGAGCUCUC	5720.7839	316.8135	316.8138	y18_18-	ladder
57	CCACUGCUUAAGCCUCAAAA	4377.6381	290.8347	290.835	z14_15-	ladder
24	UGAGCCUGGGAGCUCUCUGG	4152.5713	275.8303	275.8299	z13_15-	ladder
57	CCACUGCUUAAGCCUCAAAA	4152.5631	275.8297	275.8299	x13_15-	ladder
45	UAACUAGGGAACCCACUGCU	4753.6914	249.1865	249.186	z15_19-	ladder
63	CUUAAGCCUCAAAAAAGCUU	4377.6381	290.8347	290.835	z14_15-	ladder
63	CUUAAGCCUCAAAAAAGCUU	4152.5631	275.8297	275.8299	x13_15-	ladder
21	AUCUGAGCCUGGGAGCUCUC	4170.5359	296.8876	296.8881	w13_14-	ladder
66	AAGCCUCAAAAAAGCUUGCC	3533.4801	270.7984	270.798	x11_13-	ladder
66	AAGCCUCAAAAAAGCUUGCC	3453.5137	214.8368	214.8364	z11_16-	ladder
42	GGCUAACUAGGGAACCCACU	1550.2019	154.0124	154.0121	x5_10-	ladder
54	AACCCACUGCUUAAGCCUCA	1550.2019	154.0124	154.0121	x5_10-	ladder
60	CUGCUUAAGCCUCAAAAAAG	2850.4633	166.6665	166.6668	z9_17-	ladder
29	CUGGGAGCUCUCUGGCUAAC	2338.3194	388.7121	388.7119	d7_6-	ladder
71	UCAAAAAAGCUUGCCUUGAG	2850.4628	166.6665	166.6668	a9_17-	ladder
47	ACUAGGGAACCCACUGCUUA	2322.3245	330.7528	330.7534	d7_7-	ladder
41	UGGCUAACUAGGGAACCCAC	2990.3901	270.8458	270.8454	a-B10_11-	ladder
26	AGCCUGGGAGCUCUCUGGCU	3299.4501	298.9422	298.9427	c10_11-	ladder
50	AGGGAACCCACUGCUUAAGC	4753.6905	249.1864	249.186	a15_19-	ladder
23	CUGAGCCUGGGAGCUCUCUG	4980.6623	310.2836	310.2833	a-B16_16-	ladder
71	UCAAAAAAGCUUGCCUUGAG	5352.7458	410.7419	410.7414	b17_13-	ladder
53	GAACCCACUGCUUAAGCCUC	5366.7727	356.777	356.7769	b17_15-	ladder
62	GCUUAAGCCUCAAAAAAGCU	4393.6322	312.8231	312.8225	a14_14-	ladder
41	UGGCUAACUAGGGAACCCAC	5508.7408	288.9259	288.9263	c17_19-	ladder
53	GAACCCACUGCUUAAGCCUC	5671.814	514.6117	514.6122	b18_11-	ladder
20	GAUCUGAGCCUGGGAGCUCU	4675.6211	332.9651	332.9657	a-B15_14-	ladder
23	CUGAGCCUGGGAGCUCUCUG	5720.7828	316.8135	316.8138	b18_18-	ladder
68	GCCUCAAAAAAGCUUGCCUU	5372.7734	334.7905	334.791	a17_16-	ladder
50	AGGGAACCCACUGCUUAAGC	5366.7738	356.7771	356.7769	y17_15-	ladder
32	GGAGCUCUCUGGCUAACUAG	4772.5924	297.2792	297.2796	x15_16-	ladder
38	CUCUGGCUAACUAGGGAACC	5508.7419	288.926	288.9263	x17_19-	ladder
68	GCCUCAAAAAAGCUUGCCUU	5352.7469	410.742	410.7414	y17_13-	ladder
65	UAAGCCUCAAAAAAGCUUGC	5372.7745	334.7906	334.791	z17_16-	ladder
44	CUAACUAGGGAACCCACUGC	4753.6914	249.1865	249.186	z15_19-	ladder
20	GAUCUGAGCCUGGGAGCUCU	3255.4119	294.9387	294.9387	w10_11-	ladder
23	CUGAGCCUGGGAGCUCUCUG	1891.2168	314.195	314.1948	w6_6-	ladder
38	CUCUGGCUAACUAGGGAACC	2303.3303	286.9085	286.9081	x7_8-	ladder
35	GCUCUCUGGCUAACUAGGGA	2322.3249	330.7529	330.7534	w7_7-	ladder
62	GCUUAAGCCUCAAAAAAGCU	2850.4633	166.6665	166.6668	z9_17-	ladder
68	GCCUCAAAAAAGCUUGCCUU	1891.2168	314.195	314.1948	w6_6-	ladder
64	UUAAGCCUCAAAAAAGCUUG	1384.1873	275.8297	275.8299	a-B5_5-	ladder
31	GGGAGCUCUCUGGCUAACUA	2338.3194	388.7121	388.7119	d7_6-	ladder
37	UCUCUGGCUAACUAGGGAAC	1891.2165	314.1949	314.1948	d6_6-	ladder
70	CUCAAAAAAGCUUGCCUUGA	4152.5623	275.8297	275.8299	c13_15-	ladder
52	GGAACCCACUGCUUAAGCCU	3662.522	243.1603	243.1602	a-B12_15-	ladder
28	CCUGGGAGCUCUCUGGCUAA	4170.5351	296.8876	296.8881	d13_14-	ladder
31	GGGAGCUCUCUGGCUAACUA	4152.5705	275.8302	275.8299	a13_15-	ladder
61	UGCUUAAGCCUCAAAAAAGC	2990.3901	270.8458	270.8454	a-B10_11-	ladder
37	UCUCUGGCUAACUAGGGAAC	3601.4566	210.8426	210.8423	a-B12_17-	ladder
40	CUGGCUAACUAGGGAACCCA	4563.605	303.2325	303.2328	d14_15-	ladder
19	AGAUCUGAGCCUGGGAGCUC	3549.4743	442.6765	442.6764	c11_8-	ladder
22	UCUGAGCCUGGGAGCUCUCU	4675.6211	332.9651	332.9657	a-B15_14-	ladder
61	UGCUUAAGCCUCAAAAAAGC	3601.4566	210.8426	210.8423	a-B12_17-	ladder
64	UUAAGCCUCAAAAAAGCUUG	4152.5623	275.8297	275.8299	c13_15-	ladder
25	GAGCCUGGGAGCUCUCUGGC	3299.4501	298.9422	298.9427	c10_11-	ladder
22	UCUGAGCCUGGGAGCUCUCU	4980.6623	310.2836	310.2833	a-B16_16-	ladder
49	UAGGGAACCCACUGCUUAAG	4753.6905	249.1864	249.186	a15_19-	ladder
40	CUGGCUAACUAGGGAACCCA	5508.7408	288.9259	288.9263	c17_19-	ladder
37	UCUCUGGCUAACUAGGGAAC	4772.5915	297.2792	297.2796	c15_16-	ladder
19	AGAUCUGAGCCUGGGAGCUC	4563.605	303.2325	303.2328	d14_15-	ladder
25	GAGCCUGGGAGCUCUCUGGC	4980.6623	310.2836	310.2833	a-B16_16-	ladder
37	UCUCUGGCUAACUAGGGAAC	5508.7419	288.926	288.9263	x17_19-	ladder
61	UGCUUAAGCCUCAAAAAAGC	5685.8321	298.2465	298.2466	z18_19-	ladder
34	AGCUCUCUGGCUAACUAGGG	4563.6059	303.2326	303.2328	w14_15-	ladder
55	ACCCACUGCUUAAGCCUCAA	3737.5435	372.7466	372.7459	y12_10-	ladder
55	ACCCACUGCUUAAGCCUCAA	3719.5329	337.1316	337.1311	z12_11-	ladder
43	GCUAACUAGGGAACCCACUG	4753.6914	249.1865	249.186	z15_19-	ladder
58	CACUGCUUAAGCCUCAAAAA	6047.8114	502.9765	502.976	c19_12-	ladder
46	AACUAGGGAACCCACUGCUU	1891.2168	314.195	314.1948	w6_6-	ladder
34	AGCUCUCUGGCUAACUAGGG	2322.3249	330.7529	330.7534	w7_7-	ladder
67	AGCCUCAAAAAAGCUUGCCU	1891.2168	314.195	314.1948	w6_6-	ladder
84	CCUUGAGUGCUUCAAGUAGU	6343.9816	316.1913	316.1916	M-20H	ladder
78	AGCUUGCCUUGAGUGCUUCA	6319.9516	370.7541	370.7538	M-17H	ladder
79	GCUUGCCUUGAGUGCUUCAA	6319.9516	370.7541	370.7538	M-17H	ladder
80	CUUGCCUUGAGUGCUUCAAG	6319.9516	370.7541	370.7538	M-17H	ladder
77	AAGCUUGCCUUGAGUGCUUC	6319.9516	370.7541	370.7538	M-17H	ladder
82	UGCCUUGAGUGCUUCAAGUA	6343.9816	316.1913	316.1916	M-20H	ladder
73	AAAAAAGCUUGCCUUGAGUG	2850.4628	166.6665	166.6668	a9_17-	ladder
76	AAAGCUUGCCUUGAGUGCUU	6343.9816	316.1913	316.1916	M-20H	ladder
81	UUGCCUUGAGUGCUUCAAGU	1891.2165	314.1949	314.1948	d6_6-	ladder
89	AGUGCUUCAAGUAGUGUGUG	2990.3901	270.8458	270.8454	a-B10_11-	ladder
78	AGCUUGCCUUGAGUGCUUCA	3946.5041	231.1395	231.1391	a-B13_17-	ladder
77	AAGCUUGCCUUGAGUGCUUC	3601.4566	210.8426	210.8423	a-B12_17-	ladder
83	GCCUUGAGUGCUUCAAGUAG	3255.4113	294.9387	294.9387	d10_11-	ladder
77	AAGCUUGCCUUGAGUGCUUC	3946.5041	231.1395	231.1391	a-B13_17-	ladder
78	AGCUUGCCUUGAGUGCUUCA	4483.5451	447.3467	447.3459	c14_10-	ladder
88	GAGUGCUUCAAGUAGUGUGU	3221.4058	160.0625	160.0628	c10_20-	ladder
89	AGUGCUUCAAGUAGUGUGUG	4468.6278	342.7328	342.7331	b14_13-	ladder
78	AGCUUGCCUUGAGUGCUUCA	4748.6262	790.4299	790.4285	a15_6-	ladder
82	UGCCUUGAGUGCUUCAAGUA	1891.2165	314.1949	314.1948	d6_6-	ladder
78	AGCUUGCCUUGAGUGCUUCA	5053.6675	296.2668	296.2673	a16_17-	ladder
85	CUUGAGUGCUUCAAGUAGUG	4467.5502	296.8289	296.8286	c14_15-	ladder
84	CCUUGAGUGCUUCAAGUAGU	4772.5915	297.2792	297.2796	c15_16-	ladder
75	AAAAGCUUGCCUUGAGUGCU	3453.5131	214.8368	214.8364	a11_16-	ladder
73	AAAAAAGCUUGCCUUGAGUG	6128.8077	436.7642	436.7649	c19_14-	ladder
78	AGCUUGCCUUGAGUGCUUCA	5377.7034	447.1341	447.134	b17_12-	ladder
75	AAAAGCUUGCCUUGAGUGCU	3533.4794	270.7983	270.798	c11_13-	ladder
81	UUGCCUUGAGUGCUUCAAGU	4784.5538	796.4178	796.4194	d15_6-	ladder
88	GAGUGCUUCAAGUAGUGUGU	4468.6278	342.7328	342.7331	b14_13-	ladder
74	AAAAAGCUUGCCUUGAGUGC	5053.6685	296.2668	296.2673	z16_17-	ladder
87	UGAGUGCUUCAAGUAGUGUG	5176.6406	368.7522	368.7518	w16_14-	ladder
90	GUGCUUCAAGUAGUGUGUGC	2990.3901	270.8458	270.8454	a-B10_11-	ladder
73	AAAAAAGCUUGCCUUGAGUG	4748.6272	790.4301	790.4285	z15_6-	ladder
90	GUGCUUCAAGUAGUGUGUGC	3221.4058	160.0625	160.0628	c10_20-	ladder
88	GAGUGCUUCAAGUAGUGUGU	5640.7354	330.8002	330.8008	a-B18_17-	ladder
79	GCUUGCCUUGAGUGCUUCAA	4772.5924	297.2792	297.2796	x15_16-	ladder
86	UUGAGUGCUUCAAGUAGUGU	5176.6406	368.7522	368.7518	w16_14-	ladder
89	AGUGCUUCAAGUAGUGUGUG	5176.6406	368.7522	368.7518	w16_14-	ladder
79	GCUUGCCUUGAGUGCUUCAA	4467.5511	296.8289	296.8286	x14_15-	ladder
87	UGAGUGCUUCAAGUAGUGUG	4202.5159	279.1599	279.1601	x13_15-	ladder
73	AAAAAAGCUUGCCUUGAGUG	3255.4119	294.9387	294.9387	w10_11-	ladder
88	GAGUGCUUCAAGUAGUGUGU	5176.6406	368.7522	368.7518	w16_14-	ladder
78	AGCUUGCCUUGAGUGCUUCA	3221.4064	160.0625	160.0628	x10_20-	ladder
83	GCCUUGAGUGCUUCAAGUAG	4468.6287	342.7329	342.7331	y14_13-	ladder
86	UUGAGUGCUUCAAGUAGUGU	3263.4282	190.9586	190.9589	w10_17-	ladder
75	AAAAGCUUGCCUUGAGUGCU	5377.7044	447.1342	447.134	y17_12-	ladder
85	CUUGAGUGCUUCAAGUAGUG	3263.4282	190.9586	190.9589	w10_17-	ladder
80	CUUGCCUUGAGUGCUUCAAG	3221.4064	160.0625	160.0628	x10_20-	ladder
90	GUGCUUCAAGUAGUGUGUGC	5176.6396	368.7522	368.7518	d16_14-	ladder
89	AGUGCUUCAAGUAGUGUGUG	2871.3882	219.8682	219.8684	y9_13-	ladder
88	GAGUGCUUCAAGUAGUGUGU	4202.5159	279.1599	279.1601	x13_15-	ladder
76	AAAGCUUGCCUUGAGUGCUU	4784.5547	796.418	796.4194	w15_6-	ladder
77	AAGCUUGCCUUGAGUGCUUC	1891.2168	314.195	314.1948	w6_6-	ladder
88	GAGUGCUUCAAGUAGUGUGU	2871.3882	219.8682	219.8684	y9_13-	ladder
82	UGCCUUGAGUGCUUCAAGUA	4468.6287	342.7329	342.7331	y14_13-	ladder
90	GUGCUUCAAGUAGUGUGUGC	5176.6406	368.7522	368.7518	w16_14-	ladder
82	UGCCUUGAGUGCUUCAAGUA	2573.3332	196.9409	196.9411	w8_13-	ladder
94	UUCAAGUAGUGUGUGCCCGU	2573.3327	196.9409	196.9411	d8_13-	ladder
91	UGCUUCAAGUAGUGUGUGCC	1891.2165	314.1949	314.1948	d6_6-	ladder
100	UAGUGUGUGCCCGUCUGUUG	2871.3877	219.8682	219.8684	b9_13-	ladder
92	GCUUCAAGUAGUGUGUGCCC	2990.3901	270.8458	270.8454	a-B10_11-	ladder
99	GUAGUGUGUGCCCGUCUGUU	2871.3877	219.8682	219.8684	b9_13-	ladder
101	AGUGUGUGCCCGUCUGUUGU	3255.4113	294.9387	294.9387	d10_11-	ladder
103	UGUGUGCCCGUCUGUUGUGU	2581.3113	429.2108	429.2112	d8_6-	ladder
103	UGUGUGCCCGUCUGUUGUGU	2677.3325	534.4587	534.4584	a-B9_5-	ladder
91	UGCUUCAAGUAGUGUGUGCC	2990.3901	270.8458	270.8454	a-B10_11-	ladder
98	AGUAGUGUGUGCCCGUCUGU	4137.5596	688.5855	688.5843	a13_6-	ladder
94	UUCAAGUAGUGUGUGCCCGU	4202.5151	279.1599	279.1601	c13_15-	ladder
93	CUUCAAGUAGUGUGUGCCCG	5176.6396	368.7522	368.7518	d16_14-	ladder
97	AAGUAGUGUGUGCCCGUCUG	4965.6514	274.8617	274.8613	a-B16_18-	ladder
94	UUCAAGUAGUGUGUGCCCGU	5176.6396	368.7522	368.7518	d16_14-	ladder
96	CAAGUAGUGUGUGCCCGUCU	3263.4276	190.9585	190.9589	d10_17-	ladder
92	GCUUCAAGUAGUGUGUGCCC	5176.6396	368.7522	368.7518	d16_14-	ladder
95	UCAAGUAGUGUGUGCCCGUC	3263.4276	190.9585	190.9589	d10_17-	ladder
91	UGCUUCAAGUAGUGUGUGCC	5176.6396	368.7522	368.7518	d16_14-	ladder
108	GCCCGUCUGUUGUGUGACUC	1374.203	273.8328	273.833	a-B5_5-	ladder
106	GUGCCCGUCUGUUGUGUGAC	5795.6848	578.5607	578.5617	d18_10-	ladder
102	GUGUGUGCCCGUCUGUUGUG	5795.6848	578.5607	578.5617	d18_10-	ladder
95	UCAAGUAGUGUGUGCCCGUC	4202.5151	279.1599	279.1601	c13_15-	ladder
96	CAAGUAGUGUGUGCCCGUCU	4965.6514	274.8617	274.8613	a-B16_18-	ladder
104	GUGUGCCCGUCUGUUGUGUG	5795.6848	578.5607	578.5617	d18_10-	ladder
100	UAGUGUGUGCCCGUCUGUUG	5795.686	578.5608	578.5617	w18_10-	ladder
102	GUGUGUGCCCGUCUGUUGUG	5795.686	578.5608	578.5617	w18_10-	ladder
104	GUGUGCCCGUCUGUUGUGUG	5795.686	578.5608	578.5617	w18_10-	ladder
91	UGCUUCAAGUAGUGUGUGCC	4137.5604	688.5856	688.5843	z13_6-	ladder
91	UGCUUCAAGUAGUGUGUGCC	3255.4119	294.9387	294.9387	w10_11-	ladder
104	GUGUGCCCGUCUGUUGUGUG	4396.5474	337.1882	337.1878	z14_13-	ladder
91	UGCUUCAAGUAGUGUGUGCC	2581.3118	429.2108	429.2112	w8_6-	ladder
119	GUGUGACUCUGGAAAAAAAA	6461.1616	402.8148	402.8141	M-16H	ladder
109	CCCGUCUGUUGUGUGACUCU	1374.203	273.8328	273.833	a-B5_5-	ladder
108	GCCCGUCUGUUGUGUGACUC	4784.5547	796.418	796.4194	w15_6-	ladder
105	UGUGCCCGUCUGUUGUGUGA	2871.3882	219.8682	219.8684	y9_13-	ladder
110	CCGUCUGUUGUGUGACUCUG	4396.5465	337.1881	337.1878	a14_13-	ladder
116	GUUGUGUGACUCUGGAAAAA	2871.3877	219.8682	219.8684	b9_13-	ladder
119	GUGUGACUCUGGAAAAAAAA	4137.5596	688.5855	688.5843	a13_6-	ladder
110	CCGUCUGUUGUGUGACUCUG	5965.7427	297.2793	297.2796	b19_20-	ladder
113	UCUGUUGUGUGACUCUGGAA	4784.5538	796.4178	796.4194	d15_6-	ladder
120	UGUGACUCUGGAAAAAAAAA	4468.6278	342.7328	342.7331	b14_13-	ladder
112	GUCUGUUGUGUGACUCUGGA	5876.695	292.827	292.8274	a-B19_20-	ladder
117	UUGUGUGACUCUGGAAAAAA	4829.5766	300.8407	300.8402	c15_16-	ladder
121	GUGACUCUGGAAAAAAAAAA	3255.4113	294.9387	294.9387	d10_11-	ladder
119	GUGUGACUCUGGAAAAAAAA	5471.7803	340.9785	340.978	b17_16-	ladder
114	CUGUUGUGUGACUCUGGAAA	4784.5538	796.4178	796.4194	d15_6-	ladder
117	UUGUGUGACUCUGGAAAAAA	5176.6396	368.7522	368.7518	d16_14-	ladder
113	UCUGUUGUGUGACUCUGGAA	5876.695	292.827	292.8274	a-B19_20-	ladder
119	GUGUGACUCUGGAAAAAAAA	5976.8202	458.7476	458.7469	a-B19_13-	ladder
109	CCCGUCUGUUGUGUGACUCU	5965.7439	297.2794	297.2796	y19_20-	ladder
117	UUGUGUGACUCUGGAAAAAA	5834.7447	529.4235	529.4239	d18_11-	ladder
118	UGUGUGACUCUGGAAAAAAA	5528.7194	306.1433	306.1431	d17_18-	ladder
112	GUCUGUUGUGUGACUCUGGA	4829.5775	300.8408	300.8402	x15_16-	ladder
109	CCCGUCUGUUGUGUGACUCU	4784.5547	796.418	796.4194	w15_6-	ladder
113	UCUGUUGUGUGACUCUGGAA	5176.6406	368.7522	368.7518	w16_14-	ladder
112	GUCUGUUGUGUGACUCUGGA	4137.5604	688.5856	688.5843	z13_6-	ladder
116	GUUGUGUGACUCUGGAAAAA	5471.7813	340.9785	340.978	y17_16-	ladder
111	CGUCUGUUGUGUGACUCUGG	3255.4119	294.9387	294.9387	w10_11-	ladder
119	GUGUGACUCUGGAAAAAAAA	4482.6933	279.1605	279.1601	y14_16-	ladder
115	UGUUGUGUGACUCUGGAAAA	5834.7458	529.4236	529.4239	w18_11-	ladder
112	GUCUGUUGUGUGACUCUGGA	3221.4064	160.0625	160.0628	x10_20-	ladder
119	GUGUGACUCUGGAAAAAAAA	4177.6519	416.7574	416.7574	y13_10-	ladder
115	UGUUGUGUGACUCUGGAAAA	5528.7205	306.1433	306.1431	w17_18-	ladder
119	GUGUGACUCUGGAAAAAAAA	3933.5823	490.69	490.6896	x12_8-	ladder
114	CUGUUGUGUGACUCUGGAAA	4468.6287	342.7329	342.7331	y14_13-	ladder
119	GUGUGACUCUGGAAAAAAAA	3548.5746	393.2783	393.2779	z11_9-	ladder
118	UGUGUGACUCUGGAAAAAAA	4482.6933	279.1605	279.1601	y14_16-	ladder
120	UGUGACUCUGGAAAAAAAAA	3957.5936	281.6775	281.6774	x12_14-	ladder
121	GUGACUCUGGAAAAAAAAAA	5531.8068	344.7301	344.7301	x17_16-	ladder
