Window	Seq	theory_m/z	theory_m/z	Peak	ion	deletions	Score
2	GUCUCUCUGGUUAGACC	1891.2165	314.1949	314.1948	d6_6-	ladder
5	UCUCUGGUUAGACCAGA	1891.2165	314.1949	314.1948	d6_6-	ladder
15	GACCAGAUCUGAGCCUG	2836.4458	256.8509	256.8508	b9_11-	ladder
16	ACCAGAUCUGAGCCUGG	3453.5131	214.8368	214.8364	a11_16-	ladder
13	UAGACCAGAUCUGAGCC	3453.5131	214.8368	214.8364	a11_16-	ladder
15	GACCAGAUCUGAGCCUG	3549.4743	442.6765	442.6764	c11_8-	ladder
16	ACCAGAUCUGAGCCUGG	3533.4794	270.7983	270.798	c11_13-	ladder
13	UAGACCAGAUCUGAGCC	3533.4794	270.7983	270.798	c11_13-	ladder
18	CAGAUCUGAGCCUGGGA	3549.4743	442.6765	442.6764	c11_8-	ladder
6	CUCUGGUUAGACCAGAU	3946.5041	231.1395	231.1391	a-B13_17-	ladder
7	UCUGGUUAGACCAGAUC	3946.5041	231.1395	231.1391	a-B13_17-	ladder
9	UGGUUAGACCAGAUCUG	4468.6278	342.7328	342.7331	b14_13-	ladder
18	CAGAUCUGAGCCUGGGA	4098.5851	272.2312	272.2313	b13_15-	ladder
14	AGACCAGAUCUGAGCCU	3453.5131	214.8368	214.8364	a11_16-	ladder
14	AGACCAGAUCUGAGCCU	3533.4794	270.7983	270.798	c11_13-	ladder
17	CCAGAUCUGAGCCUGGG	3549.4743	442.6765	442.6764	c11_8-	ladder
5	UCUCUGGUUAGACCAGA	4772.5915	297.2792	297.2796	c15_16-	ladder
3	UCUCUCUGGUUAGACCA	4772.5924	297.2792	297.2796	x15_16-	ladder
16	ACCAGAUCUGAGCCUGG	4563.6059	303.2326	303.2328	w14_15-	ladder
6	CUCUGGUUAGACCAGAU	4468.6287	342.7329	342.7331	y14_13-	ladder
18	CAGAUCUGAGCCUGGGA	4563.6059	303.2326	303.2328	w14_15-	ladder
12	UUAGACCAGAUCUGAGC	3549.475	442.6766	442.6764	x11_8-	ladder
8	CUGGUUAGACCAGAUCU	3533.4801	270.7984	270.798	x11_13-	ladder
7	UCUGGUUAGACCAGAUC	3533.4801	270.7984	270.798	x11_13-	ladder
10	GGUUAGACCAGAUCUGA	3533.4801	270.7984	270.798	x11_13-	ladder
9	UGGUUAGACCAGAUCUG	3549.475	442.6766	442.6764	x11_8-	ladder
8	CUGGUUAGACCAGAUCU	3453.5137	214.8368	214.8364	z11_16-	ladder
13	UAGACCAGAUCUGAGCC	3549.475	442.6766	442.6764	x11_8-	ladder
7	UCUGGUUAGACCAGAUC	3453.5137	214.8368	214.8364	z11_16-	ladder
10	GGUUAGACCAGAUCUGA	3453.5137	214.8368	214.8364	z11_16-	ladder
7	UCUGGUUAGACCAGAUC	2836.4463	256.851	256.8508	y9_11-	ladder
18	CAGAUCUGAGCCUGGGA	3299.4507	298.9423	298.9427	x10_11-	ladder
14	AGACCAGAUCUGAGCCU	4098.5859	272.2313	272.2313	y13_15-	ladder
11	GUUAGACCAGAUCUGAG	3549.475	442.6766	442.6764	x11_8-	ladder
57	CCACUGCUUAAGCCUCA	1550.2017	154.0124	154.0121	c5_10-	ladder
30	UGGGAGCUCUCUGGCUA	2338.3194	388.7121	388.7119	d7_6-	ladder
48	CUAGGGAACCCACUGCU	2322.3245	330.7528	330.7534	d7_7-	ladder
39	UCUGGCUAACUAGGGAA	2990.3901	270.8458	270.8454	a-B10_11-	ladder
30	UGGGAGCUCUCUGGCUA	3255.4113	294.9387	294.9387	d10_11-	ladder
39	UCUGGCUAACUAGGGAA	3601.4566	210.8426	210.8423	a-B12_17-	ladder
48	CUAGGGAACCCACUGCU	3662.522	243.1603	243.1602	a-B12_15-	ladder
63	CUUAAGCCUCAAAAAAG	3719.5322	337.1315	337.1311	a12_11-	ladder
63	CUUAAGCCUCAAAAAAG	3737.5428	372.7465	372.7459	b12_10-	ladder
51	GGGAACCCACUGCUUAA	2303.3299	286.9084	286.9081	c7_8-	ladder
60	CUGCUUAAGCCUCAAAA	1891.2165	314.1949	314.1948	d6_6-	ladder
69	CCUCAAAAAAGCUUGCC	1550.2017	154.0124	154.0121	c5_10-	ladder
63	CUUAAGCCUCAAAAAAG	4377.6372	290.8347	290.835	a14_15-	ladder
24	UGAGCCUGGGAGCUCUC	4675.6211	332.9651	332.9657	a-B15_14-	ladder
24	UGAGCCUGGGAGCUCUC	4980.6623	310.2836	310.2833	a-B16_16-	ladder
60	CUGCUUAAGCCUCAAAA	2990.3901	270.8458	270.8454	a-B10_11-	ladder
51	GGGAACCCACUGCUUAA	3662.522	243.1603	243.1602	a-B12_15-	ladder
27	GCCUGGGAGCUCUCUGG	4152.5713	275.8303	275.8299	z13_15-	ladder
24	UGAGCCUGGGAGCUCUC	4170.5359	296.8876	296.8881	w13_14-	ladder
66	AAGCCUCAAAAAAGCUU	4377.6381	290.8347	290.835	z14_15-	ladder
66	AAGCCUCAAAAAAGCUU	4152.5631	275.8297	275.8299	x13_15-	ladder
63	CUUAAGCCUCAAAAAAG	2850.4633	166.6665	166.6668	z9_17-	ladder
69	CCUCAAAAAAGCUUGCC	4377.6372	290.8347	290.835	a14_15-	ladder
21	AUCUGAGCCUGGGAGCU	4563.605	303.2325	303.2328	d14_15-	ladder
45	UAACUAGGGAACCCACU	1550.2019	154.0124	154.0121	x5_10-	ladder
60	CUGCUUAAGCCUCAAAA	4377.6381	290.8347	290.835	z14_15-	ladder
57	CCACUGCUUAAGCCUCA	1550.2019	154.0124	154.0121	x5_10-	ladder
60	CUGCUUAAGCCUCAAAA	4152.5631	275.8297	275.8299	x13_15-	ladder
69	CCUCAAAAAAGCUUGCC	3533.4801	270.7984	270.798	x11_13-	ladder
69	CCUCAAAAAAGCUUGCC	3453.5137	214.8368	214.8364	z11_16-	ladder
21	AUCUGAGCCUGGGAGCU	2338.3198	388.7122	388.7119	w7_6-	ladder
29	CUGGGAGCUCUCUGGCU	2338.3194	388.7121	388.7119	d7_6-	ladder
47	ACUAGGGAACCCACUGC	2322.3245	330.7528	330.7534	d7_7-	ladder
41	UGGCUAACUAGGGAACC	2990.3901	270.8458	270.8454	a-B10_11-	ladder
71	UCAAAAAAGCUUGCCUU	2850.4628	166.6665	166.6668	a9_17-	ladder
26	AGCCUGGGAGCUCUCUG	3299.4501	298.9422	298.9427	c10_11-	ladder
62	GCUUAAGCCUCAAAAAA	4393.6322	312.8231	312.8225	a14_14-	ladder
23	CUGAGCCUGGGAGCUCU	4980.6623	310.2836	310.2833	a-B16_16-	ladder
35	GCUCUCUGGCUAACUAG	4772.5924	297.2792	297.2796	x15_16-	ladder
23	CUGAGCCUGGGAGCUCU	3255.4119	294.9387	294.9387	w10_11-	ladder
41	UGGCUAACUAGGGAACC	2303.3303	286.9085	286.9081	x7_8-	ladder
38	CUCUGGCUAACUAGGGA	2322.3249	330.7529	330.7534	w7_7-	ladder
26	AGCCUGGGAGCUCUCUG	1891.2168	314.195	314.1948	w6_6-	ladder
65	UAAGCCUCAAAAAAGCU	2850.4633	166.6665	166.6668	z9_17-	ladder
71	UCAAAAAAGCUUGCCUU	1891.2168	314.195	314.1948	w6_6-	ladder
20	GAUCUGAGCCUGGGAGC	4675.6211	332.9651	332.9657	a-B15_14-	ladder
64	UUAAGCCUCAAAAAAGC	1384.1873	275.8297	275.8299	a-B5_5-	ladder
37	UCUCUGGCUAACUAGGG	1891.2165	314.1949	314.1948	d6_6-	ladder
20	GAUCUGAGCCUGGGAGC	2338.3198	388.7122	388.7119	w7_6-	ladder
25	GAGCCUGGGAGCUCUCU	3299.4501	298.9422	298.9427	c10_11-	ladder
61	UGCUUAAGCCUCAAAAA	2990.3901	270.8458	270.8454	a-B10_11-	ladder
52	GGAACCCACUGCUUAAG	3662.522	243.1603	243.1602	a-B12_15-	ladder
37	UCUCUGGCUAACUAGGG	3601.4566	210.8426	210.8423	a-B12_17-	ladder
31	GGGAGCUCUCUGGCUAA	2338.3194	388.7121	388.7119	d7_6-	ladder
61	UGCUUAAGCCUCAAAAA	3601.4566	210.8426	210.8423	a-B12_17-	ladder
70	CUCAAAAAAGCUUGCCU	4152.5623	275.8297	275.8299	c13_15-	ladder
28	CCUGGGAGCUCUCUGGC	4170.5351	296.8876	296.8881	d13_14-	ladder
40	CUGGCUAACUAGGGAAC	4563.605	303.2325	303.2328	d14_15-	ladder
64	UUAAGCCUCAAAAAAGC	4152.5623	275.8297	275.8299	c13_15-	ladder
25	GAGCCUGGGAGCUCUCU	4980.6623	310.2836	310.2833	a-B16_16-	ladder
37	UCUCUGGCUAACUAGGG	4772.5915	297.2792	297.2796	c15_16-	ladder
31	GGGAGCUCUCUGGCUAA	4152.5705	275.8302	275.8299	a13_15-	ladder
37	UCUCUGGCUAACUAGGG	4563.6059	303.2326	303.2328	w14_15-	ladder
22	UCUGAGCCUGGGAGCUC	4675.6211	332.9651	332.9657	a-B15_14-	ladder
22	UCUGAGCCUGGGAGCUC	4980.6623	310.2836	310.2833	a-B16_16-	ladder
37	UCUCUGGCUAACUAGGG	2322.3249	330.7529	330.7534	w7_7-	ladder
70	CUCAAAAAAGCUUGCCU	1891.2168	314.195	314.1948	w6_6-	ladder
19	AGAUCUGAGCCUGGGAG	3549.4743	442.6765	442.6764	c11_8-	ladder
58	CACUGCUUAAGCCUCAA	3737.5435	372.7466	372.7459	y12_10-	ladder
58	CACUGCUUAAGCCUCAA	3719.5329	337.1316	337.1311	z12_11-	ladder
49	UAGGGAACCCACUGCUU	1891.2168	314.195	314.1948	w6_6-	ladder
19	AGAUCUGAGCCUGGGAG	4563.605	303.2325	303.2328	d14_15-	ladder
81	UUGCCUUGAGUGCUUCA	1891.2165	314.1949	314.1948	d6_6-	ladder
73	AAAAAAGCUUGCCUUGA	2850.4628	166.6665	166.6668	a9_17-	ladder
82	UGCCUUGAGUGCUUCAA	1891.2165	314.1949	314.1948	d6_6-	ladder
19	AGAUCUGAGCCUGGGAG	3299.4507	298.9423	298.9427	x10_11-	ladder
75	AAAAGCUUGCCUUGAGU	3453.5131	214.8368	214.8364	a11_16-	ladder
75	AAAAGCUUGCCUUGAGU	3533.4794	270.7983	270.798	c11_13-	ladder
78	AGCUUGCCUUGAGUGCU	3946.5041	231.1395	231.1391	a-B13_17-	ladder
19	AGAUCUGAGCCUGGGAG	2338.3198	388.7122	388.7119	w7_6-	ladder
83	GCCUUGAGUGCUUCAAG	3255.4113	294.9387	294.9387	d10_11-	ladder
78	AGCUUGCCUUGAGUGCU	4483.5451	447.3467	447.3459	c14_10-	ladder
85	CUUGAGUGCUUCAAGUA	4467.5502	296.8289	296.8286	c14_15-	ladder
77	AAGCUUGCCUUGAGUGC	3601.4566	210.8426	210.8423	a-B12_17-	ladder
78	AGCUUGCCUUGAGUGCU	4748.6262	790.4299	790.4285	a15_6-	ladder
81	UUGCCUUGAGUGCUUCA	4784.5538	796.4178	796.4194	d15_6-	ladder
78	AGCUUGCCUUGAGUGCU	5053.6675	296.2668	296.2673	a16_17-	ladder
77	AAGCUUGCCUUGAGUGC	3946.5041	231.1395	231.1391	a-B13_17-	ladder
84	CCUUGAGUGCUUCAAGU	4772.5915	297.2792	297.2796	c15_16-	ladder
76	AAAGCUUGCCUUGAGUG	4748.6272	790.4301	790.4285	z15_6-	ladder
85	CUUGAGUGCUUCAAGUA	4468.6287	342.7329	342.7331	y14_13-	ladder
88	GAGUGCUUCAAGUAGUG	4468.6278	342.7328	342.7331	b14_13-	ladder
82	UGCCUUGAGUGCUUCAA	4772.5924	297.2792	297.2796	x15_16-	ladder
77	AAGCUUGCCUUGAGUGC	5053.6685	296.2668	296.2673	z16_17-	ladder
82	UGCCUUGAGUGCUUCAA	4467.5511	296.8289	296.8286	x14_15-	ladder
76	AAAGCUUGCCUUGAGUG	3255.4119	294.9387	294.9387	w10_11-	ladder
79	GCUUGCCUUGAGUGCUU	4784.5547	796.418	796.4194	w15_6-	ladder
90	GUGCUUCAAGUAGUGUG	2990.3901	270.8458	270.8454	a-B10_11-	ladder
85	CUUGAGUGCUUCAAGUA	2573.3332	196.9409	196.9411	w8_13-	ladder
86	UUGAGUGCUUCAAGUAG	4468.6287	342.7329	342.7331	y14_13-	ladder
80	CUUGCCUUGAGUGCUUC	1891.2168	314.195	314.1948	w6_6-	ladder
88	GAGUGCUUCAAGUAGUG	3263.4282	190.9586	190.9589	w10_17-	ladder
89	AGUGCUUCAAGUAGUGU	2990.3901	270.8458	270.8454	a-B10_11-	ladder
90	GUGCUUCAAGUAGUGUG	5176.6396	368.7522	368.7518	d16_14-	ladder
90	GUGCUUCAAGUAGUGUG	5176.6406	368.7522	368.7518	w16_14-	ladder
90	GUGCUUCAAGUAGUGUG	4202.5159	279.1599	279.1601	x13_15-	ladder
89	AGUGCUUCAAGUAGUGU	4468.6278	342.7328	342.7331	b14_13-	ladder
91	UGCUUCAAGUAGUGUGU	1891.2165	314.1949	314.1948	d6_6-	ladder
89	AGUGCUUCAAGUAGUGU	5176.6406	368.7522	368.7518	w16_14-	ladder
91	UGCUUCAAGUAGUGUGU	2990.3901	270.8458	270.8454	a-B10_11-	ladder
99	GUAGUGUGUGCCCGUCU	2871.3877	219.8682	219.8684	b9_13-	ladder
92	GCUUCAAGUAGUGUGUG	2990.3901	270.8458	270.8454	a-B10_11-	ladder
96	CAAGUAGUGUGUGCCCG	3263.4276	190.9585	190.9589	d10_17-	ladder
100	UAGUGUGUGCCCGUCUG	2871.3877	219.8682	219.8684	b9_13-	ladder
95	UCAAGUAGUGUGUGCCC	3263.4276	190.9585	190.9589	d10_17-	ladder
94	UUCAAGUAGUGUGUGCC	2573.3327	196.9409	196.9411	d8_13-	ladder
89	AGUGCUUCAAGUAGUGU	3263.4282	190.9586	190.9589	w10_17-	ladder
101	AGUGUGUGCCCGUCUGU	3255.4113	294.9387	294.9387	d10_11-	ladder
103	UGUGUGCCCGUCUGUUG	2581.3113	429.2108	429.2112	d8_6-	ladder
103	UGUGUGCCCGUCUGUUG	2677.3325	534.4587	534.4584	a-B9_5-	ladder
95	UCAAGUAGUGUGUGCCC	4202.5151	279.1599	279.1601	c13_15-	ladder
91	UGCUUCAAGUAGUGUGU	5176.6396	368.7522	368.7518	d16_14-	ladder
93	CUUCAAGUAGUGUGUGC	5176.6396	368.7522	368.7518	d16_14-	ladder
91	UGCUUCAAGUAGUGUGU	5176.6406	368.7522	368.7518	w16_14-	ladder
92	GCUUCAAGUAGUGUGUG	5176.6396	368.7522	368.7518	d16_14-	ladder
94	UUCAAGUAGUGUGUGCC	4202.5151	279.1599	279.1601	c13_15-	ladder
93	CUUCAAGUAGUGUGUGC	5176.6406	368.7522	368.7518	w16_14-	ladder
92	GCUUCAAGUAGUGUGUG	5176.6406	368.7522	368.7518	w16_14-	ladder
98	AGUAGUGUGUGCCCGUC	4137.5596	688.5855	688.5843	a13_6-	ladder
91	UGCUUCAAGUAGUGUGU	4202.5159	279.1599	279.1601	x13_15-	ladder
94	UUCAAGUAGUGUGUGCC	5176.6396	368.7522	368.7518	d16_14-	ladder
91	UGCUUCAAGUAGUGUGU	2871.3882	219.8682	219.8684	y9_13-	ladder
92	GCUUCAAGUAGUGUGUG	2871.3882	219.8682	219.8684	y9_13-	ladder
94	UUCAAGUAGUGUGUGCC	4137.5604	688.5856	688.5843	z13_6-	ladder
108	GCCCGUCUGUUGUGUGA	1374.203	273.8328	273.833	a-B5_5-	ladder
94	UUCAAGUAGUGUGUGCC	3255.4119	294.9387	294.9387	w10_11-	ladder
94	UUCAAGUAGUGUGUGCC	2581.3118	429.2108	429.2112	w8_6-	ladder
107	UGCCCGUCUGUUGUGUG	4396.5474	337.1882	337.1878	z14_13-	ladder
109	CCCGUCUGUUGUGUGAC	1374.203	273.8328	273.833	a-B5_5-	ladder
116	GUUGUGUGACUCUGGAA	2871.3877	219.8682	219.8684	b9_13-	ladder
108	GCCCGUCUGUUGUGUGA	2871.3882	219.8682	219.8684	y9_13-	ladder
110	CCGUCUGUUGUGUGACU	4396.5465	337.1881	337.1878	a14_13-	ladder
114	CUGUUGUGUGACUCUGG	4784.5538	796.4178	796.4194	d15_6-	ladder
121	GUGACUCUGGAAAAAAA	3255.4113	294.9387	294.9387	d10_11-	ladder
111	CGUCUGUUGUGUGACUC	4784.5547	796.418	796.4194	w15_6-	ladder
117	UUGUGUGACUCUGGAAA	4829.5766	300.8407	300.8402	c15_16-	ladder
115	UGUUGUGUGACUCUGGA	4829.5775	300.8408	300.8402	x15_16-	ladder
116	GUUGUGUGACUCUGGAA	5176.6406	368.7522	368.7518	w16_14-	ladder
117	UUGUGUGACUCUGGAAA	5176.6396	368.7522	368.7518	d16_14-	ladder
112	GUCUGUUGUGUGACUCU	4784.5547	796.418	796.4194	w15_6-	ladder
119	GUGUGACUCUGGAAAAA	4137.5596	688.5855	688.5843	a13_6-	ladder
115	UGUUGUGUGACUCUGGA	4137.5604	688.5856	688.5843	z13_6-	ladder
120	UGUGACUCUGGAAAAAA	4468.6278	342.7328	342.7331	b14_13-	ladder
114	CUGUUGUGUGACUCUGG	3255.4119	294.9387	294.9387	w10_11-	ladder
113	UCUGUUGUGUGACUCUG	4784.5538	796.4178	796.4194	d15_6-	ladder
117	UUGUGUGACUCUGGAAA	4468.6287	342.7329	342.7331	y14_13-	ladder
122	UGACUCUGGAAAAAAAA	4482.6933	279.1605	279.1601	y14_16-	ladder
121	GUGACUCUGGAAAAAAA	4482.6933	279.1605	279.1601	y14_16-	ladder
122	UGACUCUGGAAAAAAAA	4177.6519	416.7574	416.7574	y13_10-	ladder
122	UGACUCUGGAAAAAAAA	3933.5823	490.69	490.6896	x12_8-	ladder
122	UGACUCUGGAAAAAAAA	3548.5746	393.2783	393.2779	z11_9-	ladder
123	GACUCUGGAAAAAAAAA	3957.5936	281.6775	281.6774	x12_14-	ladder
124	ACUCUGGAAAAAAAAAA	4482.6924	279.1605	279.1601	b14_16-	ladder
