Window	Seq	theory_m/z	theory_m/z	Peak	ion	deletions	Score
2	GUCUCUCUGGUUAG	1891.2165	314.1949	314.1948	d6_6-	ladder
5	UCUCUGGUUAGACC	1891.2165	314.1949	314.1948	d6_6-	ladder
15	GACCAGAUCUGAGC	2836.4458	256.8509	256.8508	b9_11-	ladder
14	AGACCAGAUCUGAG	3533.4794	270.7983	270.798	c11_13-	ladder
13	UAGACCAGAUCUGA	3533.4794	270.7983	270.798	c11_13-	ladder
16	ACCAGAUCUGAGCC	3533.4794	270.7983	270.798	c11_13-	ladder
17	CCAGAUCUGAGCCU	3549.4743	442.6765	442.6764	c11_8-	ladder
15	GACCAGAUCUGAGC	3549.4743	442.6765	442.6764	c11_8-	ladder
10	GGUUAGACCAGAUC	3533.4801	270.7984	270.798	x11_13-	ladder
14	AGACCAGAUCUGAG	3549.475	442.6766	442.6764	x11_8-	ladder
18	CAGAUCUGAGCCUG	3549.4743	442.6765	442.6764	c11_8-	ladder
13	UAGACCAGAUCUGA	3533.4801	270.7984	270.798	x11_13-	ladder
16	ACCAGAUCUGAGCC	3549.475	442.6766	442.6764	x11_8-	ladder
12	UUAGACCAGAUCUG	3549.475	442.6766	442.6764	x11_8-	ladder
15	GACCAGAUCUGAGC	3549.475	442.6766	442.6764	x11_8-	ladder
10	GGUUAGACCAGAUC	2836.4463	256.851	256.8508	y9_11-	ladder
11	GUUAGACCAGAUCU	3533.4801	270.7984	270.798	x11_13-	ladder
60	CUGCUUAAGCCUCA	1891.2165	314.1949	314.1948	d6_6-	ladder
30	UGGGAGCUCUCUGG	2338.3194	388.7121	388.7119	d7_6-	ladder
69	CCUCAAAAAAGCUU	1550.2017	154.0124	154.0121	c5_10-	ladder
57	CCACUGCUUAAGCC	1550.2017	154.0124	154.0121	c5_10-	ladder
48	CUAGGGAACCCACU	2322.3245	330.7528	330.7534	d7_7-	ladder
60	CUGCUUAAGCCUCA	2990.3901	270.8458	270.8454	a-B10_11-	ladder
30	UGGGAGCUCUCUGG	3255.4113	294.9387	294.9387	d10_11-	ladder
51	GGGAACCCACUGCU	2303.3299	286.9084	286.9081	c7_8-	ladder
39	UCUGGCUAACUAGG	2990.3901	270.8458	270.8454	a-B10_11-	ladder
27	GCCUGGGAGCUCUC	4170.5359	296.8876	296.8881	w13_14-	ladder
63	CUUAAGCCUCAAAA	3719.5322	337.1315	337.1311	a12_11-	ladder
63	CUUAAGCCUCAAAA	3737.5428	372.7465	372.7459	b12_10-	ladder
21	AUCUGAGCCUGGGA	3299.4507	298.9423	298.9427	x10_11-	ladder
24	UGAGCCUGGGAGCU	2338.3198	388.7122	388.7119	w7_6-	ladder
60	CUGCUUAAGCCUCA	1550.2019	154.0124	154.0121	x5_10-	ladder
72	CAAAAAAGCUUGCC	3533.4801	270.7984	270.798	x11_13-	ladder
48	CUAGGGAACCCACU	1550.2019	154.0124	154.0121	x5_10-	ladder
62	GCUUAAGCCUCAAA	4412.851	734.4674	734.4668	M-6H	ladder
29	CUGGGAGCUCUCUG	2338.3194	388.7121	388.7119	d7_6-	ladder
41	UGGCUAACUAGGGA	2990.3901	270.8458	270.8454	a-B10_11-	ladder
26	AGCCUGGGAGCUCU	3299.4501	298.9422	298.9427	c10_11-	ladder
47	ACUAGGGAACCCAC	2322.3245	330.7528	330.7534	d7_7-	ladder
26	AGCCUGGGAGCUCU	3255.4119	294.9387	294.9387	w10_11-	ladder
44	CUAACUAGGGAACC	2303.3303	286.9085	286.9081	x7_8-	ladder
41	UGGCUAACUAGGGA	2322.3249	330.7529	330.7534	w7_7-	ladder
29	CUGGGAGCUCUCUG	1891.2168	314.195	314.1948	w6_6-	ladder
23	CUGAGCCUGGGAGC	2338.3198	388.7122	388.7119	w7_6-	ladder
64	UUAAGCCUCAAAAA	1384.1873	275.8297	275.8299	a-B5_5-	ladder
31	GGGAGCUCUCUGGC	2338.3194	388.7121	388.7119	d7_6-	ladder
37	UCUCUGGCUAACUA	1891.2165	314.1949	314.1948	d6_6-	ladder
25	GAGCCUGGGAGCUC	3299.4501	298.9422	298.9427	c10_11-	ladder
19	AGAUCUGAGCCUGG	3549.4743	442.6765	442.6764	c11_8-	ladder
61	UGCUUAAGCCUCAA	2990.3901	270.8458	270.8454	a-B10_11-	ladder
28	CCUGGGAGCUCUCU	4170.5351	296.8876	296.8881	d13_14-	ladder
61	UGCUUAAGCCUCAA	3737.5435	372.7466	372.7459	y12_10-	ladder
61	UGCUUAAGCCUCAA	3719.5329	337.1316	337.1311	z12_11-	ladder
52	GGAACCCACUGCUU	1891.2168	314.195	314.1948	w6_6-	ladder
22	UCUGAGCCUGGGAG	3299.4507	298.9423	298.9427	x10_11-	ladder
40	CUGGCUAACUAGGG	2322.3249	330.7529	330.7534	w7_7-	ladder
22	UCUGAGCCUGGGAG	2338.3198	388.7122	388.7119	w7_6-	ladder
108	GCCCGUCUGUUGUG	1374.203	273.8328	273.833	a-B5_5-	ladder
100	UAGUGUGUGCCCGU	2871.3877	219.8682	219.8684	b9_13-	ladder
90	GUGCUUCAAGUAGU	2990.3901	270.8458	270.8454	a-B10_11-	ladder
82	UGCCUUGAGUGCUU	1891.2165	314.1949	314.1948	d6_6-	ladder
94	UUCAAGUAGUGUGU	2573.3327	196.9409	196.9411	d8_13-	ladder
92	GCUUCAAGUAGUGU	2990.3901	270.8458	270.8454	a-B10_11-	ladder
98	AGUAGUGUGUGCCC	4137.5596	688.5855	688.5843	a13_6-	ladder
88	GAGUGCUUCAAGUA	2573.3332	196.9409	196.9411	w8_13-	ladder
94	UUCAAGUAGUGUGU	2871.3882	219.8682	219.8684	y9_13-	ladder
74	AAAAAGCUUGCCUU	1891.2168	314.195	314.1948	w6_6-	ladder
99	GUAGUGUGUGCCCG	2871.3877	219.8682	219.8684	b9_13-	ladder
91	UGCUUCAAGUAGUG	1891.2165	314.1949	314.1948	d6_6-	ladder
83	GCCUUGAGUGCUUC	3255.4113	294.9387	294.9387	d10_11-	ladder
89	AGUGCUUCAAGUAG	2990.3901	270.8458	270.8454	a-B10_11-	ladder
75	AAAAGCUUGCCUUG	3533.4794	270.7983	270.798	c11_13-	ladder
103	UGUGUGCCCGUCUG	2581.3113	429.2108	429.2112	d8_6-	ladder
103	UGUGUGCCCGUCUG	2677.3325	534.4587	534.4584	a-B9_5-	ladder
81	UUGCCUUGAGUGCU	1891.2165	314.1949	314.1948	d6_6-	ladder
101	AGUGUGUGCCCGUC	3255.4113	294.9387	294.9387	d10_11-	ladder
91	UGCUUCAAGUAGUG	2990.3901	270.8458	270.8454	a-B10_11-	ladder
97	AAGUAGUGUGUGCC	4137.5604	688.5856	688.5843	z13_6-	ladder
97	AAGUAGUGUGUGCC	3255.4119	294.9387	294.9387	w10_11-	ladder
79	GCUUGCCUUGAGUG	3255.4119	294.9387	294.9387	w10_11-	ladder
97	AAGUAGUGUGUGCC	2581.3118	429.2108	429.2112	w8_6-	ladder
83	GCCUUGAGUGCUUC	1891.2168	314.195	314.1948	w6_6-	ladder
73	AAAAAAGCUUGCCU	1891.2168	314.195	314.1948	w6_6-	ladder
95	UCAAGUAGUGUGUG	2871.3882	219.8682	219.8684	y9_13-	ladder
123	GACUCUGGAAAAAA	4499.951	561.4861	561.4864	M-8H	ladder
109	CCCGUCUGUUGUGU	1374.203	273.8328	273.833	a-B5_5-	ladder
126	UCUGGAAAAAAAAA	4507.981	562.4898	562.4899	M-8H	ladder
121	GUGACUCUGGAAAA	3255.4113	294.9387	294.9387	d10_11-	ladder
116	GUUGUGUGACUCUG	2871.3877	219.8682	219.8684	b9_13-	ladder
118	UGUGUGACUCUGGA	4137.5604	688.5856	688.5843	z13_6-	ladder
119	GUGUGACUCUGGAA	4137.5596	688.5855	688.5843	a13_6-	ladder
111	CGUCUGUUGUGUGA	2871.3882	219.8682	219.8684	y9_13-	ladder
126	UCUGGAAAAAAAAA	4177.6511	416.7573	416.7574	b13_10-	ladder
117	UUGUGUGACUCUGG	3255.4119	294.9387	294.9387	w10_11-	ladder
126	UCUGGAAAAAAAAA	3957.5936	281.6775	281.6774	x12_14-	ladder
125	CUCUGGAAAAAAAA	4177.6519	416.7574	416.7574	y13_10-	ladder
125	CUCUGGAAAAAAAA	3933.5823	490.69	490.6896	x12_8-	ladder
125	CUCUGGAAAAAAAA	3548.5746	393.2783	393.2779	z11_9-	ladder
127	CUGGAAAAAAAAAA	3933.5816	490.6899	490.6896	c12_8-	ladder
