Window	Seq	theory_m/z	theory_m/z	Peak	ion	deletions	Score
5	UCUCUGGU	1891.2165	314.1949	314.1948	d6_6-	ladder
2	GUCUCUCU	1891.2165	314.1949	314.1948	d6_6-	ladder
48	CUAGGGAA	2322.3245	330.7528	330.7534	d7_7-	ladder
30	UGGGAGCU	2338.3194	388.7121	388.7119	d7_6-	ladder
30	UGGGAGCU	2338.3198	388.7122	388.7119	w7_6-	ladder
60	CUGCUUAA	1891.2165	314.1949	314.1948	d6_6-	ladder
3	UCUCUCUG	1891.2168	314.195	314.1948	w6_6-	ladder
29	CUGGGAGC	2338.3194	388.7121	388.7119	d7_6-	ladder
29	CUGGGAGC	2338.3198	388.7122	388.7119	w7_6-	ladder
47	ACUAGGGA	2322.3245	330.7528	330.7534	d7_7-	ladder
47	ACUAGGGA	2322.3249	330.7529	330.7534	w7_7-	ladder
64	UUAAGCCU	1384.1873	275.8297	275.8299	a-B5_5-	ladder
37	UCUCUGGC	1891.2165	314.1949	314.1948	d6_6-	ladder
51	GGGAACCC	2303.3299	286.9084	286.9081	c7_8-	ladder
35	GCUCUCUG	1891.2168	314.195	314.1948	w6_6-	ladder
31	GGGAGCUC	2338.3194	388.7121	388.7119	d7_6-	ladder
28	CCUGGGAG	2338.3198	388.7122	388.7119	w7_6-	ladder
58	CACUGCUU	1891.2168	314.195	314.1948	w6_6-	ladder
46	AACUAGGG	2322.3249	330.7529	330.7534	w7_7-	ladder
80	CUUGCCUU	1891.2168	314.195	314.1948	w6_6-	ladder
82	UGCCUUGA	1891.2165	314.1949	314.1948	d6_6-	ladder
50	AGGGAACC	2303.3303	286.9085	286.9081	x7_8-	ladder
91	UGCUUCAA	1891.2165	314.1949	314.1948	d6_6-	ladder
81	UUGCCUUG	1891.2165	314.1949	314.1948	d6_6-	ladder
89	AGUGCUUC	1891.2168	314.195	314.1948	w6_6-	ladder
79	GCUUGCCU	1891.2168	314.195	314.1948	w6_6-	ladder
108	GCCCGUCU	1374.203	273.8328	273.833	a-B5_5-	ladder
109	CCCGUCUG	1374.203	273.8328	273.833	a-B5_5-	ladder
