Window	Seq	theory_m/z	theory_m/z	Peak	ion	deletions	Score
2	GUCUCUCUGGU	1891.2165	314.1949	314.1948	d6_6-	ladder
5	UCUCUGGUUAG	1891.2165	314.1949	314.1948	d6_6-	ladder
13	UAGACCAGAUC	2836.4463	256.851	256.8508	y9_11-	ladder
15	GACCAGAUCUG	2836.4458	256.8509	256.8508	b9_11-	ladder
30	UGGGAGCUCUC	2338.3194	388.7121	388.7119	d7_6-	ladder
57	CCACUGCUUAA	1550.2017	154.0124	154.0121	c5_10-	ladder
51	GGGAACCCACU	2303.3299	286.9084	286.9081	c7_8-	ladder
60	CUGCUUAAGCC	1891.2165	314.1949	314.1948	d6_6-	ladder
30	UGGGAGCUCUC	3255.4113	294.9387	294.9387	d10_11-	ladder
48	CUAGGGAACCC	2322.3245	330.7528	330.7534	d7_7-	ladder
24	UGAGCCUGGGA	3299.4507	298.9423	298.9427	x10_11-	ladder
60	CUGCUUAAGCC	2990.3901	270.8458	270.8454	a-B10_11-	ladder
69	CCUCAAAAAAG	1550.2017	154.0124	154.0121	c5_10-	ladder
39	UCUGGCUAACU	2990.3901	270.8458	270.8454	a-B10_11-	ladder
27	GCCUGGGAGCU	2338.3198	388.7122	388.7119	w7_6-	ladder
51	GGGAACCCACU	1550.2019	154.0124	154.0121	x5_10-	ladder
63	CUUAAGCCUCA	1550.2019	154.0124	154.0121	x5_10-	ladder
29	CUGGGAGCUCU	2338.3194	388.7121	388.7119	d7_6-	ladder
29	CUGGGAGCUCU	3255.4119	294.9387	294.9387	w10_11-	ladder
47	ACUAGGGAACC	2322.3245	330.7528	330.7534	d7_7-	ladder
26	AGCCUGGGAGC	3299.4501	298.9422	298.9427	c10_11-	ladder
26	AGCCUGGGAGC	2338.3198	388.7122	388.7119	w7_6-	ladder
47	ACUAGGGAACC	2303.3303	286.9085	286.9081	x7_8-	ladder
32	GGAGCUCUCUG	1891.2168	314.195	314.1948	w6_6-	ladder
44	CUAACUAGGGA	2322.3249	330.7529	330.7534	w7_7-	ladder
37	UCUCUGGCUAA	1891.2165	314.1949	314.1948	d6_6-	ladder
64	UUAAGCCUCAA	1384.1873	275.8297	275.8299	a-B5_5-	ladder
25	GAGCCUGGGAG	3299.4501	298.9422	298.9427	c10_11-	ladder
25	GAGCCUGGGAG	3299.4507	298.9423	298.9427	x10_11-	ladder
31	GGGAGCUCUCU	2338.3194	388.7121	388.7119	d7_6-	ladder
25	GAGCCUGGGAG	2338.3198	388.7122	388.7119	w7_6-	ladder
55	ACCCACUGCUU	1891.2168	314.195	314.1948	w6_6-	ladder
61	UGCUUAAGCCU	2990.3901	270.8458	270.8454	a-B10_11-	ladder
41	UGGCUAACUAG	2990.3901	270.8458	270.8454	a-B10_11-	ladder
82	UGCCUUGAGUG	1891.2165	314.1949	314.1948	d6_6-	ladder
43	GCUAACUAGGG	2322.3249	330.7529	330.7534	w7_7-	ladder
82	UGCCUUGAGUG	3255.4119	294.9387	294.9387	w10_11-	ladder
108	GCCCGUCUGUU	1374.203	273.8328	273.833	a-B5_5-	ladder
90	GUGCUUCAAGU	2990.3901	270.8458	270.8454	a-B10_11-	ladder
86	UUGAGUGCUUC	1891.2168	314.195	314.1948	w6_6-	ladder
92	GCUUCAAGUAG	2990.3901	270.8458	270.8454	a-B10_11-	ladder
100	UAGUGUGUGCC	3255.4119	294.9387	294.9387	w10_11-	ladder
81	UUGCCUUGAGU	1891.2165	314.1949	314.1948	d6_6-	ladder
100	UAGUGUGUGCC	2581.3118	429.2108	429.2112	w8_6-	ladder
76	AAAGCUUGCCU	1891.2168	314.195	314.1948	w6_6-	ladder
89	AGUGCUUCAAG	2990.3901	270.8458	270.8454	a-B10_11-	ladder
91	UGCUUCAAGUA	1891.2165	314.1949	314.1948	d6_6-	ladder
77	AAGCUUGCCUU	1891.2168	314.195	314.1948	w6_6-	ladder
91	UGCUUCAAGUA	2990.3901	270.8458	270.8454	a-B10_11-	ladder
83	GCCUUGAGUGC	3255.4113	294.9387	294.9387	d10_11-	ladder
101	AGUGUGUGCCC	3255.4113	294.9387	294.9387	d10_11-	ladder
109	CCCGUCUGUUG	1374.203	273.8328	273.833	a-B5_5-	ladder
121	GUGACUCUGGA	3255.4113	294.9387	294.9387	d10_11-	ladder
103	UGUGUGCCCGU	2581.3113	429.2108	429.2112	d8_6-	ladder
120	UGUGACUCUGG	3255.4119	294.9387	294.9387	w10_11-	ladder
103	UGUGUGCCCGU	2677.3325	534.4587	534.4584	a-B9_5-	ladder
