Window	Seq	theory_m/z	theory_m/z	Peak	ion	deletions	Score
5	UCUCUGGUUAGA	1891.2165	314.1949	314.1948	d6_6-	ladder
2	GUCUCUCUGGUU	1891.2165	314.1949	314.1948	d6_6-	ladder
15	GACCAGAUCUGA	2836.4458	256.8509	256.8508	b9_11-	ladder
17	CCAGAUCUGAGC	3549.4743	442.6765	442.6764	c11_8-	ladder
15	GACCAGAUCUGA	3549.4743	442.6765	442.6764	c11_8-	ladder
14	AGACCAGAUCUG	3549.475	442.6766	442.6764	x11_8-	ladder
17	CCAGAUCUGAGC	3549.475	442.6766	442.6764	x11_8-	ladder
16	ACCAGAUCUGAG	3549.475	442.6766	442.6764	x11_8-	ladder
18	CAGAUCUGAGCC	3549.4743	442.6765	442.6764	c11_8-	ladder
12	UUAGACCAGAUC	2836.4463	256.851	256.8508	y9_11-	ladder
18	CAGAUCUGAGCC	3549.475	442.6766	442.6764	x11_8-	ladder
57	CCACUGCUUAAG	1550.2017	154.0124	154.0121	c5_10-	ladder
69	CCUCAAAAAAGC	1550.2017	154.0124	154.0121	c5_10-	ladder
60	CUGCUUAAGCCU	1891.2165	314.1949	314.1948	d6_6-	ladder
51	GGGAACCCACUG	2303.3299	286.9084	286.9081	c7_8-	ladder
30	UGGGAGCUCUCU	2338.3194	388.7121	388.7119	d7_6-	ladder
48	CUAGGGAACCCA	2322.3245	330.7528	330.7534	d7_7-	ladder
60	CUGCUUAAGCCU	2990.3901	270.8458	270.8454	a-B10_11-	ladder
39	UCUGGCUAACUA	2990.3901	270.8458	270.8454	a-B10_11-	ladder
30	UGGGAGCUCUCU	3255.4113	294.9387	294.9387	d10_11-	ladder
24	UGAGCCUGGGAG	3299.4507	298.9423	298.9427	x10_11-	ladder
24	UGAGCCUGGGAG	2338.3198	388.7122	388.7119	w7_6-	ladder
42	GGCUAACUAGGG	2322.3249	330.7529	330.7534	w7_7-	ladder
54	AACCCACUGCUU	1891.2168	314.195	314.1948	w6_6-	ladder
29	CUGGGAGCUCUC	2338.3194	388.7121	388.7119	d7_6-	ladder
47	ACUAGGGAACCC	2322.3245	330.7528	330.7534	d7_7-	ladder
26	AGCCUGGGAGCU	3299.4501	298.9422	298.9427	c10_11-	ladder
23	CUGAGCCUGGGA	3299.4507	298.9423	298.9427	x10_11-	ladder
26	AGCCUGGGAGCU	2338.3198	388.7122	388.7119	w7_6-	ladder
50	AGGGAACCCACU	1550.2019	154.0124	154.0121	x5_10-	ladder
41	UGGCUAACUAGG	2990.3901	270.8458	270.8454	a-B10_11-	ladder
62	GCUUAAGCCUCA	1550.2019	154.0124	154.0121	x5_10-	ladder
37	UCUCUGGCUAAC	1891.2165	314.1949	314.1948	d6_6-	ladder
31	GGGAGCUCUCUG	2338.3194	388.7121	388.7119	d7_6-	ladder
25	GAGCCUGGGAGC	3299.4501	298.9422	298.9427	c10_11-	ladder
64	UUAAGCCUCAAA	1384.1873	275.8297	275.8299	a-B5_5-	ladder
19	AGAUCUGAGCCU	3549.4743	442.6765	442.6764	c11_8-	ladder
61	UGCUUAAGCCUC	2990.3901	270.8458	270.8454	a-B10_11-	ladder
28	CCUGGGAGCUCU	3255.4119	294.9387	294.9387	w10_11-	ladder
25	GAGCCUGGGAGC	2338.3198	388.7122	388.7119	w7_6-	ladder
31	GGGAGCUCUCUG	1891.2168	314.195	314.1948	w6_6-	ladder
46	AACUAGGGAACC	2303.3303	286.9085	286.9081	x7_8-	ladder
43	GCUAACUAGGGA	2322.3249	330.7529	330.7534	w7_7-	ladder
82	UGCCUUGAGUGC	1891.2165	314.1949	314.1948	d6_6-	ladder
90	GUGCUUCAAGUA	2990.3901	270.8458	270.8454	a-B10_11-	ladder
92	GCUUCAAGUAGU	2990.3901	270.8458	270.8454	a-B10_11-	ladder
108	GCCCGUCUGUUG	1374.203	273.8328	273.833	a-B5_5-	ladder
76	AAAGCUUGCCUU	1891.2168	314.195	314.1948	w6_6-	ladder
81	UUGCCUUGAGUG	1891.2165	314.1949	314.1948	d6_6-	ladder
91	UGCUUCAAGUAG	1891.2165	314.1949	314.1948	d6_6-	ladder
97	AAGUAGUGUGUG	3875.5008	552.6352	552.6348	M-7H	ladder
83	GCCUUGAGUGCU	3255.4113	294.9387	294.9387	d10_11-	ladder
89	AGUGCUUCAAGU	2990.3901	270.8458	270.8454	a-B10_11-	ladder
91	UGCUUCAAGUAG	2990.3901	270.8458	270.8454	a-B10_11-	ladder
81	UUGCCUUGAGUG	3255.4119	294.9387	294.9387	w10_11-	ladder
103	UGUGUGCCCGUC	2581.3113	429.2108	429.2112	d8_6-	ladder
103	UGUGUGCCCGUC	2677.3325	534.4587	534.4584	a-B9_5-	ladder
75	AAAAGCUUGCCU	1891.2168	314.195	314.1948	w6_6-	ladder
99	GUAGUGUGUGCC	3255.4119	294.9387	294.9387	w10_11-	ladder
99	GUAGUGUGUGCC	2581.3118	429.2108	429.2112	w8_6-	ladder
101	AGUGUGUGCCCG	3255.4113	294.9387	294.9387	d10_11-	ladder
85	CUUGAGUGCUUC	1891.2168	314.195	314.1948	w6_6-	ladder
109	CCCGUCUGUUGU	1374.203	273.8328	273.833	a-B5_5-	ladder
119	GUGUGACUCUGG	3255.4119	294.9387	294.9387	w10_11-	ladder
121	GUGACUCUGGAA	3255.4113	294.9387	294.9387	d10_11-	ladder
128	UGGAAAAAAAAA	3548.574	393.2782	393.2779	a11_9-	ladder
127	CUGGAAAAAAAA	3548.5746	393.2783	393.2779	z11_9-	ladder
