Window	Seq	theory_m/z	theory_m/z	Peak	ion	deletions	Score
5	UCUCUGG	1891.2165	314.1949	314.1948	d6_6-	ladder
2	GUCUCUC	1891.2165	314.1949	314.1948	d6_6-	ladder
4	CUCUCUG	1891.2168	314.195	314.1948	w6_6-	ladder
1	GGUCUCU	1891.2168	314.195	314.1948	w6_6-	ladder
37	UCUCUGG	1891.2165	314.1949	314.1948	d6_6-	ladder
64	UUAAGCC	1384.1873	275.8297	275.8299	a-B5_5-	ladder
60	CUGCUUA	1891.2165	314.1949	314.1948	d6_6-	ladder
36	CUCUCUG	1891.2168	314.195	314.1948	w6_6-	ladder
30	UGGGAGC	2258.5153	450.6953	450.6944	M-5H	ladder
59	ACUGCUU	1891.2168	314.195	314.1948	w6_6-	ladder
29	CUGGGAG	2258.5153	450.6953	450.6944	M-5H	ladder
31	GGGAGCU	2258.5153	450.6953	450.6944	M-5H	ladder
80	CUUGCCU	1891.2168	314.195	314.1948	w6_6-	ladder
82	UGCCUUG	1891.2165	314.1949	314.1948	d6_6-	ladder
109	CCCGUCU	1374.203	273.8328	273.833	a-B5_5-	ladder
90	GUGCUUC	1891.2168	314.195	314.1948	w6_6-	ladder
91	UGCUUCA	1891.2165	314.1949	314.1948	d6_6-	ladder
108	GCCCGUC	1374.203	273.8328	273.833	a-B5_5-	ladder
81	UUGCCUU	1891.2165	314.1949	314.1948	d6_6-	ladder
81	UUGCCUU	1891.2168	314.195	314.1948	w6_6-	ladder
