Window	Seq	theory_m/z	theory_m/z	Peak	ion	deletions	Score
5	UCUCUGGUUAGACCAGAUCUGAG	1891.2165	314.1949	314.1948	d6_6-	ladder
2	GUCUCUCUGGUUAGACCAGAUCU	1891.2165	314.1949	314.1948	d6_6-	ladder
15	GACCAGAUCUGAGCCUGGGAGCU	2836.4458	256.8509	256.8508	b9_11-	ladder
9	UGGUUAGACCAGAUCUGAGCCUG	3221.4058	160.0625	160.0628	c10_20-	ladder
18	CAGAUCUGAGCCUGGGAGCUCUC	3549.4743	442.6765	442.6764	c11_8-	ladder
17	CCAGAUCUGAGCCUGGGAGCUCU	3549.4743	442.6765	442.6764	c11_8-	ladder
8	CUGGUUAGACCAGAUCUGAGCCU	3221.4058	160.0625	160.0628	c10_20-	ladder
16	ACCAGAUCUGAGCCUGGGAGCUC	3453.5131	214.8368	214.8364	a11_16-	ladder
15	GACCAGAUCUGAGCCUGGGAGCU	3549.4743	442.6765	442.6764	c11_8-	ladder
13	UAGACCAGAUCUGAGCCUGGGAG	3453.5131	214.8368	214.8364	a11_16-	ladder
16	ACCAGAUCUGAGCCUGGGAGCUC	3533.4794	270.7983	270.798	c11_13-	ladder
13	UAGACCAGAUCUGAGCCUGGGAG	3533.4794	270.7983	270.798	c11_13-	ladder
14	AGACCAGAUCUGAGCCUGGGAGC	3453.5131	214.8368	214.8364	a11_16-	ladder
18	CAGAUCUGAGCCUGGGAGCUCUC	4098.5851	272.2312	272.2313	b13_15-	ladder
14	AGACCAGAUCUGAGCCUGGGAGC	3533.4794	270.7983	270.798	c11_13-	ladder
6	CUCUGGUUAGACCAGAUCUGAGC	3946.5041	231.1395	231.1391	a-B13_17-	ladder
9	UGGUUAGACCAGAUCUGAGCCUG	4468.6278	342.7328	342.7331	b14_13-	ladder
7	UCUGGUUAGACCAGAUCUGAGCC	3946.5041	231.1395	231.1391	a-B13_17-	ladder
15	GACCAGAUCUGAGCCUGGGAGCU	4753.6905	249.1864	249.186	a15_19-	ladder
5	UCUCUGGUUAGACCAGAUCUGAG	4772.5915	297.2792	297.2796	c15_16-	ladder
4	CUCUCUGGUUAGACCAGAUCUGA	4748.5802	214.8368	214.8364	c15_22-	ladder
17	CCAGAUCUGAGCCUGGGAGCUCU	5438.7687	285.2432	285.2435	b17_19-	ladder
1	GGUCUCUCUGGUUAGACCAGAUC	5377.7034	447.1341	447.134	b17_12-	ladder
5	UCUCUGGUUAGACCAGAUCUGAG	6283.817	784.4693	784.4687	a20_8-	ladder
10	GGUUAGACCAGAUCUGAGCCUGG	6482.8653	280.8559	280.8554	d20_23-	ladder
13	UAGACCAGAUCUGAGCCUGGGAG	6482.8653	280.8559	280.8554	d20_23-	ladder
9	UGGUUAGACCAGAUCUGAGCCUG	7014.9496	388.7116	388.7119	b22_18-	ladder
6	CUCUGGUUAGACCAGAUCUGAGC	6651.8916	414.7354	414.7355	a21_16-	ladder
5	UCUCUGGUUAGACCAGAUCUGAG	7014.951	388.7117	388.7119	y22_18-	ladder
16	ACCAGAUCUGAGCCUGGGAGCUC	7108.9443	373.1472	373.1471	w22_19-	ladder
17	CCAGAUCUGAGCCUGGGAGCUCU	7108.9428	373.1471	373.1471	d22_19-	ladder
6	CUCUGGUUAGACCAGAUCUGAGC	7014.9496	388.7116	388.7119	b22_18-	ladder
8	CUGGUUAGACCAGAUCUGAGCCU	7014.951	388.7117	388.7119	y22_18-	ladder
7	UCUGGUUAGACCAGAUCUGAGCC	7014.9496	388.7116	388.7119	b22_18-	ladder
6	CUCUGGUUAGACCAGAUCUGAGC	7014.951	388.7117	388.7119	y22_18-	ladder
5	UCUCUGGUUAGACCAGAUCUGAG	6178.8093	474.2852	474.2861	w19_13-	ladder
15	GACCAGAUCUGAGCCUGGGAGCU	6113.8539	276.8946	276.8951	y19_22-	ladder
18	CAGAUCUGAGCCUGGGAGCUCUC	5720.7839	316.8135	316.8138	y18_18-	ladder
11	GUUAGACCAGAUCUGAGCCUGGG	5438.7698	285.2432	285.2435	y17_19-	ladder
4	CUCUCUGGUUAGACCAGAUCUGA	6651.893	414.7355	414.7355	z21_16-	ladder
3	UCUCUCUGGUUAGACCAGAUCUG	6283.817	784.4693	784.4687	a20_8-	ladder
2	GUCUCUCUGGUUAGACCAGAUCU	6283.8183	784.4695	784.4687	z20_8-	ladder
18	CAGAUCUGAGCCUGGGAGCUCUC	4826.6255	208.8455	208.8452	x15_23-	ladder
18	CAGAUCUGAGCCUGGGAGCUCUC	4170.5359	296.8876	296.8881	w13_14-	ladder
10	GGUUAGACCAGAUCUGAGCCUGG	4563.6059	303.2326	303.2328	w14_15-	ladder
12	UUAGACCAGAUCUGAGCCUGGGA	4563.6059	303.2326	303.2328	w14_15-	ladder
8	CUGGUUAGACCAGAUCUGAGCCU	4098.5859	272.2313	272.2313	y13_15-	ladder
5	UCUCUGGUUAGACCAGAUCUGAG	3549.475	442.6766	442.6764	x11_8-	ladder
7	UCUGGUUAGACCAGAUCUGAGCC	4753.6914	249.1865	249.186	z15_19-	ladder
1	GGUCUCUCUGGUUAGACCAGAUC	3533.4801	270.7984	270.798	x11_13-	ladder
6	CUCUGGUUAGACCAGAUCUGAGC	3549.475	442.6766	442.6764	x11_8-	ladder
1	GGUCUCUCUGGUUAGACCAGAUC	3453.5137	214.8368	214.8364	z11_16-	ladder
13	UAGACCAGAUCUGAGCCUGGGAG	3299.4507	298.9423	298.9427	x10_11-	ladder
17	CCAGAUCUGAGCCUGGGAGCUCU	3255.4119	154.0118	154.0121	w10_21-	ladder
2	GUCUCUCUGGUUAGACCAGAUCU	3533.4801	270.7984	270.798	x11_13-	ladder
17	CCAGAUCUGAGCCUGGGAGCUCU	3255.4119	294.9387	294.9387	w10_11-	ladder
12	UUAGACCAGAUCUGAGCCUGGGA	3299.4507	298.9423	298.9427	x10_11-	ladder
4	CUCUCUGGUUAGACCAGAUCUGA	3533.4801	270.7984	270.798	x11_13-	ladder
2	GUCUCUCUGGUUAGACCAGAUCU	3453.5137	214.8368	214.8364	z11_16-	ladder
4	CUCUCUGGUUAGACCAGAUCUGA	3453.5137	214.8368	214.8364	z11_16-	ladder
15	GACCAGAUCUGAGCCUGGGAGCU	2338.3198	388.7122	388.7119	w7_6-	ladder
1	GGUCUCUCUGGUUAGACCAGAUC	2836.4463	256.851	256.8508	y9_11-	ladder
7	UCUGGUUAGACCAGAUCUGAGCC	3549.475	442.6766	442.6764	x11_8-	ladder
13	UAGACCAGAUCUGAGCCUGGGAG	2338.3198	388.7122	388.7119	w7_6-	ladder
14	AGACCAGAUCUGAGCCUGGGAGC	2338.3198	388.7122	388.7119	w7_6-	ladder
3	UCUCUCUGGUUAGACCAGAUCUG	3549.475	442.6766	442.6764	x11_8-	ladder
63	CUUAAGCCUCAAAAAAGCUUGCC	7273.6169	315.2364	315.2359	M-23H	ladder
51	GGGAACCCACUGCUUAAGCCUCA	2303.3299	286.9084	286.9081	c7_8-	ladder
69	CCUCAAAAAAGCUUGCCUUGAGU	1550.2017	154.0124	154.0121	c5_10-	ladder
57	CCACUGCUUAAGCCUCAAAAAAG	1550.2017	154.0124	154.0121	c5_10-	ladder
48	CUAGGGAACCCACUGCUUAAGCC	2322.3245	330.7528	330.7534	d7_7-	ladder
30	UGGGAGCUCUCUGGCUAACUAGG	2338.3194	388.7121	388.7119	d7_6-	ladder
51	GGGAACCCACUGCUUAAGCCUCA	3662.522	243.1603	243.1602	a-B12_15-	ladder
60	CUGCUUAAGCCUCAAAAAAGCUU	1891.2165	314.1949	314.1948	d6_6-	ladder
45	UAACUAGGGAACCCACUGCUUAA	3382.4759	160.0625	160.0628	a-B11_21-	ladder
63	CUUAAGCCUCAAAAAAGCUUGCC	3719.5322	337.1315	337.1311	a12_11-	ladder
63	CUUAAGCCUCAAAAAAGCUUGCC	3737.5428	372.7465	372.7459	b12_10-	ladder
30	UGGGAGCUCUCUGGCUAACUAGG	3255.4113	294.9387	294.9387	d10_11-	ladder
48	CUAGGGAACCCACUGCUUAAGCC	3662.522	243.1603	243.1602	a-B12_15-	ladder
39	UCUGGCUAACUAGGGAACCCACU	2990.3901	270.8458	270.8454	a-B10_11-	ladder
63	CUUAAGCCUCAAAAAAGCUUGCC	4377.6372	290.8347	290.835	a14_15-	ladder
60	CUGCUUAAGCCUCAAAAAAGCUU	2990.3901	270.8458	270.8454	a-B10_11-	ladder
69	CCUCAAAAAAGCUUGCCUUGAGU	4377.6372	290.8347	290.835	a14_15-	ladder
21	AUCUGAGCCUGGGAGCUCUCUGG	4563.605	303.2325	303.2328	d14_15-	ladder
48	CUAGGGAACCCACUGCUUAAGCC	4753.6905	249.1864	249.186	a15_19-	ladder
24	UGAGCCUGGGAGCUCUCUGGCUA	4675.6211	332.9651	332.9657	a-B15_14-	ladder
39	UCUGGCUAACUAGGGAACCCACU	3601.4566	210.8426	210.8423	a-B12_17-	ladder
24	UGAGCCUGGGAGCUCUCUGGCUA	4980.6623	310.2836	310.2833	a-B16_16-	ladder
45	UAACUAGGGAACCCACUGCUUAA	5372.7734	334.7905	334.791	a17_16-	ladder
63	CUUAAGCCUCAAAAAAGCUUGCC	5685.831	298.2465	298.2466	a18_19-	ladder
39	UCUGGCUAACUAGGGAACCCACU	4965.6514	274.8617	274.8613	a-B16_18-	ladder
54	AACCCACUGCUUAAGCCUCAAAA	6442.8731	321.1359	321.1358	a-B21_20-	ladder
63	CUUAAGCCUCAAAAAAGCUUGCC	6947.9703	314.809	314.8093	a22_22-	ladder
69	CCUCAAAAAAGCUUGCCUUGAGU	6716.8947	372.153	372.1534	d21_18-	ladder
66	AAGCCUCAAAAAAGCUUGCCUUG	6947.9703	314.809	314.8093	a22_22-	ladder
24	UGAGCCUGGGAGCUCUCUGGCUA	6716.9029	372.1535	372.1534	b21_18-	ladder
63	CUUAAGCCUCAAAAAAGCUUGCC	7045.9486	351.2896	351.2903	w22_20-	ladder
36	CUCUCUGGCUAACUAGGGAACCC	6973.9594	409.2251	409.2251	b22_17-	ladder
63	CUUAAGCCUCAAAAAAGCUUGCC	6947.9717	314.8091	314.8093	z22_22-	ladder
57	CCACUGCUUAAGCCUCAAAAAAG	6619.9494	412.739	412.7384	b21_16-	ladder
45	UAACUAGGGAACCCACUGCUUAA	6755.9182	336.7881	336.788	w21_20-	ladder
24	UGAGCCUGGGAGCUCUCUGGCUA	7045.9569	351.29	351.2903	y22_20-	ladder
36	CUCUCUGGCUAACUAGGGAACCC	6973.9609	409.2252	409.2251	y22_17-	ladder
72	CAAAAAAGCUUGCCUUGAGUGCU	5377.7044	447.1342	447.134	y17_12-	ladder
21	AUCUGAGCCUGGGAGCUCUCUGG	6716.9043	372.1535	372.1534	y21_18-	ladder
54	AACCCACUGCUUAAGCCUCAAAA	6047.8126	502.9766	502.976	x19_12-	ladder
39	UCUGGCUAACUAGGGAACCCACU	6442.8592	321.1352	321.1358	d20_20-	ladder
36	CUCUCUGGCUAACUAGGGAACCC	6442.8605	321.1352	321.1358	w20_20-	ladder
69	CCUCAAAAAAGCUUGCCUUGAGU	6128.8089	436.7643	436.7649	x19_14-	ladder
57	CCACUGCUUAAGCCUCAAAAAAG	7050.9653	502.6326	502.6322	x22_14-	ladder
60	CUGCUUAAGCCUCAAAAAAGCUU	6947.9703	314.809	314.8093	a22_22-	ladder
42	GGCUAACUAGGGAACCCACUGCU	5791.7876	274.7916	274.7921	w18_21-	ladder
48	CUAGGGAACCCACUGCUUAAGCC	5671.8151	514.6118	514.6122	y18_11-	ladder
48	CUAGGGAACCCACUGCUUAAGCC	5326.7676	408.7436	408.7443	y17_13-	ladder
54	AACCCACUGCUUAAGCCUCAAAA	4377.6381	290.8347	290.835	z14_15-	ladder
42	GGCUAACUAGGGAACCCACUGCU	4753.6914	249.1865	249.186	z15_19-	ladder
54	AACCCACUGCUUAAGCCUCAAAA	4152.5631	275.8297	275.8299	x13_15-	ladder
21	AUCUGAGCCUGGGAGCUCUCUGG	4152.5713	275.8303	275.8299	z13_15-	ladder
63	CUUAAGCCUCAAAAAAGCUUGCC	3533.4801	270.7984	270.798	x11_13-	ladder
63	CUUAAGCCUCAAAAAAGCUUGCC	3453.5137	214.8368	214.8364	z11_16-	ladder
39	UCUGGCUAACUAGGGAACCCACU	5372.7745	334.7906	334.791	z17_16-	ladder
27	GCCUGGGAGCUCUCUGGCUAACU	4748.5812	214.8368	214.8364	x15_22-	ladder
51	GGGAACCCACUGCUUAAGCCUCA	1550.2019	154.0124	154.0121	x5_10-	ladder
60	CUGCUUAAGCCUCAAAAAAGCUU	4377.6381	290.8347	290.835	z14_15-	ladder
60	CUGCUUAAGCCUCAAAAAAGCUU	4152.5631	275.8297	275.8299	x13_15-	ladder
57	CCACUGCUUAAGCCUCAAAAAAG	2850.4633	166.6665	166.6668	z9_17-	ladder
39	UCUGGCUAACUAGGGAACCCACU	1550.2019	154.0124	154.0121	x5_10-	ladder
71	UCAAAAAAGCUUGCCUUGAGUGC	2850.4628	166.6665	166.6668	a9_17-	ladder
47	ACUAGGGAACCCACUGCUUAAGC	2322.3245	330.7528	330.7534	d7_7-	ladder
29	CUGGGAGCUCUCUGGCUAACUAG	2338.3194	388.7121	388.7119	d7_6-	ladder
50	AGGGAACCCACUGCUUAAGCCUC	4753.6905	249.1864	249.186	a15_19-	ladder
41	UGGCUAACUAGGGAACCCACUGC	2990.3901	270.8458	270.8454	a-B10_11-	ladder
26	AGCCUGGGAGCUCUCUGGCUAAC	3299.4501	298.9422	298.9427	c10_11-	ladder
62	GCUUAAGCCUCAAAAAAGCUUGC	4393.6322	312.8231	312.8225	a14_14-	ladder
71	UCAAAAAAGCUUGCCUUGAGUGC	5352.7458	410.7419	410.7414	b17_13-	ladder
20	GAUCUGAGCCUGGGAGCUCUCUG	4675.6211	332.9651	332.9657	a-B15_14-	ladder
23	CUGAGCCUGGGAGCUCUCUGGCU	4980.6623	310.2836	310.2833	a-B16_16-	ladder
53	GAACCCACUGCUUAAGCCUCAAA	5366.7727	356.777	356.7769	b17_15-	ladder
35	GCUCUCUGGCUAACUAGGGAACC	4748.5802	214.8368	214.8364	c15_22-	ladder
68	GCCUCAAAAAAGCUUGCCUUGAG	5372.7734	334.7905	334.791	a17_16-	ladder
53	GAACCCACUGCUUAAGCCUCAAA	5671.814	514.6117	514.6122	b18_11-	ladder
26	AGCCUGGGAGCUCUCUGGCUAAC	4826.6245	208.8454	208.8452	c15_23-	ladder
47	ACUAGGGAACCCACUGCUUAAGC	5791.7865	274.7916	274.7921	d18_21-	ladder
23	CUGAGCCUGGGAGCUCUCUGGCU	5720.7828	316.8135	316.8138	b18_18-	ladder
41	UGGCUAACUAGGGAACCCACUGC	5508.7408	288.9259	288.9263	c17_19-	ladder
50	AGGGAACCCACUGCUUAAGCCUC	6627.9294	300.2617	300.2623	y21_22-	ladder
65	UAAGCCUCAAAAAAGCUUGCCUU	6947.9703	314.809	314.8093	a22_22-	ladder
47	ACUAGGGAACCCACUGCUUAAGC	6755.9168	336.788	336.788	d21_20-	ladder
47	ACUAGGGAACCCACUGCUUAAGC	6851.9379	325.275	325.2746	a-B22_21-	ladder
23	CUGAGCCUGGGAGCUCUCUGGCU	6716.9029	372.1535	372.1534	b21_18-	ladder
65	UAAGCCUCAAAAAAGCUUGCCUU	7045.9486	351.2896	351.2903	w22_20-	ladder
62	GCUUAAGCCUCAAAAAAGCUUGC	7045.9486	351.2896	351.2903	w22_20-	ladder
65	UAAGCCUCAAAAAAGCUUGCCUU	6947.9717	314.8091	314.8093	z22_22-	ladder
44	CUAACUAGGGAACCCACUGCUUA	6755.9182	336.7881	336.788	w21_20-	ladder
62	GCUUAAGCCUCAAAAAAGCUUGC	6947.9717	314.8091	314.8093	z22_22-	ladder
65	UAAGCCUCAAAAAAGCUUGCCUU	6716.896	372.1531	372.1534	w21_18-	ladder
56	CCCACUGCUUAAGCCUCAAAAAA	6442.8731	321.1359	321.1358	a-B21_20-	ladder
71	UCAAAAAAGCUUGCCUUGAGUGC	5053.6685	296.2668	296.2673	z16_17-	ladder
38	CUCUGGCUAACUAGGGAACCCAC	6442.8592	321.1352	321.1358	d20_20-	ladder
23	CUGAGCCUGGGAGCUCUCUGGCU	6716.9043	372.1535	372.1534	y21_18-	ladder
35	GCUCUCUGGCUAACUAGGGAACC	6973.9609	409.2252	409.2251	y22_17-	ladder
59	ACUGCUUAAGCCUCAAAAAAGCU	7050.9638	502.6325	502.6322	c22_14-	ladder
47	ACUAGGGAACCCACUGCUUAAGC	5791.7876	274.7916	274.7921	w18_21-	ladder
35	GCUCUCUGGCUAACUAGGGAACC	6442.8605	321.1352	321.1358	w20_20-	ladder
41	UGGCUAACUAGGGAACCCACUGC	7098.9486	442.6765	442.6764	c22_16-	ladder
59	ACUGCUUAAGCCUCAAAAAAGCU	7045.9486	351.2896	351.2903	w22_20-	ladder
65	UAAGCCUCAAAAAAGCUUGCCUU	5352.7469	410.742	410.7414	y17_13-	ladder
59	ACUGCUUAAGCCUCAAAAAAGCU	6947.9717	314.8091	314.8093	z22_22-	ladder
47	ACUAGGGAACCCACUGCUUAAGC	5366.7738	356.7771	356.7769	y17_15-	ladder
62	GCUUAAGCCUCAAAAAAGCUUGC	5372.7745	334.7906	334.791	z17_16-	ladder
35	GCUCUCUGGCUAACUAGGGAACC	5508.7419	288.926	288.9263	x17_19-	ladder
29	CUGGGAGCUCUCUGGCUAACUAG	4772.5924	297.2792	297.2796	x15_16-	ladder
32	GGAGCUCUCUGGCUAACUAGGGA	2322.3249	330.7529	330.7534	w7_7-	ladder
41	UGGCUAACUAGGGAACCCACUGC	4753.6914	249.1865	249.186	z15_19-	ladder
65	UAAGCCUCAAAAAAGCUUGCCUU	1891.2168	314.195	314.1948	w6_6-	ladder
20	GAUCUGAGCCUGGGAGCUCUCUG	1891.2168	314.195	314.1948	w6_6-	ladder
35	GCUCUCUGGCUAACUAGGGAACC	2303.3303	286.9085	286.9081	x7_8-	ladder
59	ACUGCUUAAGCCUCAAAAAAGCU	2850.4633	166.6665	166.6668	z9_17-	ladder
31	GGGAGCUCUCUGGCUAACUAGGG	2338.3194	388.7121	388.7119	d7_6-	ladder
64	UUAAGCCUCAAAAAAGCUUGCCU	1384.1873	275.8297	275.8299	a-B5_5-	ladder
70	CUCAAAAAAGCUUGCCUUGAGUG	4152.5623	275.8297	275.8299	c13_15-	ladder
61	UGCUUAAGCCUCAAAAAAGCUUG	2990.3901	270.8458	270.8454	a-B10_11-	ladder
49	UAGGGAACCCACUGCUUAAGCCU	4753.6905	249.1864	249.186	a15_19-	ladder
37	UCUCUGGCUAACUAGGGAACCCA	1891.2165	314.1949	314.1948	d6_6-	ladder
25	GAGCCUGGGAGCUCUCUGGCUAA	3299.4501	298.9422	298.9427	c10_11-	ladder
61	UGCUUAAGCCUCAAAAAAGCUUG	3601.4566	210.8426	210.8423	a-B12_17-	ladder
19	AGAUCUGAGCCUGGGAGCUCUCU	3549.4743	442.6765	442.6764	c11_8-	ladder
31	GGGAGCUCUCUGGCUAACUAGGG	4152.5705	275.8302	275.8299	a13_15-	ladder
28	CCUGGGAGCUCUCUGGCUAACUA	4170.5351	296.8876	296.8881	d13_14-	ladder
52	GGAACCCACUGCUUAAGCCUCAA	3662.522	243.1603	243.1602	a-B12_15-	ladder
49	UAGGGAACCCACUGCUUAAGCCU	6217.8441	309.8844	309.885	a-B20_20-	ladder
70	CUCAAAAAAGCUUGCCUUGAGUG	6178.822	474.2862	474.2861	a-B20_13-	ladder
64	UUAAGCCUCAAAAAAGCUUGCCU	4152.5623	275.8297	275.8299	c13_15-	ladder
19	AGAUCUGAGCCUGGGAGCUCUCU	4563.605	303.2325	303.2328	d14_15-	ladder
37	UCUCUGGCUAACUAGGGAACCCA	3601.4566	210.8426	210.8423	a-B12_17-	ladder
25	GAGCCUGGGAGCUCUCUGGCUAA	4980.6623	310.2836	310.2833	a-B16_16-	ladder
22	UCUGAGCCUGGGAGCUCUCUGGC	4675.6211	332.9651	332.9657	a-B15_14-	ladder
22	UCUGAGCCUGGGAGCUCUCUGGC	4980.6623	310.2836	310.2833	a-B16_16-	ladder
37	UCUCUGGCUAACUAGGGAACCCA	4772.5915	297.2792	297.2796	c15_16-	ladder
19	AGAUCUGAGCCUGGGAGCUCUCU	6113.8527	276.8946	276.8951	b19_22-	ladder
52	GGAACCCACUGCUUAAGCCUCAA	5791.7865	274.7916	274.7921	d18_21-	ladder
25	GAGCCUGGGAGCUCUCUGGCUAA	6716.9029	372.1535	372.1534	b21_18-	ladder
58	CACUGCUUAAGCCUCAAAAAAGC	6047.8114	502.9765	502.976	c19_12-	ladder
25	GAGCCUGGGAGCUCUCUGGCUAA	7045.9554	351.29	351.2903	b22_20-	ladder
46	AACUAGGGAACCCACUGCUUAAG	6755.9168	336.788	336.788	d21_20-	ladder
46	AACUAGGGAACCCACUGCUUAAG	6851.9379	325.275	325.2746	a-B22_21-	ladder
40	CUGGCUAACUAGGGAACCCACUG	4563.605	303.2325	303.2328	d14_15-	ladder
70	CUCAAAAAAGCUUGCCUUGAGUG	4748.6272	790.4301	790.4285	z15_6-	ladder
64	UUAAGCCUCAAAAAAGCUUGCCU	6947.9703	314.809	314.8093	a22_22-	ladder
67	AGCCUCAAAAAAGCUUGCCUUGA	6716.8947	372.153	372.1534	d21_18-	ladder
58	CACUGCUUAAGCCUCAAAAAAGC	7050.9638	502.6325	502.6322	c22_14-	ladder
64	UUAAGCCUCAAAAAAGCUUGCCU	7045.9486	351.2896	351.2903	w22_20-	ladder
58	CACUGCUUAAGCCUCAAAAAAGC	7050.9653	502.6326	502.6322	x22_14-	ladder
64	UUAAGCCUCAAAAAAGCUUGCCU	6947.9717	314.8091	314.8093	z22_22-	ladder
37	UCUCUGGCUAACUAGGGAACCCA	6973.9594	409.2251	409.2251	b22_17-	ladder
40	CUGGCUAACUAGGGAACCCACUG	5508.7408	288.9259	288.9263	c17_19-	ladder
67	AGCCUCAAAAAAGCUUGCCUUGA	6716.896	372.1531	372.1534	w21_18-	ladder
70	CUCAAAAAAGCUUGCCUUGAGUG	3255.4119	154.0118	154.0121	w10_21-	ladder
22	UCUGAGCCUGGGAGCUCUCUGGC	6716.9043	372.1535	372.1534	y21_18-	ladder
70	CUCAAAAAAGCUUGCCUUGAGUG	3255.4119	294.9387	294.9387	w10_11-	ladder
55	ACCCACUGCUUAAGCCUCAAAAA	6442.8731	321.1359	321.1358	a-B21_20-	ladder
31	GGGAGCUCUCUGGCUAACUAGGG	4563.6059	303.2326	303.2328	w14_15-	ladder
58	CACUGCUUAAGCCUCAAAAAAGC	5685.8321	298.2465	298.2466	z18_19-	ladder
55	ACCCACUGCUUAAGCCUCAAAAA	6619.9508	412.7391	412.7384	y21_16-	ladder
40	CUGGCUAACUAGGGAACCCACUG	7098.95	442.6766	442.6764	x22_16-	ladder
43	GCUAACUAGGGAACCCACUGCUU	1891.2168	314.195	314.1948	w6_6-	ladder
34	AGCUCUCUGGCUAACUAGGGAAC	5508.7419	288.926	288.9263	x17_19-	ladder
52	GGAACCCACUGCUUAAGCCUCAA	3737.5435	372.7466	372.7459	y12_10-	ladder
52	GGAACCCACUGCUUAAGCCUCAA	3719.5329	337.1316	337.1311	z12_11-	ladder
31	GGGAGCUCUCUGGCUAACUAGGG	2322.3249	330.7529	330.7534	w7_7-	ladder
64	UUAAGCCUCAAAAAAGCUUGCCU	1891.2168	314.195	314.1948	w6_6-	ladder
40	CUGGCUAACUAGGGAACCCACUG	4753.6914	249.1865	249.186	z15_19-	ladder
73	AAAAAAGCUUGCCUUGAGUGCUU	2850.4628	166.6665	166.6668	a9_17-	ladder
90	GUGCUUCAAGUAGUGUGUGCCCG	2990.3901	270.8458	270.8454	a-B10_11-	ladder
90	GUGCUUCAAGUAGUGUGUGCCCG	3221.4058	160.0625	160.0628	c10_20-	ladder
82	UGCCUUGAGUGCUUCAAGUAGUG	1891.2165	314.1949	314.1948	d6_6-	ladder
81	UUGCCUUGAGUGCUUCAAGUAGU	1891.2165	314.1949	314.1948	d6_6-	ladder
75	AAAAGCUUGCCUUGAGUGCUUCA	3453.5131	214.8368	214.8364	a11_16-	ladder
75	AAAAGCUUGCCUUGAGUGCUUCA	3533.4794	270.7983	270.798	c11_13-	ladder
88	GAGUGCUUCAAGUAGUGUGUGCC	3221.4058	160.0625	160.0628	c10_20-	ladder
83	GCCUUGAGUGCUUCAAGUAGUGU	3255.4113	294.9387	294.9387	d10_11-	ladder
89	AGUGCUUCAAGUAGUGUGUGCCC	2990.3901	270.8458	270.8454	a-B10_11-	ladder
77	AAGCUUGCCUUGAGUGCUUCAAG	3601.4566	210.8426	210.8423	a-B12_17-	ladder
73	AAAAAAGCUUGCCUUGAGUGCUU	6128.8077	436.7642	436.7649	c19_14-	ladder
88	GAGUGCUUCAAGUAGUGUGUGCC	4468.6278	342.7328	342.7331	b14_13-	ladder
77	AAGCUUGCCUUGAGUGCUUCAAG	3946.5041	231.1395	231.1391	a-B13_17-	ladder
78	AGCUUGCCUUGAGUGCUUCAAGU	3946.5041	231.1395	231.1391	a-B13_17-	ladder
90	GUGCUUCAAGUAGUGUGUGCCCG	5176.6396	368.7522	368.7518	d16_14-	ladder
89	AGUGCUUCAAGUAGUGUGUGCCC	4468.6278	342.7328	342.7331	b14_13-	ladder
76	AAAGCUUGCCUUGAGUGCUUCAA	6323.8231	450.6939	450.6944	a20_14-	ladder
88	GAGUGCUUCAAGUAGUGUGUGCC	5640.7354	330.8002	330.8008	a-B18_17-	ladder
81	UUGCCUUGAGUGCUUCAAGUAGU	4784.5538	796.4178	796.4194	d15_6-	ladder
78	AGCUUGCCUUGAGUGCUUCAAGU	4483.5451	447.3467	447.3459	c14_10-	ladder
78	AGCUUGCCUUGAGUGCUUCAAGU	4748.6262	790.4299	790.4285	a15_6-	ladder
73	AAAAAAGCUUGCCUUGAGUGCUU	6323.8244	450.6939	450.6944	z20_14-	ladder
85	CUUGAGUGCUUCAAGUAGUGUGU	4467.5502	296.8289	296.8286	c14_15-	ladder
78	AGCUUGCCUUGAGUGCUUCAAGU	5053.6675	296.2668	296.2673	a16_17-	ladder
78	AGCUUGCCUUGAGUGCUUCAAGU	5377.7034	447.1341	447.134	b17_12-	ladder
82	UGCCUUGAGUGCUUCAAGUAGUG	6323.8231	450.6939	450.6944	a20_14-	ladder
73	AAAAAAGCUUGCCUUGAGUGCUU	4784.5547	796.418	796.4194	w15_6-	ladder
83	GCCUUGAGUGCUUCAAGUAGUGU	6687.8665	302.9861	302.9858	y21_22-	ladder
84	CCUUGAGUGCUUCAAGUAGUGUG	4772.5915	297.2792	297.2796	c15_16-	ladder
85	CUUGAGUGCUUCAAGUAGUGUGU	6687.8651	302.9861	302.9858	b21_22-	ladder
76	AAAGCUUGCCUUGAGUGCUUCAA	4772.5924	297.2792	297.2796	x15_16-	ladder
81	UUGCCUUGAGUGCUUCAAGUAGU	6323.8244	450.6939	450.6944	z20_14-	ladder
83	GCCUUGAGUGCUUCAAGUAGUGU	5176.6406	368.7522	368.7518	w16_14-	ladder
76	AAAGCUUGCCUUGAGUGCUUCAA	4467.5511	296.8289	296.8286	x14_15-	ladder
84	CCUUGAGUGCUUCAAGUAGUGUG	6323.8231	450.6939	450.6944	a20_14-	ladder
75	AAAAGCUUGCCUUGAGUGCUUCA	3221.4064	160.0625	160.0628	x10_20-	ladder
87	UGAGUGCUUCAAGUAGUGUGUGC	5176.6406	368.7522	368.7518	w16_14-	ladder
88	GAGUGCUUCAAGUAGUGUGUGCC	4137.5604	688.5856	688.5843	z13_6-	ladder
79	GCUUGCCUUGAGUGCUUCAAGUA	6323.8244	450.6939	450.6944	z20_14-	ladder
83	GCCUUGAGUGCUUCAAGUAGUGU	3263.4282	190.9586	190.9589	w10_17-	ladder
86	UUGAGUGCUUCAAGUAGUGUGUG	5176.6406	368.7522	368.7518	w16_14-	ladder
88	GAGUGCUUCAAGUAGUGUGUGCC	3255.4119	154.0118	154.0121	w10_21-	ladder
88	GAGUGCUUCAAGUAGUGUGUGCC	3255.4119	294.9387	294.9387	w10_11-	ladder
85	CUUGAGUGCUUCAAGUAGUGUGU	5176.6406	368.7522	368.7518	w16_14-	ladder
77	AAGCUUGCCUUGAGUGCUUCAAG	3221.4064	160.0625	160.0628	x10_20-	ladder
82	UGCCUUGAGUGCUUCAAGUAGUG	3263.4282	190.9586	190.9589	w10_17-	ladder
88	GAGUGCUUCAAGUAGUGUGUGCC	2581.3118	429.2108	429.2112	w8_6-	ladder
74	AAAAAGCUUGCCUUGAGUGCUUC	1891.2168	314.195	314.1948	w6_6-	ladder
85	CUUGAGUGCUUCAAGUAGUGUGU	4202.5159	279.1599	279.1601	x13_15-	ladder
79	GCUUGCCUUGAGUGCUUCAAGUA	4468.6287	342.7329	342.7331	y14_13-	ladder
84	CCUUGAGUGCUUCAAGUAGUGUG	5176.6406	368.7522	368.7518	w16_14-	ladder
86	UUGAGUGCUUCAAGUAGUGUGUG	2871.3882	219.8682	219.8684	y9_13-	ladder
85	CUUGAGUGCUUCAAGUAGUGUGU	2871.3882	219.8682	219.8684	y9_13-	ladder
84	CCUUGAGUGCUUCAAGUAGUGUG	4202.5159	279.1599	279.1601	x13_15-	ladder
80	CUUGCCUUGAGUGCUUCAAGUAG	4468.6287	342.7329	342.7331	y14_13-	ladder
91	UGCUUCAAGUAGUGUGUGCCCGU	1891.2165	314.1949	314.1948	d6_6-	ladder
79	GCUUGCCUUGAGUGCUUCAAGUA	2573.3332	196.9409	196.9411	w8_13-	ladder
91	UGCUUCAAGUAGUGUGUGCCCGU	2990.3901	270.8458	270.8454	a-B10_11-	ladder
94	UUCAAGUAGUGUGUGCCCGUCUG	2573.3327	196.9409	196.9411	d8_13-	ladder
92	GCUUCAAGUAGUGUGUGCCCGUC	2990.3901	270.8458	270.8454	a-B10_11-	ladder
91	UGCUUCAAGUAGUGUGUGCCCGU	5176.6396	368.7522	368.7518	d16_14-	ladder
96	CAAGUAGUGUGUGCCCGUCUGUU	3263.4276	190.9585	190.9589	d10_17-	ladder
99	GUAGUGUGUGCCCGUCUGUUGUG	2871.3877	219.8682	219.8684	b9_13-	ladder
95	UCAAGUAGUGUGUGCCCGUCUGU	3263.4276	190.9585	190.9589	d10_17-	ladder
94	UUCAAGUAGUGUGUGCCCGUCUG	4202.5151	279.1599	279.1601	c13_15-	ladder
93	CUUCAAGUAGUGUGUGCCCGUCU	5176.6396	368.7522	368.7518	d16_14-	ladder
95	UCAAGUAGUGUGUGCCCGUCUGU	4202.5151	279.1599	279.1601	c13_15-	ladder
98	AGUAGUGUGUGCCCGUCUGUUGU	4137.5596	688.5855	688.5843	a13_6-	ladder
104	GUGUGCCCGUCUGUUGUGUGACU	3632.4625	156.9254	156.9251	a-B12_23-	ladder
100	UAGUGUGUGCCCGUCUGUUGUGU	2871.3877	219.8682	219.8684	b9_13-	ladder
94	UUCAAGUAGUGUGUGCCCGUCUG	5176.6396	368.7522	368.7518	d16_14-	ladder
101	AGUGUGUGCCCGUCUGUUGUGUG	3255.4113	294.9387	294.9387	d10_11-	ladder
96	CAAGUAGUGUGUGCCCGUCUGUU	4965.6514	274.8617	274.8613	a-B16_18-	ladder
92	GCUUCAAGUAGUGUGUGCCCGUC	5176.6396	368.7522	368.7518	d16_14-	ladder
103	UGUGUGCCCGUCUGUUGUGUGAC	2581.3113	429.2108	429.2112	d8_6-	ladder
103	UGUGUGCCCGUCUGUUGUGUGAC	2677.3325	534.4587	534.4584	a-B9_5-	ladder
97	AAGUAGUGUGUGCCCGUCUGUUG	4965.6514	274.8617	274.8613	a-B16_18-	ladder
106	GUGCCCGUCUGUUGUGUGACUCU	3632.4625	156.9254	156.9251	a-B12_23-	ladder
102	GUGUGUGCCCGUCUGUUGUGUGA	5795.6848	578.5607	578.5617	d18_10-	ladder
108	GCCCGUCUGUUGUGUGACUCUGG	1374.203	273.8328	273.833	a-B5_5-	ladder
104	GUGUGCCCGUCUGUUGUGUGACU	5795.6848	578.5607	578.5617	d18_10-	ladder
96	CAAGUAGUGUGUGCCCGUCUGUU	7070.8585	371.1426	371.1431	x22_19-	ladder
97	AAGUAGUGUGUGCCCGUCUGUUG	7070.8571	371.1426	371.1431	c22_19-	ladder
106	GUGCCCGUCUGUUGUGUGACUCU	5795.6848	578.5607	578.5617	d18_10-	ladder
99	GUAGUGUGUGCCCGUCUGUUGUG	5795.686	578.5608	578.5617	w18_10-	ladder
97	AAGUAGUGUGUGCCCGUCUGUUG	5795.686	578.5608	578.5617	w18_10-	ladder
101	AGUGUGUGCCCGUCUGUUGUGUG	5795.686	578.5608	578.5617	w18_10-	ladder
105	UGUGCCCGUCUGUUGUGUGACUC	4784.5547	796.418	796.4194	w15_6-	ladder
106	GUGCCCGUCUGUUGUGUGACUCU	5965.7439	297.2794	297.2796	y19_20-	ladder
101	AGUGUGUGCCCGUCUGUUGUGUG	4396.5474	337.1882	337.1878	z14_13-	ladder
102	GUGUGUGCCCGUCUGUUGUGUGA	2871.3882	219.8682	219.8684	y9_13-	ladder
106	GUGCCCGUCUGUUGUGUGACUCU	4784.5547	796.418	796.4194	w15_6-	ladder
107	UGCCCGUCUGUUGUGUGACUCUG	5700.7087	246.8491	246.8487	y18_23-	ladder
109	CCCGUCUGUUGUGUGACUCUGGA	1374.203	273.8328	273.833	a-B5_5-	ladder
108	GCCCGUCUGUUGUGUGACUCUGG	5700.7087	246.8491	246.8487	y18_23-	ladder
108	GCCCGUCUGUUGUGUGACUCUGG	3255.4119	154.0118	154.0121	w10_21-	ladder
108	GCCCGUCUGUUGUGUGACUCUGG	3255.4119	294.9387	294.9387	w10_11-	ladder
116	GUUGUGUGACUCUGGAAAAAAAA	2871.3877	219.8682	219.8684	b9_13-	ladder
110	CCGUCUGUUGUGUGACUCUGGAA	4396.5465	337.1881	337.1878	a14_13-	ladder
113	UCUGUUGUGUGACUCUGGAAAAA	4784.5538	796.4178	796.4194	d15_6-	ladder
113	UCUGUUGUGUGACUCUGGAAAAA	5700.7076	246.8491	246.8487	b18_23-	ladder
117	UUGUGUGACUCUGGAAAAAAAAA	4829.5766	300.8407	300.8402	c15_16-	ladder
112	GUCUGUUGUGUGACUCUGGAAAA	5700.7076	246.8491	246.8487	b18_23-	ladder
113	UCUGUUGUGUGACUCUGGAAAAA	5876.695	292.827	292.8274	a-B19_20-	ladder
109	CCCGUCUGUUGUGUGACUCUGGA	7064.8578	320.1221	320.1225	w22_22-	ladder
112	GUCUGUUGUGUGACUCUGGAAAA	5876.695	292.827	292.8274	a-B19_20-	ladder
113	UCUGUUGUGUGACUCUGGAAAAA	6205.7476	309.2796	309.2798	a-B20_20-	ladder
117	UUGUGUGACUCUGGAAAAAAAAA	5176.6396	368.7522	368.7518	d16_14-	ladder
114	CUGUUGUGUGACUCUGGAAAAAA	4784.5538	796.4178	796.4194	d15_6-	ladder
118	UGUGUGACUCUGGAAAAAAAAAA	5528.7194	306.1433	306.1431	d17_18-	ladder
110	CCGUCUGUUGUGUGACUCUGGAA	5965.7427	297.2793	297.2796	b19_20-	ladder
113	UCUGUUGUGUGACUCUGGAAAAA	6687.8651	302.9861	302.9858	b21_22-	ladder
117	UUGUGUGACUCUGGAAAAAAAAA	5834.7447	529.4235	529.4239	d18_11-	ladder
115	UGUUGUGUGACUCUGGAAAAAAA	6716.893	372.1529	372.1534	a21_18-	ladder
110	CCGUCUGUUGUGUGACUCUGGAA	7064.8564	320.122	320.1225	d22_22-	ladder
113	UCUGUUGUGUGACUCUGGAAAAA	6716.8944	372.153	372.1534	z21_18-	ladder
110	CCGUCUGUUGUGUGACUCUGGAA	7070.8585	371.1426	371.1431	x22_19-	ladder
109	CCCGUCUGUUGUGUGACUCUGGA	4829.5775	300.8408	300.8402	x15_16-	ladder
111	CGUCUGUUGUGUGACUCUGGAAA	7070.8571	371.1426	371.1431	c22_19-	ladder
117	UUGUGUGACUCUGGAAAAAAAAA	7070.9884	371.1495	371.1497	b22_19-	ladder
115	UGUUGUGUGACUCUGGAAAAAAA	7166.9511	324.7627	324.7622	w22_22-	ladder
112	GUCUGUUGUGUGACUCUGGAAAA	5834.7458	529.4236	529.4239	w18_11-	ladder
116	GUUGUGUGACUCUGGAAAAAAAA	7166.9496	324.7626	324.7622	d22_22-	ladder
109	CCCGUCUGUUGUGUGACUCUGGA	4137.5604	688.5856	688.5843	z13_6-	ladder
116	GUUGUGUGACUCUGGAAAAAAAA	7070.9898	371.1496	371.1497	y22_19-	ladder
112	GUCUGUUGUGUGACUCUGGAAAA	5528.7205	306.1433	306.1431	w17_18-	ladder
111	CGUCUGUUGUGUGACUCUGGAAA	6687.8665	302.9861	302.9858	y21_22-	ladder
113	UCUGUUGUGUGACUCUGGAAAAA	5471.7813	340.9785	340.978	y17_16-	ladder
109	CCCGUCUGUUGUGUGACUCUGGA	3221.4064	160.0625	160.0628	x10_20-	ladder
110	CCGUCUGUUGUGUGACUCUGGAA	5176.6406	368.7522	368.7518	w16_14-	ladder
118	UGUGUGACUCUGGAAAAAAAAAA	5531.8068	344.7301	344.7301	x17_16-	ladder
117	UUGUGUGACUCUGGAAAAAAAAA	5547.8017	251.165	251.1653	x17_22-	ladder
115	UGUUGUGUGACUCUGGAAAAAAA	4482.6933	279.1605	279.1601	y14_16-	ladder
111	CGUCUGUUGUGUGACUCUGGAAA	4468.6287	342.7329	342.7331	y14_13-	ladder
116	GUUGUGUGACUCUGGAAAAAAAA	4482.6933	279.1605	279.1601	y14_16-	ladder
117	UUGUGUGACUCUGGAAAAAAAAA	3957.5936	281.6775	281.6774	x12_14-	ladder
116	GUUGUGUGACUCUGGAAAAAAAA	4177.6519	416.7574	416.7574	y13_10-	ladder
116	GUUGUGUGACUCUGGAAAAAAAA	3933.5823	490.69	490.6896	x12_8-	ladder
116	GUUGUGUGACUCUGGAAAAAAAA	3548.5746	393.2783	393.2779	z11_9-	ladder
