Window	Seq	theory_m/z	theory_m/z	Peak	ion	deletions	Score
1	GGUCUCUCUGGUUAGACCAGAUCUGAGCCUGGGAGCUCUCUGGCUAACUAGGGAACCCACUGCUUAAGCCUCAAAAAAGCUUGCCUUGAGUGCUUCAAGUAGUGUGUGCCCGUCUGUUGUGUGACUCUGGAAAAAAAAAA	5377.7034	447.1341	447.134	b17_12-	ladder
1	GGUCUCUCUGGUUAGACCAGAUCUGAGCCUGGGAGCUCUCUGGCUAACUAGGGAACCCACUGCUUAAGCCUCAAAAAAGCUUGCCUUGAGUGCUUCAAGUAGUGUGUGCCCGUCUGUUGUGUGACUCUGGAAAAAAAAAA	11920.5088	176.9102	176.9101	c37_67-	ladder
1	GGUCUCUCUGGUUAGACCAGAUCUGAGCCUGGGAGCUCUCUGGCUAACUAGGGAACCCACUGCUUAAGCCUCAAAAAAGCUUGCCUUGAGUGCUUCAAGUAGUGUGUGCCCGUCUGUUGUGUGACUCUGGAAAAAAAAAA	12950.6483	214.8363	214.8364	a-B41_60-	ladder
1	GGUCUCUCUGGUUAGACCAGAUCUGAGCCUGGGAGCUCUCUGGCUAACUAGGGAACCCACUGCUUAAGCCUCAAAAAAGCUUGCCUUGAGUGCUUCAAGUAGUGUGUGCCCGUCUGUUGUGUGACUCUGGAAAAAAAAAA	13487.6894	292.2028	292.2034	c42_46-	ladder
1	GGUCUCUCUGGUUAGACCAGAUCUGAGCCUGGGAGCUCUCUGGCUAACUAGGGAACCCACUGCUUAAGCCUCAAAAAAGCUUGCCUUGAGUGCUUCAAGUAGUGUGUGCCCGUCUGUUGUGUGACUCUGGAAAAAAAAAA	13487.6894	344.8304	344.8298	c42_39-	ladder
1	GGUCUCUCUGGUUAGACCAGAUCUGAGCCUGGGAGCUCUCUGGCUAACUAGGGAACCCACUGCUUAAGCCUCAAAAAAGCUUGCCUUGAGUGCUUCAAGUAGUGUGUGCCCGUCUGUUGUGUGACUCUGGAAAAAAAAAA	13752.7705	228.205	228.2049	a43_60-	ladder
1	GGUCUCUCUGGUUAGACCAGAUCUGAGCCUGGGAGCUCUCUGGCUAACUAGGGAACCCACUGCUUAAGCCUCAAAAAAGCUUGCCUUGAGUGCUUCAAGUAGUGUGUGCCCGUCUGUUGUGUGACUCUGGAAAAAAAAAA	13850.7474	281.6605	281.66	d43_49-	ladder
1	GGUCUCUCUGGUUAGACCAGAUCUGAGCCUGGGAGCUCUCUGGCUAACUAGGGAACCCACUGCUUAAGCCUCAAAAAAGCUUGCCUUGAGUGCUUCAAGUAGUGUGUGCCCGUCUGUUGUGUGACUCUGGAAAAAAAAAA	14057.8118	188.9626	188.9629	a44_74-	ladder
1	GGUCUCUCUGGUUAGACCAGAUCUGAGCCUGGGAGCUCUCUGGCUAACUAGGGAACCCACUGCUUAAGCCUCAAAAAAGCUUGCCUUGAGUGCUUCAAGUAGUGUGUGCCCGUCUGUUGUGUGACUCUGGAAAAAAAAAA	14461.8139	266.8036	266.8039	d45_54-	ladder
1	GGUCUCUCUGGUUAGACCAGAUCUGAGCCUGGGAGCUCUCUGGCUAACUAGGGAACCCACUGCUUAAGCCUCAAAAAAGCUUGCCUUGAGUGCUUCAAGUAGUGUGUGCCCGUCUGUUGUGUGACUCUGGAAAAAAAAAA	15101.9084	301.0304	301.0305	c47_50-	ladder
1	GGUCUCUCUGGUUAGACCAGAUCUGAGCCUGGGAGCUCUCUGGCUAACUAGGGAACCCACUGCUUAAGCCUCAAAAAAGCUUGCCUUGAGUGCUUCAAGUAGUGUGUGCCCGUCUGUUGUGUGACUCUGGAAAAAAAAAA	15101.9084	307.1944	307.1946	c47_49-	ladder
1	GGUCUCUCUGGUUAGACCAGAUCUGAGCCUGGGAGCUCUCUGGCUAACUAGGGAACCCACUGCUUAAGCCUCAAAAAAGCUUGCCUUGAGUGCUUCAAGUAGUGUGUGCCCGUCUGUUGUGUGACUCUGGAAAAAAAAAA	15730.9856	270.2161	270.2156	d49_58-	ladder
1	GGUCUCUCUGGUUAGACCAGAUCUGAGCCUGGGAGCUCUCUGGCUAACUAGGGAACCCACUGCUUAAGCCUCAAAAAAGCUUGCCUUGAGUGCUUCAAGUAGUGUGUGCCCGUCUGUUGUGUGACUCUGGAAAAAAAAAA	16060.0381	168.0452	168.0452	d50_95-	ladder
1	GGUCUCUCUGGUUAGACCAGAUCUGAGCCUGGGAGCUCUCUGGCUAACUAGGGAACCCACUGCUUAAGCCUCAAAAAAGCUUGCCUUGAGUGCUUCAAGUAGUGUGUGCCCGUCUGUUGUGUGACUCUGGAAAAAAAAAA	17077.1698	315.2361	315.2359	c53_54-	ladder
1	GGUCUCUCUGGUUAGACCAGAUCUGAGCCUGGGAGCUCUCUGGCUAACUAGGGAACCCACUGCUUAAGCCUCAAAAAAGCUUGCCUUGAGUGCUUCAAGUAGUGUGUGCCCGUCUGUUGUGUGACUCUGGAAAAAAAAAA	17753.2854	212.8872	212.8868	d55_83-	ladder
1	GGUCUCUCUGGUUAGACCAGAUCUGAGCCUGGGAGCUCUCUGGCUAACUAGGGAACCCACUGCUUAAGCCUCAAAAAAGCUUGCCUUGAGUGCUUCAAGUAGUGUGUGCCCGUCUGUUGUGUGACUCUGGAAAAAAAAAA	17978.3603	344.7299	344.7301	b56_52-	ladder
1	GGUCUCUCUGGUUAGACCAGAUCUGAGCCUGGGAGCUCUCUGGCUAACUAGGGAACCCACUGCUUAAGCCUCAAAAAAGCUUGCCUUGAGUGCUUCAAGUAGUGUGUGCCCGUCUGUUGUGUGACUCUGGAAAAAAAAAA	18899.4848	276.9258	276.9259	a59_68-	ladder
1	GGUCUCUCUGGUUAGACCAGAUCUGAGCCUGGGAGCUCUCUGGCUAACUAGGGAACCCACUGCUUAAGCCUCAAAAAAGCUUGCCUUGAGUGCUUCAAGUAGUGUGUGCCCGUCUGUUGUGUGACUCUGGAAAAAAAAAA	19302.503	215.8743	215.8742	d60_89-	ladder
1	GGUCUCUCUGGUUAGACCAGAUCUGAGCCUGGGAGCUCUCUGGCUAACUAGGGAACCCACUGCUUAAGCCUCAAAAAAGCUUGCCUUGAGUGCUUCAAGUAGUGUGUGCCCGUCUGUUGUGUGACUCUGGAAAAAAAAAA	19608.5283	241.0728	241.0731	d61_81-	ladder
1	GGUCUCUCUGGUUAGACCAGAUCUGAGCCUGGGAGCUCUCUGGCUAACUAGGGAACCCACUGCUUAAGCCUCAAAAAAGCUUGCCUUGAGUGCUUCAAGUAGUGUGUGCCCGUCUGUUGUGUGACUCUGGAAAAAAAAAA	19873.6094	450.6651	450.6647	b62_44-	ladder
1	GGUCUCUCUGGUUAGACCAGAUCUGAGCCUGGGAGCUCUCUGGCUAACUAGGGAACCCACUGCUUAAGCCUCAAAAAAGCUUGCCUUGAGUGCUUCAAGUAGUGUGUGCCCGUCUGUUGUGUGACUCUGGAAAAAAAAAA	19953.5758	337.1884	337.1878	d62_59-	ladder
1	GGUCUCUCUGGUUAGACCAGAUCUGAGCCUGGGAGCUCUCUGGCUAACUAGGGAACCCACUGCUUAAGCCUCAAAAAAGCUUGCCUUGAGUGCUUCAAGUAGUGUGUGCCCGUCUGUUGUGUGACUCUGGAAAAAAAAAA	20160.6401	275.1654	275.1652	a63_73-	ladder
1	GGUCUCUCUGGUUAGACCAGAUCUGAGCCUGGGAGCUCUCUGGCUAACUAGGGAACCCACUGCUUAAGCCUCAAAAAAGCUUGCCUUGAGUGCUUCAAGUAGUGUGUGCCCGUCUGUUGUGUGACUCUGGAAAAAAAAAA	20772.6907	154.0123	154.0121	a65_134-	ladder
1	GGUCUCUCUGGUUAGACCAGAUCUGAGCCUGGGAGCUCUCUGGCUAACUAGGGAACCCACUGCUUAAGCCUCAAAAAAGCUUGCCUUGAGUGCUUCAAGUAGUGUGUGCCCGUCUGUUGUGUGACUCUGGAAAAAAAAAA	21873.8201	606.5983	606.5994	d68_36-	ladder
1	GGUCUCUCUGGUUAGACCAGAUCUGAGCCUGGGAGCUCUCUGGCUAACUAGGGAACCCACUGCUUAAGCCUCAAAAAAGCUUGCCUUGAGUGCUUCAAGUAGUGUGUGCCCGUCUGUUGUGUGACUCUGGAAAAAAAAAA	22098.895	226.8159	226.8162	b69_97-	ladder
1	GGUCUCUCUGGUUAGACCAGAUCUGAGCCUGGGAGCUCUCUGGCUAACUAGGGAACCCACUGCUUAAGCCUCAAAAAAGCUUGCCUUGAGUGCUUCAAGUAGUGUGUGCCCGUCUGUUGUGUGACUCUGGAAAAAAAAAA	22465.8921	183.1389	183.1389	c70_122-	ladder
1	GGUCUCUCUGGUUAGACCAGAUCUGAGCCUGGGAGCUCUCUGGCUAACUAGGGAACCCACUGCUUAAGCCUCAAAAAAGCUUGCCUUGAGUGCUUCAAGUAGUGUGUGCCCGUCUGUUGUGUGACUCUGGAAAAAAAAAA	22465.8921	367.2855	367.2851	c70_61-	ladder
1	GGUCUCUCUGGUUAGACCAGAUCUGAGCCUGGGAGCUCUCUGGCUAACUAGGGAACCCACUGCUUAAGCCUCAAAAAAGCUUGCCUUGAGUGCUUCAAGUAGUGUGUGCCCGUCUGUUGUGUGACUCUGGAAAAAAAAAA	22709.9616	318.8508	318.8506	b71_71-	ladder
1	GGUCUCUCUGGUUAGACCAGAUCUGAGCCUGGGAGCUCUCUGGCUAACUAGGGAACCCACUGCUUAAGCCUCAAAAAAGCUUGCCUUGAGUGCUUCAAGUAGUGUGUGCCCGUCUGUUGUGUGACUCUGGAAAAAAAAAA	23344.0554	337.3118	337.3112	b73_69-	ladder
1	GGUCUCUCUGGUUAGACCAGAUCUGAGCCUGGGAGCUCUCUGGCUAACUAGGGAACCCACUGCUUAAGCCUCAAAAAAGCUUGCCUUGAGUGCUUCAAGUAGUGUGUGCCCGUCUGUUGUGUGACUCUGGAAAAAAAAAA	23424.0217	303.2003	303.1998	d73_77-	ladder
1	GGUCUCUCUGGUUAGACCAGAUCUGAGCCUGGGAGCUCUCUGGCUAACUAGGGAACCCACUGCUUAAGCCUCAAAAAAGCUUGCCUUGAGUGCUUCAAGUAGUGUGUGCCCGUCUGUUGUGUGACUCUGGAAAAAAAAAA	23735.0637	311.2957	311.2953	c74_76-	ladder
1	GGUCUCUCUGGUUAGACCAGAUCUGAGCCUGGGAGCUCUCUGGCUAACUAGGGAACCCACUGCUUAAGCCUCAAAAAAGCUUGCCUUGAGUGCUUCAAGUAGUGUGUGCCCGUCUGUUGUGUGACUCUGGAAAAAAAAAA	24178.1479	276.9019	276.9019	a-B76_87-	ladder
1	GGUCUCUCUGGUUAGACCAGAUCUGAGCCUGGGAGCUCUCUGGCUAACUAGGGAACCCACUGCUUAAGCCUCAAAAAAGCUUGCCUUGAGUGCUUCAAGUAGUGUGUGCCCGUCUGUUGUGUGACUCUGGAAAAAAAAAA	24642.2549	272.795	272.7951	a77_90-	ladder
1	GGUCUCUCUGGUUAGACCAGAUCUGAGCCUGGGAGCUCUCUGGCUAACUAGGGAACCCACUGCUUAAGCCUCAAAAAAGCUUGCCUUGAGUGCUUCAAGUAGUGUGUGCCCGUCUGUUGUGUGACUCUGGAAAAAAAAAA	24971.3074	323.2949	323.2953	a78_77-	ladder
1	GGUCUCUCUGGUUAGACCAGAUCUGAGCCUGGGAGCUCUCUGGCUAACUAGGGAACCCACUGCUUAAGCCUCAAAAAAGCUUGCCUUGAGUGCUUCAAGUAGUGUGUGCCCGUCUGUUGUGUGACUCUGGAAAAAAAAAA	25945.432	234.8598	234.8593	b81_110-	ladder
1	GGUCUCUCUGGUUAGACCAGAUCUGAGCCUGGGAGCUCUCUGGCUAACUAGGGAACCCACUGCUUAAGCCUCAAAAAAGCUUGCCUUGAGUGCUUCAAGUAGUGUGUGCCCGUCUGUUGUGUGACUCUGGAAAAAAAAAA	26025.3983	242.2202	242.2207	d81_107-	ladder
1	GGUCUCUCUGGUUAGACCAGAUCUGAGCCUGGGAGCUCUCUGGCUAACUAGGGAACCCACUGCUUAAGCCUCAAAAAAGCUUGCCUUGAGUGCUUCAAGUAGUGUGUGCCCGUCUGUUGUGUGACUCUGGAAAAAAAAAA	26233.4467	311.2951	311.2953	a82_84-	ladder
1	GGUCUCUCUGGUUAGACCAGAUCUGAGCCUGGGAGCUCUCUGGCUAACUAGGGAACCCACUGCUUAAGCCUCAAAAAAGCUUGCCUUGAGUGCUUCAAGUAGUGUGUGCCCGUCUGUUGUGUGACUCUGGAAAAAAAAAA	26676.4711	215.8741	215.8742	d83_123-	ladder
1	GGUCUCUCUGGUUAGACCAGAUCUGAGCCUGGGAGCUCUCUGGCUAACUAGGGAACCCACUGCUUAAGCCUCAAAAAAGCUUGCCUUGAGUGCUUCAAGUAGUGUGUGCCCGUCUGUUGUGUGACUCUGGAAAAAAAAAA	26772.4922	293.1954	293.1958	a-B84_91-	ladder
1	GGUCUCUCUGGUUAGACCAGAUCUGAGCCUGGGAGCUCUCUGGCUAACUAGGGAACCCACUGCUUAAGCCUCAAAAAAGCUUGCCUUGAGUGCUUCAAGUAGUGUGUGCCCGUCUGUUGUGUGACUCUGGAAAAAAAAAA	27286.5536	219.0451	219.0454	d85_124-	ladder
1	GGUCUCUCUGGUUAGACCAGAUCUGAGCCUGGGAGCUCUCUGGCUAACUAGGGAACCCACUGCUUAAGCCUCAAAAAAGCUUGCCUUGAGUGCUUCAAGUAGUGUGUGCCCGUCUGUUGUGUGACUCUGGAAAAAAAAAA	27382.5747	229.0979	229.0979	a-B86_119-	ladder
1	GGUCUCUCUGGUUAGACCAGAUCUGAGCCUGGGAGCUCUCUGGCUAACUAGGGAACCCACUGCUUAAGCCUCAAAAAAGCUUGCCUUGAGUGCUUCAAGUAGUGUGUGCCCGUCUGUUGUGUGACUCUGGAAAAAAAAAA	27382.5747	546.6437	546.6435	a-B86_50-	ladder
1	GGUCUCUCUGGUUAGACCAGAUCUGAGCCUGGGAGCUCUCUGGCUAACUAGGGAACCCACUGCUUAAGCCUCAAAAAAGCUUGCCUUGAGUGCUUCAAGUAGUGUGUGCCCGUCUGUUGUGUGACUCUGGAAAAAAAAAA	28145.6747	315.2357	315.2359	a88_89-	ladder
1	GGUCUCUCUGGUUAGACCAGAUCUGAGCCUGGGAGCUCUCUGGCUAACUAGGGAACCCACUGCUUAAGCCUCAAAAAAGCUUGCCUUGAGUGCUUCAAGUAGUGUGUGCCCGUCUGUUGUGUGACUCUGGAAAAAAAAAA	28339.6728	276.8321	276.8323	a-B89_102-	ladder
1	GGUCUCUCUGGUUAGACCAGAUCUGAGCCUGGGAGCUCUCUGGCUAACUAGGGAACCCACUGCUUAAGCCUCAAAAAAGCUUGCCUUGAGUGCUUCAAGUAGUGUGUGCCCGUCUGUUGUGUGACUCUGGAAAAAAAAAA	28899.741	303.2	303.1998	c90_95-	ladder
1	GGUCUCUCUGGUUAGACCAGAUCUGAGCCUGGGAGCUCUCUGGCUAACUAGGGAACCCACUGCUUAAGCCUCAAAAAAGCUUGCCUUGAGUGCUUCAAGUAGUGUGUGCCCGUCUGUUGUGUGACUCUGGAAAAAAAAAA	29793.8993	274.8616	274.8613	b93_108-	ladder
1	GGUCUCUCUGGUUAGACCAGAUCUGAGCCUGGGAGCUCUCUGGCUAACUAGGGAACCCACUGCUUAAGCCUCAAAAAAGCUUGCCUUGAGUGCUUCAAGUAGUGUGUGCCCGUCUGUUGUGUGACUCUGGAAAAAAAAAA	29873.8656	278.1872	278.1876	d93_107-	ladder
1	GGUCUCUCUGGUUAGACCAGAUCUGAGCCUGGGAGCUCUCUGGCUAACUAGGGAACCCACUGCUUAAGCCUCAAAAAAGCUUGCCUUGAGUGCUUCAAGUAGUGUGUGCCCGUCUGUUGUGUGACUCUGGAAAAAAAAAA	31351.0856	590.5221	590.5211	a98_53-	ladder
1	GGUCUCUCUGGUUAGACCAGAUCUGAGCCUGGGAGCUCUCUGGCUAACUAGGGAACCCACUGCUUAAGCCUCAAAAAAGCUUGCCUUGAGUGCUUCAAGUAGUGUGUGCCCGUCUGUUGUGUGACUCUGGAAAAAAAAAA	31449.0625	274.8612	274.8613	d98_114-	ladder
1	GGUCUCUCUGGUUAGACCAGAUCUGAGCCUGGGAGCUCUCUGGCUAACUAGGGAACCCACUGCUUAAGCCUCAAAAAAGCUUGCCUUGAGUGCUUCAAGUAGUGUGUGCCCGUCUGUUGUGUGACUCUGGAAAAAAAAAA	32020.1689	249.1498	249.1496	b100_128-	ladder
1	GGUCUCUCUGGUUAGACCAGAUCUGAGCCUGGGAGCUCUCUGGCUAACUAGGGAACCCACUGCUUAAGCCUCAAAAAAGCUUGCCUUGAGUGCUUCAAGUAGUGUGUGCCCGUCUGUUGUGUGACUCUGGAAAAAAAAAA	32020.1689	298.2461	298.2466	b100_107-	ladder
1	GGUCUCUCUGGUUAGACCAGAUCUGAGCCUGGGAGCUCUCUGGCUAACUAGGGAACCCACUGCUUAAGCCUCAAAAAAGCUUGCCUUGAGUGCUUCAAGUAGUGUGUGCCCGUCUGUUGUGUGACUCUGGAAAAAAAAAA	32525.2089	249.1861	249.186	a-B102_130-	ladder
1	GGUCUCUCUGGUUAGACCAGAUCUGAGCCUGGGAGCUCUCUGGCUAACUAGGGAACCCACUGCUUAAGCCUCAAAAAAGCUUGCCUUGAGUGCUUCAAGUAGUGUGUGCCCGUCUGUUGUGUGACUCUGGAAAAAAAAAA	32694.2688	343.1424	343.143	b102_95-	ladder
1	GGUCUCUCUGGUUAGACCAGAUCUGAGCCUGGGAGCUCUCUGGCUAACUAGGGAACCCACUGCUUAAGCCUCAAAAAAGCUUGCCUUGAGUGCUUCAAGUAGUGUGUGCCCGUCUGUUGUGUGACUCUGGAAAAAAAAAA	33080.2605	492.7274	492.7265	d103_67-	ladder
1	GGUCUCUCUGGUUAGACCAGAUCUGAGCCUGGGAGCUCUCUGGCUAACUAGGGAACCCACUGCUUAAGCCUCAAAAAAGCUUGCCUUGAGUGCUUCAAGUAGUGUGUGCCCGUCUGUUGUGUGACUCUGGAAAAAAAAAA	33521.329	258.8475	258.8477	a-B105_129-	ladder
1	GGUCUCUCUGGUUAGACCAGAUCUGAGCCUGGGAGCUCUCUGGCUAACUAGGGAACCCACUGCUUAAGCCUCAAAAAAGCUUGCCUUGAGUGCUUCAAGUAGUGUGUGCCCGUCUGUUGUGUGACUCUGGAAAAAAAAAA	33731.3332	332.9658	332.9657	d105_101-	ladder
1	GGUCUCUCUGGUUAGACCAGAUCUGAGCCUGGGAGCUCUCUGGCUAACUAGGGAACCCACUGCUUAAGCCUCAAAAAAGCUUGCCUUGAGUGCUUCAAGUAGUGUGUGCCCGUCUGUUGUGUGACUCUGGAAAAAAAAAA	34823.4745	258.8689	258.8687	a-B109_134-	ladder
1	GGUCUCUCUGGUUAGACCAGAUCUGAGCCUGGGAGCUCUCUGGCUAACUAGGGAACCCACUGCUUAAGCCUCAAAAAAGCUUGCCUUGAGUGCUUCAAGUAGUGUGUGCCCGUCUGUUGUGUGACUCUGGAAAAAAAAAA	35642.5772	288.7693	288.769	d111_123-	ladder
1	GGUCUCUCUGGUUAGACCAGAUCUGAGCCUGGGAGCUCUCUGGCUAACUAGGGAACCCACUGCUUAAGCCUCAAAAAAGCUUGCCUUGAGUGCUUCAAGUAGUGUGUGCCCGUCUGUUGUGUGACUCUGGAAAAAAAAAA	37151.787	284.7752	284.7747	a116_130-	ladder
1	GGUCUCUCUGGUUAGACCAGAUCUGAGCCUGGGAGCUCUCUGGCUAACUAGGGAACCCACUGCUUAAGCCUCAAAAAAGCUUGCCUUGAGUGCUUCAAGUAGUGUGUGCCCGUCUGUUGUGUGACUCUGGAAAAAAAAAA	37345.7851	312.8223	312.8225	a-B117_119-	ladder
1	GGUCUCUCUGGUUAGACCAGAUCUGAGCCUGGGAGCUCUCUGGCUAACUAGGGAACCCACUGCUUAAGCCUCAAAAAAGCUUGCCUUGAGUGCUUCAAGUAGUGUGUGCCCGUCUGUUGUGUGACUCUGGAAAAAAAAAA	37345.7851	368.7524	368.7518	a-B117_101-	ladder
1	GGUCUCUCUGGUUAGACCAGAUCUGAGCCUGGGAGCUCUCUGGCUAACUAGGGAACCCACUGCUUAAGCCUCAAAAAAGCUUGCCUUGAGUGCUUCAAGUAGUGUGUGCCCGUCUGUUGUGUGACUCUGGAAAAAAAAAA	37843.804	309.1873	309.1869	c118_122-	ladder
1	GGUCUCUCUGGUUAGACCAGAUCUGAGCCUGGGAGCUCUCUGGCUAACUAGGGAACCCACUGCUUAAGCCUCAAAAAAGCUUGCCUUGAGUGCUUCAAGUAGUGUGUGCCCGUCUGUUGUGUGACUCUGGAAAAAAAAAA	39429.0411	324.852	324.8514	b123_121-	ladder
1	GGUCUCUCUGGUUAGACCAGAUCUGAGCCUGGGAGCUCUCUGGCUAACUAGGGAACCCACUGCUUAAGCCUCAAAAAAGCUUGCCUUGAGUGCUUCAAGUAGUGUGUGCCCGUCUGUUGUGUGACUCUGGAAAAAAAAAA	39758.0936	307.1945	307.1946	b124_129-	ladder
1	GGUCUCUCUGGUUAGACCAGAUCUGAGCCUGGGAGCUCUCUGGCUAACUAGGGAACCCACUGCUUAAGCCUCAAAAAAGCUUGCCUUGAGUGCUUCAAGUAGUGUGUGCCCGUCUGUUGUGUGACUCUGGAAAAAAAAAA	39934.081	368.7522	368.7518	a-B125_108-	ladder
1	GGUCUCUCUGGUUAGACCAGAUCUGAGCCUGGGAGCUCUCUGGCUAACUAGGGAACCCACUGCUUAAGCCUCAAAAAAGCUUGCCUUGAGUGCUUCAAGUAGUGUGUGCCCGUCUGUUGUGUGACUCUGGAAAAAAAAAA	40143.1012	330.7534	330.7534	d125_121-	ladder
1	GGUCUCUCUGGUUAGACCAGAUCUGAGCCUGGGAGCUCUCUGGCUAACUAGGGAACCCACUGCUUAAGCCUCAAAAAAGCUUGCCUUGAGUGCUUCAAGUAGUGUGUGCCCGUCUGUUGUGUGACUCUGGAAAAAAAAAA	40431.1159	302.9856	302.9858	c126_133-	ladder
1	GGUCUCUCUGGUUAGACCAGAUCUGAGCCUGGGAGCUCUCUGGCUAACUAGGGAACCCACUGCUUAAGCCUCAAAAAAGCUUGCCUUGAGUGCUUCAAGUAGUGUGUGCCCGUCUGUUGUGUGACUCUGGAAAAAAAAAA	41156.2142	330.8972	330.8976	a-B129_124-	ladder
1	GGUCUCUCUGGUUAGACCAGAUCUGAGCCUGGGAGCUCUCUGGCUAACUAGGGAACCCACUGCUUAAGCCUCAAAAAAGCUUGCCUUGAGUGCUUCAAGUAGUGUGUGCCCGUCUGUUGUGUGACUCUGGAAAAAAAAAA	41307.2636	343.2194	343.2196	a129_120-	ladder
1	GGUCUCUCUGGUUAGACCAGAUCUGAGCCUGGGAGCUCUCUGGCUAACUAGGGAACCCACUGCUUAAGCCUCAAAAAAGCUUGCCUUGAGUGCUUCAAGUAGUGUGUGCCCGUCUGUUGUGUGACUCUGGAAAAAAAAAA	41846.3091	344.8295	344.8298	a-B131_121-	ladder
1	GGUCUCUCUGGUUAGACCAGAUCUGAGCCUGGGAGCUCUCUGGCUAACUAGGGAACCCACUGCUUAAGCCUCAAAAAAGCUUGCCUUGAGUGCUUCAAGUAGUGUGUGCCCGUCUGUUGUGUGACUCUGGAAAAAAAAAA	42504.4141	309.2434	309.2434	a-B133_137-	ladder
1	GGUCUCUCUGGUUAGACCAGAUCUGAGCCUGGGAGCUCUCUGGCUAACUAGGGAACCCACUGCUUAAGCCUCAAAAAAGCUUGCCUUGAGUGCUUCAAGUAGUGUGUGCCCGUCUGUUGUGUGACUCUGGAAAAAAAAAA	42657.4791	734.466	734.4668	b133_58-	ladder
1	GGUCUCUCUGGUUAGACCAGAUCUGAGCCUGGGAGCUCUCUGGCUAACUAGGGAACCCACUGCUUAAGCCUCAAAAAAGCUUGCCUUGAGUGCUUCAAGUAGUGUGUGCCCGUCUGUUGUGUGACUCUGGAAAAAAAAAA	43162.5191	352.7833	352.7828	a-B135_122-	ladder
1	GGUCUCUCUGGUUAGACCAGAUCUGAGCCUGGGAGCUCUCUGGCUAACUAGGGAACCCACUGCUUAAGCCUCAAAAAAGCUUGCCUUGAGUGCUUCAAGUAGUGUGUGCCCGUCUGUUGUGUGACUCUGGAAAAAAAAAA	43395.5505	325.2745	325.2746	d135_133-	ladder
1	GGUCUCUCUGGUUAGACCAGAUCUGAGCCUGGGAGCUCUCUGGCUAACUAGGGAACCCACUGCUUAAGCCUCAAAAAAGCUUGCCUUGAGUGCUUCAAGUAGUGUGUGCCCGUCUGUUGUGUGACUCUGGAAAAAAAAAA	43395.5505	460.647	460.6476	d135_94-	ladder
1	GGUCUCUCUGGUUAGACCAGAUCUGAGCCUGGGAGCUCUCUGGCUAACUAGGGAACCCACUGCUUAAGCCUCAAAAAAGCUUGCCUUGAGUGCUUCAAGUAGUGUGUGCCCGUCUGUUGUGUGACUCUGGAAAAAAAAAA	43820.6241	318.8508	318.8506	a-B137_137-	ladder
1	GGUCUCUCUGGUUAGACCAGAUCUGAGCCUGGGAGCUCUCUGGCUAACUAGGGAACCCACUGCUUAAGCCUCAAAAAAGCUUGCCUUGAGUGCUUCAAGUAGUGUGUGCCCGUCUGUUGUGUGACUCUGGAAAAAAAAAA	44364.6975	590.5215	590.5211	c138_75-	ladder
1	GGUCUCUCUGGUUAGACCAGAUCUGAGCCUGGGAGCUCUCUGGCUAACUAGGGAACCCACUGCUUAAGCCUCAAAAAAGCUUGCCUUGAGUGCUUCAAGUAGUGUGUGCCCGUCUGUUGUGUGACUCUGGAAAAAAAAAA	44677.7647	350.7856	350.7858	x139_127-	ladder
1	GGUCUCUCUGGUUAGACCAGAUCUGAGCCUGGGAGCUCUCUGGCUAACUAGGGAACCCACUGCUUAAGCCUCAAAAAAGCUUGCCUUGAGUGCUUCAAGUAGUGUGUGCCCGUCUGUUGUGUGACUCUGGAAAAAAAAAA	44615.8089	494.7234	494.7235	y139_90-	ladder
1	GGUCUCUCUGGUUAGACCAGAUCUGAGCCUGGGAGCUCUCUGGCUAACUAGGGAACCCACUGCUUAAGCCUCAAAAAAGCUUGCCUUGAGUGCUUCAAGUAGUGUGUGCCCGUCUGUUGUGUGACUCUGGAAAAAAAAAA	44615.8089	718.602	718.6019	y139_62-	ladder
1	GGUCUCUCUGGUUAGACCAGAUCUGAGCCUGGGAGCUCUCUGGCUAACUAGGGAACCCACUGCUUAAGCCUCAAAAAAGCUUGCCUUGAGUGCUUCAAGUAGUGUGUGCCCGUCUGUUGUGUGACUCUGGAAAAAAAAAA	44270.7614	412.7376	412.7384	y138_107-	ladder
1	GGUCUCUCUGGUUAGACCAGAUCUGAGCCUGGGAGCUCUCUGGCUAACUAGGGAACCCACUGCUUAAGCCUCAAAAAAGCUUGCCUUGAGUGCUUCAAGUAGUGUGUGCCCGUCUGUUGUGUGACUCUGGAAAAAAAAAA	44252.7508	490.6894	490.6896	z138_90-	ladder
1	GGUCUCUCUGGUUAGACCAGAUCUGAGCCUGGGAGCUCUCUGGCUAACUAGGGAACCCACUGCUUAAGCCUCAAAAAAGCUUGCCUUGAGUGCUUCAAGUAGUGUGUGCCCGUCUGUUGUGUGACUCUGGAAAAAAAAAA	43964.736	466.7022	466.7029	y137_94-	ladder
1	GGUCUCUCUGGUUAGACCAGAUCUGAGCCUGGGAGCUCUCUGGCUAACUAGGGAACCCACUGCUUAAGCCUCAAAAAAGCUUGCCUUGAGUGCUUCAAGUAGUGUGUGCCCGUCUGUUGUGUGACUCUGGAAAAAAAAAA	43641.6841	315.2363	315.2359	z136_138-	ladder
1	GGUCUCUCUGGUUAGACCAGAUCUGAGCCUGGGAGCUCUCUGGCUAACUAGGGAACCCACUGCUUAAGCCUCAAAAAAGCUUGCCUUGAGUGCUUCAAGUAGUGUGUGCCCGUCUGUUGUGUGACUCUGGAAAAAAAAAA	43128.5943	320.8474	320.8477	w134_134-	ladder
1	GGUCUCUCUGGUUAGACCAGAUCUGAGCCUGGGAGCUCUCUGGCUAACUAGGGAACCCACUGCUUAAGCCUCAAAAAAGCUUGCCUUGAGUGCUUCAAGUAGUGUGUGCCCGUCUGUUGUGUGACUCUGGAAAAAAAAAA	43128.5943	494.7232	494.7235	w134_87-	ladder
1	GGUCUCUCUGGUUAGACCAGAUCUGAGCCUGGGAGCUCUCUGGCUAACUAGGGAACCCACUGCUUAAGCCUCAAAAAAGCUUGCCUUGAGUGCUUCAAGUAGUGUGUGCCCGUCUGUUGUGUGACUCUGGAAAAAAAAAA	42113.5253	488.6844	488.6849	z131_86-	ladder
1	GGUCUCUCUGGUUAGACCAGAUCUGAGCCUGGGAGCUCUCUGGCUAACUAGGGAACCCACUGCUUAAGCCUCAAAAAAGCUUGCCUUGAGUGCUUCAAGUAGUGUGUGCCCGUCUGUUGUGUGACUCUGGAAAAAAAAAA	41866.4547	503.4073	503.408	w130_83-	ladder
1	GGUCUCUCUGGUUAGACCAGAUCUGAGCCUGGGAGCUCUCUGGCUAACUAGGGAACCCACUGCUUAAGCCUCAAAAAAGCUUGCCUUGAGUGCUUCAAGUAGUGUGUGCCCGUCUGUUGUGUGACUCUGGAAAAAAAAAA	40482.327	492.6791	492.679	z126_82-	ladder
1	GGUCUCUCUGGUUAGACCAGAUCUGAGCCUGGGAGCUCUCUGGCUAACUAGGGAACCCACUGCUUAAGCCUCAAAAAAGCUUGCCUUGAGUGCUUCAAGUAGUGUGUGCCCGUCUGUUGUGUGACUCUGGAAAAAAAAAA	39216.1548	434.7273	434.7279	y122_90-	ladder
1	GGUCUCUCUGGUUAGACCAGAUCUGAGCCUGGGAGCUCUCUGGCUAACUAGGGAACCCACUGCUUAAGCCUCAAAAAAGCUUGCCUUGAGUGCUUCAAGUAGUGUGUGCCCGUCUGUUGUGUGACUCUGGAAAAAAAAAA	38524.0441	436.7654	436.7649	z120_88-	ladder
1	GGUCUCUCUGGUUAGACCAGAUCUGAGCCUGGGAGCUCUCUGGCUAACUAGGGAACCCACUGCUUAAGCCUCAAAAAAGCUUGCCUUGAGUGCUUCAAGUAGUGUGUGCCCGUCUGUUGUGUGACUCUGGAAAAAAAAAA	37986.9431	286.7721	286.7719	w118_132-	ladder
1	GGUCUCUCUGGUUAGACCAGAUCUGAGCCUGGGAGCUCUCUGGCUAACUAGGGAACCCACUGCUUAAGCCUCAAAAAAGCUUGCCUUGAGUGCUUCAAGUAGUGUGUGCCCGUCUGUUGUGUGACUCUGGAAAAAAAAAA	37986.9431	291.1995	291.2	w118_130-	ladder
1	GGUCUCUCUGGUUAGACCAGAUCUGAGCCUGGGAGCUCUCUGGCUAACUAGGGAACCCACUGCUUAAGCCUCAAAAAAGCUUGCCUUGAGUGCUUCAAGUAGUGUGUGCCCGUCUGUUGUGUGACUCUGGAAAAAAAAAA	37601.9354	834.5908	834.59	y117_45-	ladder
1	GGUCUCUCUGGUUAGACCAGAUCUGAGCCUGGGAGCUCUCUGGCUAACUAGGGAACCCACUGCUUAAGCCUCAAAAAAGCUUGCCUUGAGUGCUUCAAGUAGUGUGUGCCCGUCUGUUGUGUGACUCUGGAAAAAAAAAA	37357.8658	365.2458	365.2461	x116_102-	ladder
1	GGUCUCUCUGGUUAGACCAGAUCUGAGCCUGGGAGCUCUCUGGCUAACUAGGGAACCCACUGCUUAAGCCUCAAAAAAGCUUGCCUUGAGUGCUUCAAGUAGUGUGUGCCCGUCUGUUGUGUGACUCUGGAAAAAAAAAA	36603.7994	328.7562	328.7564	z114_111-	ladder
1	GGUCUCUCUGGUUAGACCAGAUCUGAGCCUGGGAGCUCUCUGGCUAACUAGGGAACCCACUGCUUAAGCCUCAAAAAAGCUUGCCUUGAGUGCUUCAAGUAGUGUGUGCCCGUCUGUUGUGUGACUCUGGAAAAAAAAAA	36276.7624	548.6401	548.6406	y113_66-	ladder
1	GGUCUCUCUGGUUAGACCAGAUCUGAGCCUGGGAGCUCUCUGGCUAACUAGGGAACCCACUGCUUAAGCCUCAAAAAAGCUUGCCUUGAGUGCUUCAAGUAGUGUGUGCCCGUCUGUUGUGUGACUCUGGAAAAAAAAAA	34732.5151	268.2365	268.2363	x108_129-	ladder
1	GGUCUCUCUGGUUAGACCAGAUCUGAGCCUGGGAGCUCUCUGGCUAACUAGGGAACCCACUGCUUAAGCCUCAAAAAAGCUUGCCUUGAGUGCUUCAAGUAGUGUGUGCCCGUCUGUUGUGUGACUCUGGAAAAAAAAAA	33731.3781	332.9662	332.9657	w105_101-	ladder
1	GGUCUCUCUGGUUAGACCAGAUCUGAGCCUGGGAGCUCUCUGGCUAACUAGGGAACCCACUGCUUAAGCCUCAAAAAAGCUUGCCUUGAGUGCUUCAAGUAGUGUGUGCCCGUCUGUUGUGUGACUCUGGAAAAAAAAAA	33102.3008	458.7464	458.7469	x103_72-	ladder
1	GGUCUCUCUGGUUAGACCAGAUCUGAGCCUGGGAGCUCUCUGGCUAACUAGGGAACCCACUGCUUAAGCCUCAAAAAAGCUUGCCUUGAGUGCUUCAAGUAGUGUGUGCCCGUCUGUUGUGUGACUCUGGAAAAAAAAAA	32815.27	302.8373	302.8372	w102_108-	ladder
1	GGUCUCUCUGGUUAGACCAGAUCUGAGCCUGGGAGCUCUCUGGCUAACUAGGGAACCCACUGCUUAAGCCUCAAAAAAGCUUGCCUUGAGUGCUUCAAGUAGUGUGUGCCCGUCUGUUGUGUGACUCUGGAAAAAAAAAA	32491.2341	252.83	252.8303	x101_128-	ladder
1	GGUCUCUCUGGUUAGACCAGAUCUGAGCCUGGGAGCUCUCUGGCUAACUAGGGAACCCACUGCUUAAGCCUCAAAAAAGCUUGCCUUGAGUGCUUCAAGUAGUGUGUGCCCGUCUGUUGUGUGACUCUGGAAAAAAAAAA	32491.2341	279.089	279.0893	x101_116-	ladder
1	GGUCUCUCUGGUUAGACCAGAUCUGAGCCUGGGAGCUCUCUGGCUAACUAGGGAACCCACUGCUUAAGCCUCAAAAAAGCUUGCCUUGAGUGCUUCAAGUAGUGUGUGCCCGUCUGUUGUGUGACUCUGGAAAAAAAAAA	32429.2783	548.641	548.6406	y101_59-	ladder
1	GGUCUCUCUGGUUAGACCAGAUCUGAGCCUGGGAGCUCUCUGGCUAACUAGGGAACCCACUGCUUAAGCCUCAAAAAAGCUUGCCUUGAGUGCUUCAAGUAGUGUGUGCCCGUCUGUUGUGUGACUCUGGAAAAAAAAAA	31818.2116	520.6022	520.6031	y99_61-	ladder
1	GGUCUCUCUGGUUAGACCAGAUCUGAGCCUGGGAGCUCUCUGGCUAACUAGGGAACCCACUGCUUAAGCCUCAAAAAAGCUUGCCUUGAGUGCUUCAAGUAGUGUGUGCCCGUCUGUUGUGUGACUCUGGAAAAAAAAAA	31208.083	237.2218	237.2223	w97_131-	ladder
1	GGUCUCUCUGGUUAGACCAGAUCUGAGCCUGGGAGCUCUCUGGCUAACUAGGGAACCCACUGCUUAAGCCUCAAAAAAGCUUGCCUUGAGUGCUUCAAGUAGUGUGUGCCCGUCUGUUGUGUGACUCUGGAAAAAAAAAA	29229.8675	282.7773	282.7777	z91_103-	ladder
1	GGUCUCUCUGGUUAGACCAGAUCUGAGCCUGGGAGCUCUCUGGCUAACUAGGGAACCCACUGCUUAAGCCUCAAAAAAGCUUGCCUUGAGUGCUUCAAGUAGUGUGUGCCCGUCUGUUGUGUGACUCUGGAAAAAAAAAA	28653.7443	277.1839	277.1842	w89_103-	ladder
1	GGUCUCUCUGGUUAGACCAGAUCUGAGCCUGGGAGCUCUCUGGCUAACUAGGGAACCCACUGCUUAAGCCUCAAAAAAGCUUGCCUUGAGUGCUUCAAGUAGUGUGUGCCCGUCUGUUGUGUGACUCUGGAAAAAAAAAA	28308.6968	271.1912	271.1916	w88_104-	ladder
1	GGUCUCUCUGGUUAGACCAGAUCUGAGCCUGGGAGCUCUCUGGCUAACUAGGGAACCCACUGCUUAAGCCUCAAAAAAGCUUGCCUUGAGUGCUUCAAGUAGUGUGUGCCCGUCUGUUGUGUGACUCUGGAAAAAAAAAA	28308.6968	290.8344	290.835	w88_97-	ladder
1	GGUCUCUCUGGUUAGACCAGAUCUGAGCCUGGGAGCUCUCUGGCUAACUAGGGAACCCACUGCUUAAGCCUCAAAAAAGCUUGCCUUGAGUGCUUCAAGUAGUGUGUGCCCGUCUGUUGUGUGACUCUGGAAAAAAAAAA	28290.6862	335.7861	335.7855	x88_84-	ladder
1	GGUCUCUCUGGUUAGACCAGAUCUGAGCCUGGGAGCUCUCUGGCUAACUAGGGAACCCACUGCUUAAGCCUCAAAAAAGCUUGCCUUGAGUGCUUCAAGUAGUGUGUGCCCGUCUGUUGUGUGACUCUGGAAAAAAAAAA	27225.5778	323.1062	323.1062	y85_84-	ladder
1	GGUCUCUCUGGUUAGACCAGAUCUGAGCCUGGGAGCUCUCUGGCUAACUAGGGAACCCACUGCUUAAGCCUCAAAAAAGCUUGCCUUGAGUGCUUCAAGUAGUGUGUGCCCGUCUGUUGUGUGACUCUGGAAAAAAAAAA	26982.4922	251.165	251.1653	x84_107-	ladder
1	GGUCUCUCUGGUUAGACCAGAUCUGAGCCUGGGAGCUCUCUGGCUAACUAGGGAACCCACUGCUUAAGCCUCAAAAAAGCUUGCCUUGAGUGCUUCAAGUAGUGUGUGCCCGUCUGUUGUGUGACUCUGGAAAAAAAAAA	26902.5259	285.1893	285.1893	z84_94-	ladder
1	GGUCUCUCUGGUUAGACCAGAUCUGAGCCUGGGAGCUCUCUGGCUAACUAGGGAACCCACUGCUUAAGCCUCAAAAAAGCUUGCCUUGAGUGCUUCAAGUAGUGUGUGCCCGUCUGUUGUGUGACUCUGGAAAAAAAAAA	26390.4201	262.8964	262.8966	w82_100-	ladder
1	GGUCUCUCUGGUUAGACCAGAUCUGAGCCUGGGAGCUCUCUGGCUAACUAGGGAACCCACUGCUUAAGCCUCAAAAAAGCUUGCCUUGAGUGCUUCAAGUAGUGUGUGCCCGUCUGUUGUGUGACUCUGGAAAAAAAAAA	26061.3675	316.8138	316.8138	w81_82-	ladder
1	GGUCUCUCUGGUUAGACCAGAUCUGAGCCUGGGAGCUCUCUGGCUAACUAGGGAACCCACUGCUUAAGCCUCAAAAAAGCUUGCCUUGAGUGCUUCAAGUAGUGUGUGCCCGUCUGUUGUGUGACUCUGGAAAAAAAAAA	25007.2764	293.1955	293.1958	z78_85-	ladder
1	GGUCUCUCUGGUUAGACCAGAUCUGAGCCUGGGAGCUCUCUGGCUAACUAGGGAACCCACUGCUUAAGCCUCAAAAAAGCUUGCCUUGAGUGCUUCAAGUAGUGUGUGCCCGUCUGUUGUGUGACUCUGGAAAAAAAAAA	24720.2456	796.4195	796.4194	y77_31-	ladder
1	GGUCUCUCUGGUUAGACCAGAUCUGAGCCUGGGAGCUCUCUGGCUAACUAGGGAACCCACUGCUUAAGCCUCAAAAAAGCUUGCCUUGAGUGCUUCAAGUAGUGUGUGCCCGUCUGUUGUGUGACUCUGGAAAAAAAAAA	24108.1948	261.0378	261.038	y75_92-	ladder
1	GGUCUCUCUGGUUAGACCAGAUCUGAGCCUGGGAGCUCUCUGGCUAACUAGGGAACCCACUGCUUAAGCCUCAAAAAAGCUUGCCUUGAGUGCUUCAAGUAGUGUGUGCCCGUCUGUUGUGUGACUCUGGAAAAAAAAAA	24090.1843	235.1705	235.1705	z75_102-	ladder
1	GGUCUCUCUGGUUAGACCAGAUCUGAGCCUGGGAGCUCUCUGGCUAACUAGGGAACCCACUGCUUAAGCCUCAAAAAAGCUUGCCUUGAGUGCUUCAAGUAGUGUGUGCCCGUCUGUUGUGUGACUCUGGAAAAAAAAAA	23761.1317	285.2709	285.2708	z74_83-	ladder
1	GGUCUCUCUGGUUAGACCAGAUCUGAGCCUGGGAGCUCUCUGGCUAACUAGGGAACCCACUGCUUAAGCCUCAAAAAAGCUUGCCUUGAGUGCUUCAAGUAGUGUGUGCCCGUCUGUUGUGUGACUCUGGAAAAAAAAAA	22556.9152	195.1393	195.139	x70_115-	ladder
1	GGUCUCUCUGGUUAGACCAGAUCUGAGCCUGGGAGCUCUCUGGCUAACUAGGGAACCCACUGCUUAAGCCUCAAAAAAGCUUGCCUUGAGUGCUUCAAGUAGUGUGUGCCCGUCUGUUGUGUGACUCUGGAAAAAAAAAA	22476.9489	167.9918	167.992	z70_133-	ladder
1	GGUCUCUCUGGUUAGACCAGAUCUGAGCCUGGGAGCUCUCUGGCUAACUAGGGAACCCACUGCUUAAGCCUCAAAAAAGCUUGCCUUGAGUGCUUCAAGUAGUGUGUGCCCGUCUGUUGUGUGACUCUGGAAAAAAAAAA	22170.9235	311.2587	311.2592	z69_71-	ladder
1	GGUCUCUCUGGUUAGACCAGAUCUGAGCCUGGGAGCUCUCUGGCUAACUAGGGAACCCACUGCUUAAGCCUCAAAAAAGCUUGCCUUGAGUGCUUCAAGUAGUGUGUGCCCGUCUGUUGUGUGACUCUGGAAAAAAAAAA	21883.8928	176.91	176.9101	y68_123-	ladder
1	GGUCUCUCUGGUUAGACCAGAUCUGAGCCUGGGAGCUCUCUGGCUAACUAGGGAACCCACUGCUUAAGCCUCAAAAAAGCUUGCCUUGAGUGCUUCAAGUAGUGUGUGCCCGUCUGUUGUGUGACUCUGGAAAAAAAAAA	21536.8296	176.9825	176.9826	z67_121-	ladder
1	GGUCUCUCUGGUUAGACCAGAUCUGAGCCUGGGAGCUCUCUGGCUAACUAGGGAACCCACUGCUUAAGCCUCAAAAAAGCUUGCCUUGAGUGCUUCAAGUAGUGUGUGCCCGUCUGUUGUGUGACUCUGGAAAAAAAAAA	21305.7539	286.9078	286.9081	w66_74-	ladder
1	GGUCUCUCUGGUUAGACCAGAUCUGAGCCUGGGAGCUCUCUGGCUAACUAGGGAACCCACUGCUUAAGCCUCAAAAAAGCUUGCCUUGAGUGCUUCAAGUAGUGUGUGCCCGUCUGUUGUGUGACUCUGGAAAAAAAAAA	18647.4377	502.977	502.976	y58_37-	ladder
1	GGUCUCUCUGGUUAGACCAGAUCUGAGCCUGGGAGCUCUCUGGCUAACUAGGGAACCCACUGCUUAAGCCUCAAAAAAGCUUGCCUUGAGUGCUUCAAGUAGUGUGUGCCCGUCUGUUGUGUGACUCUGGAAAAAAAAAA	18629.4271	272.9544	272.9547	z58_68-	ladder
1	GGUCUCUCUGGUUAGACCAGAUCUGAGCCUGGGAGCUCUCUGGCUAACUAGGGAACCCACUGCUUAAGCCUCAAAAAAGCUUGCCUUGAGUGCUUCAAGUAGUGUGUGCCCGUCUGUUGUGUGACUCUGGAAAAAAAAAA	18077.3151	257.2396	257.2396	w56_70-	ladder
1	GGUCUCUCUGGUUAGACCAGAUCUGAGCCUGGGAGCUCUCUGGCUAACUAGGGAACCCACUGCUUAAGCCUCAAAAAAGCUUGCCUUGAGUGCUUCAAGUAGUGUGUGCCCGUCUGUUGUGUGACUCUGGAAAAAAAAAA	17062.2462	156.976	156.9761	z53_108-	ladder
1	GGUCUCUCUGGUUAGACCAGAUCUGAGCCUGGGAGCUCUCUGGCUAACUAGGGAACCCACUGCUUAAGCCUCAAAAAAGCUUGCCUUGAGUGCUUCAAGUAGUGUGUGCCCGUCUGUUGUGUGACUCUGGAAAAAAAAAA	16406.1566	192.0058	192.0057	y51_85-	ladder
1	GGUCUCUCUGGUUAGACCAGAUCUGAGCCUGGGAGCUCUCUGGCUAACUAGGGAACCCACUGCUUAAGCCUCAAAAAAGCUUGCCUUGAGUGCUUCAAGUAGUGUGUGCCCGUCUGUUGUGUGACUCUGGAAAAAAAAAA	16123.0649	216.8715	216.8713	x50_74-	ladder
1	GGUCUCUCUGGUUAGACCAGAUCUGAGCCUGGGAGCUCUCUGGCUAACUAGGGAACCCACUGCUUAAGCCUCAAAAAAGCUUGCCUUGAGUGCUUCAAGUAGUGUGUGCCCGUCUGUUGUGUGACUCUGGAAAAAAAAAA	15184.9613	308.8894	308.8899	w47_49-	ladder
1	GGUCUCUCUGGUUAGACCAGAUCUGAGCCUGGGAGCUCUCUGGCUAACUAGGGAACCCACUGCUUAAGCCUCAAAAAAGCUUGCCUUGAGUGCUUCAAGUAGUGUGUGCCCGUCUGUUGUGUGACUCUGGAAAAAAAAAA	15166.9507	190.9789	190.9787	x47_79-	ladder
1	GGUCUCUCUGGUUAGACCAGAUCUGAGCCUGGGAGCUCUCUGGCUAACUAGGGAACCCACUGCUUAAGCCUCAAAAAAGCUUGCCUUGAGUGCUUCAAGUAGUGUGUGCCCGUCUGUUGUGUGACUCUGGAAAAAAAAAA	12284.5911	278.1875	278.1876	w38_44-	ladder
1	GGUCUCUCUGGUUAGACCAGAUCUGAGCCUGGGAGCUCUCUGGCUAACUAGGGAACCCACUGCUUAAGCCUCAAAAAAGCUUGCCUUGAGUGCUUCAAGUAGUGUGUGCCCGUCUGUUGUGUGACUCUGGAAAAAAAAAA	11633.5182	192.8842	192.884	w36_60-	ladder
1	GGUCUCUCUGGUUAGACCAGAUCUGAGCCUGGGAGCUCUCUGGCUAACUAGGGAACCCACUGCUUAAGCCUCAAAAAAGCUUGCCUUGAGUGCUUCAAGUAGUGUGUGCCCGUCUGUUGUGUGACUCUGGAAAAAAAAAA	10902.479	186.966	186.9659	y34_58-	ladder
1	GGUCUCUCUGGUUAGACCAGAUCUGAGCCUGGGAGCUCUCUGGCUAACUAGGGAACCCACUGCUUAAGCCUCAAAAAAGCUUGCCUUGAGUGCUUCAAGUAGUGUGUGCCCGUCUGUUGUGUGACUCUGGAAAAAAAAAA	9071.2009	334.9626	334.9626	w28_27-	ladder
1	GGUCUCUCUGGUUAGACCAGAUCUGAGCCUGGGAGCUCUCUGGCUAACUAGGGAACCCACUGCUUAAGCCUCAAAAAAGCUUGCCUUGAGUGCUUCAAGUAGUGUGUGCCCGUCUGUUGUGUGACUCUGGAAAAAAAAAA	8685.2092	279.1602	279.1601	y27_31-	ladder
1	GGUCUCUCUGGUUAGACCAGAUCUGAGCCUGGGAGCUCUCUGGCUAACUAGGGAACCCACUGCUUAAGCCUCAAAAAAGCUUGCCUUGAGUGCUUCAAGUAGUGUGUGCCCGUCUGUUGUGUGACUCUGGAAAAAAAAAA	8362.1573	176.9104	176.9101	z26_47-	ladder
1	GGUCUCUCUGGUUAGACCAGAUCUGAGCCUGGGAGCUCUCUGGCUAACUAGGGAACCCACUGCUUAAGCCUCAAAAAAGCUUGCCUUGAGUGCUUCAAGUAGUGUGUGCCCGUCUGUUGUGUGACUCUGGAAAAAAAAAA	5531.8068	344.7301	344.7301	x17_16-	ladder
